Archive member included to satisfy reference by file (symbol)

c:/program files (x86)/atollic/truestudio for stm32 9.3.0/armtools/bin/../lib/gcc/arm-atollic-eabi/6.3.1/../../../../arm-atollic-eabi/lib/armv7-m\libstdc++.a(si_class_type_info.o)
                              Src\main.o (vtable for __cxxabiv1::__si_class_type_info)
c:/program files (x86)/atollic/truestudio for stm32 9.3.0/armtools/bin/../lib/gcc/arm-atollic-eabi/6.3.1/../../../../arm-atollic-eabi/lib/armv7-m\libstdc++.a(del_ops.o)
                              c:/program files (x86)/atollic/truestudio for stm32 9.3.0/armtools/bin/../lib/gcc/arm-atollic-eabi/6.3.1/../../../../arm-atollic-eabi/lib/armv7-m\libstdc++.a(si_class_type_info.o) (operator delete(void*, unsigned int))
c:/program files (x86)/atollic/truestudio for stm32 9.3.0/armtools/bin/../lib/gcc/arm-atollic-eabi/6.3.1/../../../../arm-atollic-eabi/lib/armv7-m\libstdc++.a(class_type_info.o)
                              c:/program files (x86)/atollic/truestudio for stm32 9.3.0/armtools/bin/../lib/gcc/arm-atollic-eabi/6.3.1/../../../../arm-atollic-eabi/lib/armv7-m\libstdc++.a(si_class_type_info.o) (__cxxabiv1::__class_type_info::__do_upcast(__cxxabiv1::__class_type_info const*, void**) const)
c:/program files (x86)/atollic/truestudio for stm32 9.3.0/armtools/bin/../lib/gcc/arm-atollic-eabi/6.3.1/../../../../arm-atollic-eabi/lib/armv7-m\libstdc++.a(tinfo.o)
                              c:/program files (x86)/atollic/truestudio for stm32 9.3.0/armtools/bin/../lib/gcc/arm-atollic-eabi/6.3.1/../../../../arm-atollic-eabi/lib/armv7-m\libstdc++.a(class_type_info.o) (std::type_info::~type_info())
c:/program files (x86)/atollic/truestudio for stm32 9.3.0/armtools/bin/../lib/gcc/arm-atollic-eabi/6.3.1/../../../../arm-atollic-eabi/lib/armv7-m\libstdc++.a(del_op.o)
                              c:/program files (x86)/atollic/truestudio for stm32 9.3.0/armtools/bin/../lib/gcc/arm-atollic-eabi/6.3.1/../../../../arm-atollic-eabi/lib/armv7-m\libstdc++.a(del_ops.o) (operator delete(void*))
c:/program files (x86)/atollic/truestudio for stm32 9.3.0/armtools/bin/../lib/gcc/arm-atollic-eabi/6.3.1/../../../../arm-atollic-eabi/lib/armv7-m\libm.a(lib_a-s_cos.o)
                              Src\main.o (cos)
c:/program files (x86)/atollic/truestudio for stm32 9.3.0/armtools/bin/../lib/gcc/arm-atollic-eabi/6.3.1/../../../../arm-atollic-eabi/lib/armv7-m\libm.a(lib_a-s_sin.o)
                              Src\main.o (sin)
c:/program files (x86)/atollic/truestudio for stm32 9.3.0/armtools/bin/../lib/gcc/arm-atollic-eabi/6.3.1/../../../../arm-atollic-eabi/lib/armv7-m\libm.a(lib_a-e_rem_pio2.o)
                              c:/program files (x86)/atollic/truestudio for stm32 9.3.0/armtools/bin/../lib/gcc/arm-atollic-eabi/6.3.1/../../../../arm-atollic-eabi/lib/armv7-m\libm.a(lib_a-s_cos.o) (__ieee754_rem_pio2)
c:/program files (x86)/atollic/truestudio for stm32 9.3.0/armtools/bin/../lib/gcc/arm-atollic-eabi/6.3.1/../../../../arm-atollic-eabi/lib/armv7-m\libm.a(lib_a-k_cos.o)
                              c:/program files (x86)/atollic/truestudio for stm32 9.3.0/armtools/bin/../lib/gcc/arm-atollic-eabi/6.3.1/../../../../arm-atollic-eabi/lib/armv7-m\libm.a(lib_a-s_cos.o) (__kernel_cos)
c:/program files (x86)/atollic/truestudio for stm32 9.3.0/armtools/bin/../lib/gcc/arm-atollic-eabi/6.3.1/../../../../arm-atollic-eabi/lib/armv7-m\libm.a(lib_a-k_rem_pio2.o)
                              c:/program files (x86)/atollic/truestudio for stm32 9.3.0/armtools/bin/../lib/gcc/arm-atollic-eabi/6.3.1/../../../../arm-atollic-eabi/lib/armv7-m\libm.a(lib_a-e_rem_pio2.o) (__kernel_rem_pio2)
c:/program files (x86)/atollic/truestudio for stm32 9.3.0/armtools/bin/../lib/gcc/arm-atollic-eabi/6.3.1/../../../../arm-atollic-eabi/lib/armv7-m\libm.a(lib_a-k_sin.o)
                              c:/program files (x86)/atollic/truestudio for stm32 9.3.0/armtools/bin/../lib/gcc/arm-atollic-eabi/6.3.1/../../../../arm-atollic-eabi/lib/armv7-m\libm.a(lib_a-s_cos.o) (__kernel_sin)
c:/program files (x86)/atollic/truestudio for stm32 9.3.0/armtools/bin/../lib/gcc/arm-atollic-eabi/6.3.1/../../../../arm-atollic-eabi/lib/armv7-m\libm.a(lib_a-s_fabs.o)
                              c:/program files (x86)/atollic/truestudio for stm32 9.3.0/armtools/bin/../lib/gcc/arm-atollic-eabi/6.3.1/../../../../arm-atollic-eabi/lib/armv7-m\libm.a(lib_a-e_rem_pio2.o) (fabs)
c:/program files (x86)/atollic/truestudio for stm32 9.3.0/armtools/bin/../lib/gcc/arm-atollic-eabi/6.3.1/../../../../arm-atollic-eabi/lib/armv7-m\libm.a(lib_a-s_floor.o)
                              c:/program files (x86)/atollic/truestudio for stm32 9.3.0/armtools/bin/../lib/gcc/arm-atollic-eabi/6.3.1/../../../../arm-atollic-eabi/lib/armv7-m\libm.a(lib_a-k_rem_pio2.o) (floor)
c:/program files (x86)/atollic/truestudio for stm32 9.3.0/armtools/bin/../lib/gcc/arm-atollic-eabi/6.3.1/../../../../arm-atollic-eabi/lib/armv7-m\libm.a(lib_a-s_scalbn.o)
[...]
Memory Configuration

Name             Origin             Length             Attributes
RAM              0x20000000         0x00005000         xrw
FLASH            0x08000000         0x00010000         xr
*default*        0x00000000         0xffffffff

Linker script and memory map

LOAD c:/program files (x86)/atollic/truestudio for stm32 9.3.0/armtools/bin/../lib/gcc/arm-atollic-eabi/6.3.1/armv7-m/crti.o
LOAD c:/program files (x86)/atollic/truestudio for stm32 9.3.0/armtools/bin/../lib/gcc/arm-atollic-eabi/6.3.1/armv7-m/crtbegin.o
LOAD Drivers\STM32F1xx_HAL_Driver\Src\stm32f1xx_hal.o
LOAD Drivers\STM32F1xx_HAL_Driver\Src\stm32f1xx_hal_cortex.o
LOAD Drivers\STM32F1xx_HAL_Driver\Src\stm32f1xx_hal_dma.o
LOAD Drivers\STM32F1xx_HAL_Driver\Src\stm32f1xx_hal_exti.o
LOAD Drivers\STM32F1xx_HAL_Driver\Src\stm32f1xx_hal_flash.o
LOAD Drivers\STM32F1xx_HAL_Driver\Src\stm32f1xx_hal_flash_ex.o
LOAD Drivers\STM32F1xx_HAL_Driver\Src\stm32f1xx_hal_gpio.o
LOAD Drivers\STM32F1xx_HAL_Driver\Src\stm32f1xx_hal_gpio_ex.o
LOAD Drivers\STM32F1xx_HAL_Driver\Src\stm32f1xx_hal_pwr.o
LOAD Drivers\STM32F1xx_HAL_Driver\Src\stm32f1xx_hal_rcc.o
LOAD Drivers\STM32F1xx_HAL_Driver\Src\stm32f1xx_hal_rcc_ex.o
LOAD Drivers\STM32F1xx_HAL_Driver\Src\stm32f1xx_hal_tim.o
LOAD Drivers\STM32F1xx_HAL_Driver\Src\stm32f1xx_hal_tim_ex.o
LOAD Drivers\STM32F1xx_HAL_Driver\Src\stm32f1xx_hal_uart.o
LOAD Src\cobs.o
LOAD Src\main.o
LOAD Src\stm32f1xx_hal_msp.o
LOAD Src\stm32f1xx_it.o
LOAD Src\syscalls.o
LOAD Src\system_stm32f1xx.o
LOAD ros_lib\duration.o
LOAD ros_lib\time.o
LOAD startup\startup_stm32f103xb.o
                0x00001000                malloc_getpagesize_P = 0x1000
START GROUP
LOAD c:/program files (x86)/atollic/truestudio for stm32 9.3.0/armtools/bin/../lib/gcc/arm-atollic-eabi/6.3.1/../../../../arm-atollic-eabi/lib/armv7-m\libstdc++.a
LOAD c:/program files (x86)/atollic/truestudio for stm32 9.3.0/armtools/bin/../lib/gcc/arm-atollic-eabi/6.3.1/../../../../arm-atollic-eabi/lib/armv7-m\libsupc++.a
END GROUP
LOAD c:/program files (x86)/atollic/truestudio for stm32 9.3.0/armtools/bin/../lib/gcc/arm-atollic-eabi/6.3.1/../../../../arm-atollic-eabi/lib/armv7-m\libstdc++.a
LOAD c:/program files (x86)/atollic/truestudio for stm32 9.3.0/armtools/bin/../lib/gcc/arm-atollic-eabi/6.3.1/../../../../arm-atollic-eabi/lib/armv7-m\libm.a
LOAD c:/program files (x86)/atollic/truestudio for stm32 9.3.0/armtools/bin/../lib/gcc/arm-atollic-eabi/6.3.1/../../../../arm-atollic-eabi/lib/armv7-m\libc.a
START GROUP
LOAD c:/program files (x86)/atollic/truestudio for stm32 9.3.0/armtools/bin/../lib/gcc/arm-atollic-eabi/6.3.1/armv7-m\libgcc.a
LOAD c:/program files (x86)/atollic/truestudio for stm32 9.3.0/armtools/bin/../lib/gcc/arm-atollic-eabi/6.3.1/../../../../arm-atollic-eabi/lib/armv7-m\libc.a
END GROUP
START GROUP
LOAD c:/program files (x86)/atollic/truestudio for stm32 9.3.0/armtools/bin/../lib/gcc/arm-atollic-eabi/6.3.1/armv7-m\libgcc.a
LOAD c:/program files (x86)/atollic/truestudio for stm32 9.3.0/armtools/bin/../lib/gcc/arm-atollic-eabi/6.3.1/../../../../arm-atollic-eabi/lib/armv7-m\libc.a
LOAD c:/program files (x86)/atollic/truestudio for stm32 9.3.0/armtools/bin/../lib/gcc/arm-atollic-eabi/6.3.1/../../../../arm-atollic-eabi/lib/armv7-m\libnosys.a
END GROUP
LOAD c:/program files (x86)/atollic/truestudio for stm32 9.3.0/armtools/bin/../lib/gcc/arm-atollic-eabi/6.3.1/armv7-m/crtend.o
LOAD c:/program files (x86)/atollic/truestudio for stm32 9.3.0/armtools/bin/../lib/gcc/arm-atollic-eabi/6.3.1/armv7-m/crtn.o
                0x20005000                _estack = 0x20005000
                0x00000200                _Min_Heap_Size = 0x200
                0x00000400                _Min_Stack_Size = 0x400

.isr_vector     0x08000000      0x10c
                0x08000000                . = ALIGN (0x4)
 *(.isr_vector)
 .isr_vector    0x08000000      0x10c startup\startup_stm32f103xb.o
                0x08000000                g_pfnVectors
                0x0800010c                . = ALIGN (0x4)

.text           0x08000110     0xa780
                0x08000110                . = ALIGN (0x4)
 *(.text)
 .text          0x08000110       0x40 c:/program files (x86)/atollic/truestudio for stm32 9.3.0/armtools/bin/../lib/gcc/arm-atollic-eabi/6.3.1/armv7-m/crtbegin.o
 .text          0x08000150       0x14 c:/program files (x86)/atollic/truestudio for stm32 9.3.0/armtools/bin/../lib/gcc/arm-atollic-eabi/6.3.1/../../../../arm-atollic-eabi/lib/armv7-m\libc.a(lib_a-strcmp.o)
                0x08000150                strcmp
 .text          0x08000164       0x10 c:/program files (x86)/atollic/truestudio for stm32 9.3.0/armtools/bin/../lib/gcc/arm-atollic-eabi/6.3.1/../../../../arm-atollic-eabi/lib/armv7-m\libc.a(lib_a-strlen.o)
                0x08000164                strlen
 .text          0x08000174      0x370 c:/program files (x86)/atollic/truestudio for stm32 9.3.0/armtools/bin/../lib/gcc/arm-atollic-eabi/6.3.1/armv7-m\libgcc.a(_arm_addsubdf3.o)
                0x08000174                __aeabi_drsub
                0x0800017c                __aeabi_dsub
                0x0800017c                __subdf3
                0x08000180                __aeabi_dadd
                0x08000180                __adddf3
                0x080003f8                __floatunsidf
                0x080003f8                __aeabi_ui2d
                0x08000418                __floatsidf
                0x08000418                __aeabi_i2d
                0x0800043c                __aeabi_f2d
                0x0800043c                __extendsfdf2
                0x08000478                __floatundidf
                0x08000478                __aeabi_ul2d
                0x08000488                __floatdidf
                0x08000488                __aeabi_l2d
 .text          0x080004e4      0x424 c:/program files (x86)/atollic/truestudio for stm32 9.3.0/armtools/bin/../lib/gcc/arm-atollic-eabi/6.3.1/armv7-m\libgcc.a(_arm_muldivdf3.o)
                0x080004e4                __aeabi_dmul
                0x080004e4                __muldf3
                0x08000738                __divdf3
                0x08000738                __aeabi_ddiv
 .text          0x08000908      0x110 c:/program files (x86)/atollic/truestudio for stm32 9.3.0/armtools/bin/../lib/gcc/arm-atollic-eabi/6.3.1/armv7-m\libgcc.a(_arm_cmpdf2.o)
                0x08000908                __gtdf2
                0x08000908                __gedf2
                0x08000910                __ltdf2
                0x08000910                __ledf2
                0x08000918                __nedf2
                0x08000918                __eqdf2
                0x08000918                __cmpdf2
                0x08000994                __aeabi_cdrcmple
                0x080009a4                __aeabi_cdcmpeq
                0x080009a4                __aeabi_cdcmple
                0x080009b4                __aeabi_dcmpeq
                0x080009c8                __aeabi_dcmplt
                0x080009dc                __aeabi_dcmple
                0x080009f0                __aeabi_dcmpge
                0x08000a04                __aeabi_dcmpgt
 .text          0x08000a18       0x50 c:/program files (x86)/atollic/truestudio for stm32 9.3.0/armtools/bin/../lib/gcc/arm-atollic-eabi/6.3.1/armv7-m\libgcc.a(_arm_fixdfsi.o)
                0x08000a18                __aeabi_d2iz
                0x08000a18                __fixdfsi
 .text          0x08000a68       0xa0 c:/program files (x86)/atollic/truestudio for stm32 9.3.0/armtools/bin/../lib/gcc/arm-atollic-eabi/6.3.1/armv7-m\libgcc.a(_arm_truncdfsf2.o)
                0x08000a68                __truncdfsf2
                0x08000a68                __aeabi_d2f
 .text          0x08000b08      0x21c c:/program files (x86)/atollic/truestudio for stm32 9.3.0/armtools/bin/../lib/gcc/arm-atollic-eabi/6.3.1/armv7-m\libgcc.a(_arm_addsubsf3.o)
                0x08000b08                __aeabi_frsub
                0x08000b10                __subsf3
                0x08000b10                __aeabi_fsub
                0x08000b14                __aeabi_fadd
                0x08000b14                __addsf3
                0x08000c74                __aeabi_ui2f
                0x08000c74                __floatunsisf
                0x08000c7c                __aeabi_i2f
                0x08000c7c                __floatsisf
                0x08000c98                __aeabi_ul2f
                0x08000c98                __floatundisf
                0x08000ca8                __aeabi_l2f
                0x08000ca8                __floatdisf
 .text          0x08000d24       0xec c:/program files (x86)/atollic/truestudio for stm32 9.3.0/armtools/bin/../lib/gcc/arm-atollic-eabi/6.3.1/armv7-m\libgcc.a(_arm_cmpsf2.o)
                0x08000d24                __gesf2
                0x08000d24                __gtsf2
                0x08000d2c                __lesf2
                0x08000d2c                __ltsf2
                0x08000d34                __nesf2
                0x08000d34                __eqsf2
                0x08000d34                __cmpsf2
                0x08000d94                __aeabi_cfrcmple
                0x08000d9c                __aeabi_cfcmpeq
                0x08000d9c                __aeabi_cfcmple
                0x08000dac                __aeabi_fcmpeq
                0x08000dc0                __aeabi_fcmplt
                0x08000dd4                __aeabi_fcmple
                0x08000de8                __aeabi_fcmpge
                0x08000dfc                __aeabi_fcmpgt
 .text          0x08000e10      0x9dc c:/program files (x86)/atollic/truestudio for stm32 9.3.0/armtools/bin/../lib/gcc/arm-atollic-eabi/6.3.1/armv7-m\libgcc.a(unwind-arm.o)
                0x080010d4                _Unwind_GetCFA
                0x080010d8                __gnu_Unwind_RaiseException
                0x08001138                __gnu_Unwind_ForcedUnwind
                0x0800114c                __gnu_Unwind_Resume
                0x08001190                __gnu_Unwind_Resume_or_Rethrow
                0x080011a4                _Unwind_Complete
                0x080011a8                _Unwind_DeleteException
                0x080011b4                _Unwind_VRS_Get
                0x08001200                _Unwind_VRS_Set
                0x08001250                __gnu_Unwind_Backtrace
                0x08001594                __aeabi_unwind_cpp_pr0
                0x08001598                __aeabi_unwind_cpp_pr1
                0x0800159c                __aeabi_unwind_cpp_pr2
                0x080015a0                _Unwind_VRS_Pop
 .text          0x080017ec      0x1ac c:/program files (x86)/atollic/truestudio for stm32 9.3.0/armtools/bin/../lib/gcc/arm-atollic-eabi/6.3.1/armv7-m\libgcc.a(libunwind.o)
                0x080017ec                __restore_core_regs
                0x080017ec                restore_core_regs
                0x08001804                __gnu_Unwind_Restore_VFP
                0x0800180c                __gnu_Unwind_Save_VFP
                0x08001814                __gnu_Unwind_Restore_VFP_D
                0x0800181c                __gnu_Unwind_Save_VFP_D
                0x08001824                __gnu_Unwind_Restore_VFP_D_16_to_31
                0x0800182c                __gnu_Unwind_Save_VFP_D_16_to_31
                0x08001834                __gnu_Unwind_Restore_WMMXD
                0x08001878                __gnu_Unwind_Save_WMMXD
                0x080018bc                __gnu_Unwind_Restore_WMMXC
                0x080018d0                __gnu_Unwind_Save_WMMXC
                0x080018e4                ___Unwind_RaiseException
                0x080018e4                _Unwind_RaiseException
                0x08001908                _Unwind_Resume
                0x08001908                ___Unwind_Resume
                0x0800192c                _Unwind_Resume_or_Rethrow
                0x0800192c                ___Unwind_Resume_or_Rethrow
                0x08001950                _Unwind_ForcedUnwind
                0x08001950                ___Unwind_ForcedUnwind
                0x08001974                ___Unwind_Backtrace
                0x08001974                _Unwind_Backtrace
 .text          0x08001998      0x384 c:/program files (x86)/atollic/truestudio for stm32 9.3.0/armtools/bin/../lib/gcc/arm-atollic-eabi/6.3.1/armv7-m\libgcc.a(pr-support.o)
                0x080019f0                __gnu_unwind_execute
                0x08001cc0                __gnu_unwind_frame
                0x08001cec                _Unwind_GetRegionStart
                0x08001cf8                _Unwind_GetLanguageSpecificData
                0x08001d0c                _Unwind_GetTextRelBase
                0x08001d14                _Unwind_GetDataRelBase
 *(.text*)
 .text.HAL_InitTick
                0x08001d1c       0x4c Drivers\STM32F1xx_HAL_Driver\Src\stm32f1xx_hal.o
                0x08001d1c                HAL_InitTick
 .text.HAL_Init
                0x08001d68       0x24 Drivers\STM32F1xx_HAL_Driver\Src\stm32f1xx_hal.o
                0x08001d68                HAL_Init
 .text.HAL_IncTick
                0x08001d8c       0x18 Drivers\STM32F1xx_HAL_Driver\Src\stm32f1xx_hal.o
                0x08001d8c                HAL_IncTick
 .text.HAL_GetTick
                0x08001da4        0xc Drivers\STM32F1xx_HAL_Driver\Src\stm32f1xx_hal.o
                0x08001da4                HAL_GetTick
 .text.HAL_NVIC_SetPriorityGrouping
                0x08001db0       0x24 Drivers\STM32F1xx_HAL_Driver\Src\stm32f1xx_hal_cortex.o
                0x08001db0                HAL_NVIC_SetPriorityGrouping
 .text.HAL_NVIC_SetPriority
                0x08001dd4       0x64 Drivers\STM32F1xx_HAL_Driver\Src\stm32f1xx_hal_cortex.o
                0x08001dd4                HAL_NVIC_SetPriority
 .text.HAL_NVIC_EnableIRQ
                0x08001e38       0x1c Drivers\STM32F1xx_HAL_Driver\Src\stm32f1xx_hal_cortex.o
                0x08001e38                HAL_NVIC_EnableIRQ
 .text.HAL_SYSTICK_Config
                0x08001e54       0x2c Drivers\STM32F1xx_HAL_Driver\Src\stm32f1xx_hal_cortex.o
                0x08001e54                HAL_SYSTICK_Config
 .text.DMA_SetConfig
                0x08001e80       0x2c Drivers\STM32F1xx_HAL_Driver\Src\stm32f1xx_hal_dma.o
 .text.HAL_DMA_Init
                0x08001eac       0x6c Drivers\STM32F1xx_HAL_Driver\Src\stm32f1xx_hal_dma.o
                0x08001eac                HAL_DMA_Init
 .text.HAL_DMA_Start_IT
                0x08001f18       0x74 Drivers\STM32F1xx_HAL_Driver\Src\stm32f1xx_hal_dma.o
                0x08001f18                HAL_DMA_Start_IT
 .text.HAL_DMA_Abort_IT
                0x08001f8c       0x98 Drivers\STM32F1xx_HAL_Driver\Src\stm32f1xx_hal_dma.o
                0x08001f8c                HAL_DMA_Abort_IT
 .text.HAL_DMA_IRQHandler
                0x08002024      0x144 Drivers\STM32F1xx_HAL_Driver\Src\stm32f1xx_hal_dma.o
                0x08002024                HAL_DMA_IRQHandler
 .text.HAL_GPIO_Init
                0x08002168      0x1f0 Drivers\STM32F1xx_HAL_Driver\Src\stm32f1xx_hal_gpio.o
                0x08002168                HAL_GPIO_Init
 .text.HAL_GPIO_WritePin
                0x08002358        0xc Drivers\STM32F1xx_HAL_Driver\Src\stm32f1xx_hal_gpio.o
                0x08002358                HAL_GPIO_WritePin
 .text.HAL_GPIO_TogglePin
                0x08002364        0xe Drivers\STM32F1xx_HAL_Driver\Src\stm32f1xx_hal_gpio.o
                0x08002364                HAL_GPIO_TogglePin
 *fill*         0x08002372        0x2 
 .text.RCC_Delay
                0x08002374       0x2c Drivers\STM32F1xx_HAL_Driver\Src\stm32f1xx_hal_rcc.o
 .text.HAL_RCC_OscConfig
                0x080023a0      0x410 Drivers\STM32F1xx_HAL_Driver\Src\stm32f1xx_hal_rcc.o
                0x080023a0                HAL_RCC_OscConfig
 .text.HAL_RCC_GetSysClockFreq
                0x080027b0       0x6c Drivers\STM32F1xx_HAL_Driver\Src\stm32f1xx_hal_rcc.o
                0x080027b0                HAL_RCC_GetSysClockFreq
 .text.HAL_RCC_ClockConfig
                0x0800281c      0x168 Drivers\STM32F1xx_HAL_Driver\Src\stm32f1xx_hal_rcc.o
                0x0800281c                HAL_RCC_ClockConfig
 .text.HAL_RCC_GetHCLKFreq
                0x08002984        0xc Drivers\STM32F1xx_HAL_Driver\Src\stm32f1xx_hal_rcc.o
                0x08002984                HAL_RCC_GetHCLKFreq
 .text.HAL_RCC_GetPCLK1Freq
                0x08002990       0x20 Drivers\STM32F1xx_HAL_Driver\Src\stm32f1xx_hal_rcc.o
                0x08002990                HAL_RCC_GetPCLK1Freq
 .text.HAL_RCC_GetPCLK2Freq
                0x080029b0       0x20 Drivers\STM32F1xx_HAL_Driver\Src\stm32f1xx_hal_rcc.o
                0x080029b0                HAL_RCC_GetPCLK2Freq
 .text.UART_EndTxTransfer
                0x080029d0       0x12 Drivers\STM32F1xx_HAL_Driver\Src\stm32f1xx_hal_uart.o
 .text.UART_EndRxTransfer
                0x080029e2       0x1c Drivers\STM32F1xx_HAL_Driver\Src\stm32f1xx_hal_uart.o
 .text.UART_Transmit_IT
                0x080029fe       0x6a Drivers\STM32F1xx_HAL_Driver\Src\stm32f1xx_hal_uart.o
 .text.UART_SetConfig
                0x08002a68       0xcc Drivers\STM32F1xx_HAL_Driver\Src\stm32f1xx_hal_uart.o
 .text.UART_WaitOnFlagUntilTimeout
                0x08002b34       0x64 Drivers\STM32F1xx_HAL_Driver\Src\stm32f1xx_hal_uart.o
 .text.HAL_UART_Init
                0x08002b98       0x5e Drivers\STM32F1xx_HAL_Driver\Src\stm32f1xx_hal_uart.o
                0x08002b98                HAL_UART_Init
 .text.HAL_UART_Transmit
                0x08002bf6       0xe2 Drivers\STM32F1xx_HAL_Driver\Src\stm32f1xx_hal_uart.o
                0x08002bf6                HAL_UART_Transmit
 .text.HAL_UART_Transmit_DMA
                0x08002cd8       0x8c Drivers\STM32F1xx_HAL_Driver\Src\stm32f1xx_hal_uart.o
                0x08002cd8                HAL_UART_Transmit_DMA
 .text.HAL_UART_Receive_DMA
                0x08002d64       0xa8 Drivers\STM32F1xx_HAL_Driver\Src\stm32f1xx_hal_uart.o
                0x08002d64                HAL_UART_Receive_DMA
 .text.UART_DMATransmitCplt
                0x08002e0c       0x30 Drivers\STM32F1xx_HAL_Driver\Src\stm32f1xx_hal_uart.o
 .text.UART_EndTransmit_IT
                0x08002e3c       0x1a Drivers\STM32F1xx_HAL_Driver\Src\stm32f1xx_hal_uart.o
 .text.HAL_UART_TxHalfCpltCallback
                0x08002e56        0x2 Drivers\STM32F1xx_HAL_Driver\Src\stm32f1xx_hal_uart.o
                0x08002e56                HAL_UART_TxHalfCpltCallback
 .text.UART_DMATxHalfCplt
                0x08002e58        0xa Drivers\STM32F1xx_HAL_Driver\Src\stm32f1xx_hal_uart.o
 .text.UART_DMAReceiveCplt
                0x08002e62       0x3e Drivers\STM32F1xx_HAL_Driver\Src\stm32f1xx_hal_uart.o
 .text.UART_Receive_IT
                0x08002ea0       0x9e Drivers\STM32F1xx_HAL_Driver\Src\stm32f1xx_hal_uart.o
 .text.HAL_UART_RxHalfCpltCallback
                0x08002f3e        0x2 Drivers\STM32F1xx_HAL_Driver\Src\stm32f1xx_hal_uart.o
                0x08002f3e                HAL_UART_RxHalfCpltCallback
 .text.UART_DMARxHalfCplt
                0x08002f40        0xa Drivers\STM32F1xx_HAL_Driver\Src\stm32f1xx_hal_uart.o
 .text.HAL_UART_ErrorCallback
                0x08002f4a        0x2 Drivers\STM32F1xx_HAL_Driver\Src\stm32f1xx_hal_uart.o
                0x08002f4a                HAL_UART_ErrorCallback
 .text.UART_DMAError
                0x08002f4c       0x58 Drivers\STM32F1xx_HAL_Driver\Src\stm32f1xx_hal_uart.o
 .text.HAL_UART_IRQHandler
                0x08002fa4      0x120 Drivers\STM32F1xx_HAL_Driver\Src\stm32f1xx_hal_uart.o
                0x08002fa4                HAL_UART_IRQHandler
 .text.UART_DMAAbortOnError
                0x080030c4       0x10 Drivers\STM32F1xx_HAL_Driver\Src\stm32f1xx_hal_uart.o
 .text._Z11cobs_encodePKhjPh
                0x080030d4       0x44 Src\cobs.o
                0x080030d4                cobs_encode(unsigned char const*, unsigned int, unsigned char*)
 .text._Z11cobs_decodePKhjPh
                0x08003118       0x44 Src\cobs.o
                0x08003118                cobs_decode(unsigned char const*, unsigned int, unsigned char*)
 .text._ZNK8std_msgs4Time9serializeEPh
                0x0800315c       0x24 Src\main.o
                0x0800315c                std_msgs::Time::serialize(unsigned char*) const
 .text._ZN8std_msgs4Time11deserializeEPh
                0x08003180       0x3c Src\main.o
                0x08003180                std_msgs::Time::deserialize(unsigned char*)
 .text._ZN8std_msgs4Time7getTypeEv
                0x080031bc        0x8 Src\main.o
                0x080031bc                std_msgs::Time::getType()
 .text._ZN8std_msgs4Time6getMD5Ev
                0x080031c4        0x8 Src\main.o
                0x080031c4                std_msgs::Time::getMD5()
 .text._ZN14rosserial_msgs9TopicInfo11deserializeEPh
                0x080031cc       0xca Src\main.o
                0x080031cc                rosserial_msgs::TopicInfo::deserialize(unsigned char*)
 *fill*         0x08003296        0x2 
 .text._ZN14rosserial_msgs9TopicInfo7getTypeEv
                0x08003298        0x8 Src\main.o
                0x08003298                rosserial_msgs::TopicInfo::getType()
 .text._ZN14rosserial_msgs9TopicInfo6getMD5Ev
                0x080032a0        0x8 Src\main.o
                0x080032a0                rosserial_msgs::TopicInfo::getMD5()
 .text._ZN14rosserial_msgs3Log11deserializeEPh
                0x080032a8       0x40 Src\main.o
                0x080032a8                rosserial_msgs::Log::deserialize(unsigned char*)
 .text._ZN14rosserial_msgs3Log7getTypeEv
                0x080032e8        0x8 Src\main.o
                0x080032e8                rosserial_msgs::Log::getType()
 .text._ZN14rosserial_msgs3Log6getMD5Ev
                0x080032f0        0x8 Src\main.o
                0x080032f0                rosserial_msgs::Log::getMD5()
 .text._ZN14rosserial_msgs20RequestParamResponse7getTypeEv
                0x080032f8        0x8 Src\main.o
                0x080032f8                rosserial_msgs::RequestParamResponse::getType()
 .text._ZN14rosserial_msgs20RequestParamResponse6getMD5Ev
                0x08003300        0x8 Src\main.o
                0x08003300                rosserial_msgs::RequestParamResponse::getMD5()
 .text._ZN8std_msgs6Header11deserializeEPh
                0x08003308       0x90 Src\main.o
                0x08003308                std_msgs::Header::deserialize(unsigned char*)
 .text._ZN8std_msgs6Header7getTypeEv
                0x08003398        0x8 Src\main.o
                0x08003398                std_msgs::Header::getType()
 .text._ZN8std_msgs6Header6getMD5Ev
                0x080033a0        0x8 Src\main.o
                0x080033a0                std_msgs::Header::getMD5()
 .text._ZNK13geometry_msgs7Vector39serializeEPh
                0x080033a8       0x80 Src\main.o
                0x080033a8                geometry_msgs::Vector3::serialize(unsigned char*) const
 .text._ZN13geometry_msgs7Vector311deserializeEPh
                0x08003428      0x11e Src\main.o
                0x08003428                geometry_msgs::Vector3::deserialize(unsigned char*)
 *fill*         0x08003546        0x2 
 .text._ZN13geometry_msgs7Vector37getTypeEv
                0x08003548        0x8 Src\main.o
                0x08003548                geometry_msgs::Vector3::getType()
 .text._ZN13geometry_msgs7Vector36getMD5Ev
                0x08003550        0x8 Src\main.o
                0x08003550                geometry_msgs::Vector3::getMD5()
 .text._ZNK13geometry_msgs10Quaternion9serializeEPh
                0x08003558       0xa8 Src\main.o
                0x08003558                geometry_msgs::Quaternion::serialize(unsigned char*) const
 .text._ZN13geometry_msgs10Quaternion11deserializeEPh
                0x08003600      0x17e Src\main.o
                0x08003600                geometry_msgs::Quaternion::deserialize(unsigned char*)
 *fill*         0x0800377e        0x2 
 .text._ZN13geometry_msgs10Quaternion7getTypeEv
                0x08003780        0x8 Src\main.o
                0x08003780                geometry_msgs::Quaternion::getType()
 .text._ZN13geometry_msgs10Quaternion6getMD5Ev
                0x08003788        0x8 Src\main.o
                0x08003788                geometry_msgs::Quaternion::getMD5()
 .text._ZN13geometry_msgs9Transform7getTypeEv
                0x08003790        0x8 Src\main.o
                0x08003790                geometry_msgs::Transform::getType()
 .text._ZN13geometry_msgs9Transform6getMD5Ev
                0x08003798        0x8 Src\main.o
                0x08003798                geometry_msgs::Transform::getMD5()
 .text._ZN13geometry_msgs16TransformStamped7getTypeEv
                0x080037a0        0x8 Src\main.o
                0x080037a0                geometry_msgs::TransformStamped::getType()
 .text._ZN13geometry_msgs16TransformStamped6getMD5Ev
                0x080037a8        0x8 Src\main.o
                0x080037a8                geometry_msgs::TransformStamped::getMD5()
 .text._ZNK2tf9tfMessage9serializeEPh
                0x080037b0       0x3c Src\main.o
                0x080037b0                tf::tfMessage::serialize(unsigned char*) const
 .text._ZN2tf9tfMessage7getTypeEv
                0x080037ec        0x8 Src\main.o
                0x080037ec                tf::tfMessage::getType()
 .text._ZN2tf9tfMessage6getMD5Ev
                0x080037f4        0x8 Src\main.o
                0x080037f4                tf::tfMessage::getMD5()
 .text._ZNK13geometry_msgs5Point9serializeEPh
                0x080037fc       0x80 Src\main.o
                0x080037fc                geometry_msgs::Point::serialize(unsigned char*) const
 .text._ZN13geometry_msgs5Point11deserializeEPh
                0x0800387c      0x11e Src\main.o
                0x0800387c                geometry_msgs::Point::deserialize(unsigned char*)
 *fill*         0x0800399a        0x2 
 .text._ZN13geometry_msgs5Point7getTypeEv
                0x0800399c        0x8 Src\main.o
                0x0800399c                geometry_msgs::Point::getType()
 .text._ZN13geometry_msgs5Point6getMD5Ev
                0x080039a4        0x8 Src\main.o
                0x080039a4                geometry_msgs::Point::getMD5()
 .text._ZN13geometry_msgs4Pose7getTypeEv
                0x080039ac        0x8 Src\main.o
                0x080039ac                geometry_msgs::Pose::getType()
 .text._ZN13geometry_msgs4Pose6getMD5Ev
                0x080039b4        0x8 Src\main.o
                0x080039b4                geometry_msgs::Pose::getMD5()
 .text._ZN13geometry_msgs18PoseWithCovariance7getTypeEv
                0x080039bc        0x8 Src\main.o
                0x080039bc                geometry_msgs::PoseWithCovariance::getType()
 .text._ZN13geometry_msgs18PoseWithCovariance6getMD5Ev
                0x080039c4        0x8 Src\main.o
                0x080039c4                geometry_msgs::PoseWithCovariance::getMD5()
 .text._ZN13geometry_msgs5Twist7getTypeEv
                0x080039cc        0x8 Src\main.o
                0x080039cc                geometry_msgs::Twist::getType()
 .text._ZN13geometry_msgs5Twist6getMD5Ev
                0x080039d4        0x8 Src\main.o
                0x080039d4                geometry_msgs::Twist::getMD5()
 .text._ZN13geometry_msgs19TwistWithCovariance7getTypeEv
                0x080039dc        0x8 Src\main.o
                0x080039dc                geometry_msgs::TwistWithCovariance::getType()
 .text._ZN13geometry_msgs19TwistWithCovariance6getMD5Ev
                0x080039e4        0x8 Src\main.o
                0x080039e4                geometry_msgs::TwistWithCovariance::getMD5()
 .text._ZN8nav_msgs8Odometry7getTypeEv
                0x080039ec        0x8 Src\main.o
                0x080039ec                nav_msgs::Odometry::getType()
 .text._ZN8nav_msgs8Odometry6getMD5Ev
                0x080039f4        0x8 Src\main.o
                0x080039f4                nav_msgs::Odometry::getMD5()
 .text._ZN3ros11NodeHandle_I13STM32HardwareLi25ELi25ELi2048ELi2048EE9connectedEv
                0x080039fc        0x8 Src\main.o
                0x080039fc                ros::NodeHandle_<STM32Hardware, 25, 25, 2048, 2048>::connected()
 .text._ZN3ros10SubscriberIN13geometry_msgs5TwistEvE15getEndpointTypeEv
                0x08003a04        0x4 Src\main.o
                0x08003a04                ros::Subscriber<geometry_msgs::Twist, void>::getEndpointType()
 .text._ZN3ros10SubscriberIN13geometry_msgs5TwistEvE10getMsgTypeEv
                0x08003a08        0x8 Src\main.o
                0x08003a08                ros::Subscriber<geometry_msgs::Twist, void>::getMsgType()
 .text._ZN3ros10SubscriberIN13geometry_msgs5TwistEvE9getMsgMD5Ev
                0x08003a10        0x8 Src\main.o
                0x08003a10                ros::Subscriber<geometry_msgs::Twist, void>::getMsgMD5()
 .text._Z16cmd_vel_callbackRKN13geometry_msgs5TwistE
                0x08003a18       0xbc Src\main.o
                0x08003a18                cmd_vel_callback(geometry_msgs::Twist const&)
 .text._ZL12MX_GPIO_Initv
                0x08003ad4       0x8c Src\main.o
 .text._ZL11MX_DMA_Initv
                0x08003b60       0x44 Src\main.o
 .text._ZL19MX_USART1_UART_Initv
                0x08003ba4       0x30 Src\main.o
 .text._ZL19MX_USART2_UART_Initv
                0x08003bd4       0x30 Src\main.o
 .text._ZL19MX_USART3_UART_Initv
                0x08003c04       0x40 Src\main.o
 .text._ZNK8std_msgs6Header9serializeEPh
                0x08003c44       0x66 Src\main.o
                0x08003c44                std_msgs::Header::serialize(unsigned char*) const
 .text._ZNK14rosserial_msgs9TopicInfo9serializeEPh
                0x08003caa       0xaa Src\main.o
                0x08003caa                rosserial_msgs::TopicInfo::serialize(unsigned char*) const
 .text._ZNK14rosserial_msgs3Log9serializeEPh
                0x08003d54       0x34 Src\main.o
                0x08003d54                rosserial_msgs::Log::serialize(unsigned char*) const
 .text._ZNK14rosserial_msgs20RequestParamResponse9serializeEPh
                0x08003d88       0xf0 Src\main.o
                0x08003d88                rosserial_msgs::RequestParamResponse::serialize(unsigned char*) const
 .text._ZN14rosserial_msgs20RequestParamResponse11deserializeEPh
                0x08003e78      0x144 Src\main.o
                0x08003e78                rosserial_msgs::RequestParamResponse::deserialize(unsigned char*)
 .text._ZN3ros11NodeHandle_I13STM32HardwareLi25ELi25ELi2048ELi2048EE7publishEiPKNS_3MsgE
                0x08003fbc       0xf4 Src\main.o
                0x08003fbc                ros::NodeHandle_<STM32Hardware, 25, 25, 2048, 2048>::publish(int, ros::Msg const*)
 .text._ZNK13geometry_msgs5Twist9serializeEPh
                0x080040b0       0xfc Src\main.o
                0x080040b0                geometry_msgs::Twist::serialize(unsigned char*) const
 .text._ZN2tf9tfMessage11deserializeEPh
                0x080041ac      0x5ce Src\main.o
                0x080041ac                tf::tfMessage::deserialize(unsigned char*)
 .text._ZNK13geometry_msgs4Pose9serializeEPh
                0x0800477a      0x124 Src\main.o
                0x0800477a                geometry_msgs::Pose::serialize(unsigned char*) const
 .text._ZNK13geometry_msgs9Transform9serializeEPh
                0x0800489e      0x124 Src\main.o
                0x0800489e                geometry_msgs::Transform::serialize(unsigned char*) const
 .text._ZNK13geometry_msgs19TwistWithCovariance9serializeEPh
                0x080049c2      0x148 Src\main.o
                0x080049c2                geometry_msgs::TwistWithCovariance::serialize(unsigned char*) const
 .text._ZNK13geometry_msgs16TransformStamped9serializeEPh
                0x08004b0a      0x1b2 Src\main.o
                0x08004b0a                geometry_msgs::TransformStamped::serialize(unsigned char*) const
 .text._ZNK8nav_msgs8Odometry9serializeEPh
                0x08004cbc      0x38a Src\main.o
                0x08004cbc                nav_msgs::Odometry::serialize(unsigned char*) const
 .text._ZNK13geometry_msgs18PoseWithCovariance9serializeEPh
                0x08005046      0x170 Src\main.o
                0x08005046                geometry_msgs::PoseWithCovariance::serialize(unsigned char*) const
 .text._ZN3ros10SubscriberIN13geometry_msgs5TwistEvE8callbackEPh
                0x080051b6      0x25e Src\main.o
                0x080051b6                ros::Subscriber<geometry_msgs::Twist, void>::callback(unsigned char*)
 .text._ZN13geometry_msgs5Twist11deserializeEPh
                0x08005414      0x24e Src\main.o
                0x08005414                geometry_msgs::Twist::deserialize(unsigned char*)
 .text._ZN13geometry_msgs9Transform11deserializeEPh
                0x08005662      0x2ae Src\main.o
                0x08005662                geometry_msgs::Transform::deserialize(unsigned char*)
 .text._ZN13geometry_msgs4Pose11deserializeEPh
                0x08005910      0x2ae Src\main.o
                0x08005910                geometry_msgs::Pose::deserialize(unsigned char*)
 .text._ZN13geometry_msgs19TwistWithCovariance11deserializeEPh
                0x08005bbe      0x3a8 Src\main.o
                0x08005bbe                geometry_msgs::TwistWithCovariance::deserialize(unsigned char*)
 .text._ZN13geometry_msgs16TransformStamped11deserializeEPh
                0x08005f66      0x3ea Src\main.o
                0x08005f66                geometry_msgs::TransformStamped::deserialize(unsigned char*)
 .text._ZN8nav_msgs8Odometry11deserializeEPh
                0x08006350      0x7b2 Src\main.o
                0x08006350                nav_msgs::Odometry::deserialize(unsigned char*)
 .text._ZN13geometry_msgs18PoseWithCovariance11deserializeEPh
                0x08006b02      0x3f4 Src\main.o
                0x08006b02                geometry_msgs::PoseWithCovariance::deserialize(unsigned char*)
 *fill*         0x08006ef6        0x2 
 .text._ZN3ros11NodeHandle_I13STM32HardwareLi25ELi25ELi2048ELi2048EE8spinOnceEv
                0x08006ef8      0x5b0 Src\main.o
                0x08006ef8                ros::NodeHandle_<STM32Hardware, 25, 25, 2048, 2048>::spinOnce()
 .text.HAL_UART_TxCpltCallback
                0x080074a8       0x24 Src\main.o
                0x080074a8                HAL_UART_TxCpltCallback
 .text.HAL_UART_RxCpltCallback
                0x080074cc       0x2c Src\main.o
                0x080074cc                HAL_UART_RxCpltCallback
 .text._ZN8nav_msgs8OdometryC2Ev
                0x080074f8       0xdc Src\main.o
                0x080074f8                nav_msgs::Odometry::Odometry()
                0x080074f8                nav_msgs::Odometry::Odometry()
 .text._Z18SystemClock_Configv
                0x080075d4       0x54 Src\main.o
                0x080075d4                SystemClock_Config()
 .text.main     0x08007628      0xdf4 Src\main.o
                0x08007628                main
 .text.Error_Handler
                0x0800841c        0x2 Src\main.o
                0x0800841c                Error_Handler
 *fill*         0x0800841e        0x2 
 .text._ZN3ros11NodeHandle_I13STM32HardwareLi25ELi25ELi2048ELi2048EE3nowEv
                0x08008420       0x40 Src\main.o
                0x08008420                ros::NodeHandle_<STM32Hardware, 25, 25, 2048, 2048>::now()
 .text._Z41__static_initialization_and_destruction_0ii
                0x08008460      0x208 Src\main.o
 .text._GLOBAL__sub_I_serial
                0x08008668        0xe Src\main.o
 *fill*         0x08008676        0x2 
 .text.HAL_MspInit
                0x08008678       0x44 Src\stm32f1xx_hal_msp.o
                0x08008678                HAL_MspInit
 .text.HAL_UART_MspInit
                0x080086bc      0x1d8 Src\stm32f1xx_hal_msp.o
                0x080086bc                HAL_UART_MspInit
 .text.NMI_Handler
                0x08008894        0x2 Src\stm32f1xx_it.o
                0x08008894                NMI_Handler
 .text.HardFault_Handler
                0x08008896        0x2 Src\stm32f1xx_it.o
                0x08008896                HardFault_Handler
 .text.MemManage_Handler
                0x08008898        0x2 Src\stm32f1xx_it.o
                0x08008898                MemManage_Handler
 .text.BusFault_Handler
                0x0800889a        0x2 Src\stm32f1xx_it.o
                0x0800889a                BusFault_Handler
 .text.UsageFault_Handler
                0x0800889c        0x2 Src\stm32f1xx_it.o
                0x0800889c                UsageFault_Handler
 .text.SVC_Handler
                0x0800889e        0x2 Src\stm32f1xx_it.o
                0x0800889e                SVC_Handler
 .text.DebugMon_Handler
                0x080088a0        0x2 Src\stm32f1xx_it.o
                0x080088a0                DebugMon_Handler
 .text.PendSV_Handler
                0x080088a2        0x2 Src\stm32f1xx_it.o
                0x080088a2                PendSV_Handler
 .text.SysTick_Handler
                0x080088a4        0x8 Src\stm32f1xx_it.o
                0x080088a4                SysTick_Handler
 .text.DMA1_Channel4_IRQHandler
                0x080088ac       0x10 Src\stm32f1xx_it.o
                0x080088ac                DMA1_Channel4_IRQHandler
 .text.DMA1_Channel5_IRQHandler
                0x080088bc       0x10 Src\stm32f1xx_it.o
                0x080088bc                DMA1_Channel5_IRQHandler
 .text.USART1_IRQHandler
                0x080088cc       0x10 Src\stm32f1xx_it.o
                0x080088cc                USART1_IRQHandler
 .text.USART2_IRQHandler
                0x080088dc       0x4c Src\stm32f1xx_it.o
                0x080088dc                USART2_IRQHandler
 .text.USART3_IRQHandler
                0x08008928       0x4c Src\stm32f1xx_it.o
                0x08008928                USART3_IRQHandler
 .text._getpid  0x08008974        0x4 Src\syscalls.o
                0x08008974                _getpid
 .text._kill    0x08008978       0x10 Src\syscalls.o
                0x08008978                _kill
 .text._exit    0x08008988        0xc Src\syscalls.o
                0x08008988                _exit
 .text._sbrk    0x08008994       0x3c Src\syscalls.o
                0x08008994                _sbrk
 .text.SystemInit
                0x080089d0       0x4c Src\system_stm32f1xx.o
                0x080089d0                SystemInit
 .text._ZN3ros16normalizeSecNSecERmS0_
                0x08008a1c       0x2c ros_lib\time.o
                0x08008a1c                ros::normalizeSecNSec(unsigned long&, unsigned long&)
 .text.Reset_Handler
                0x08008a48       0x48 startup\startup_stm32f103xb.o
                0x08008a48                Reset_Handler
 .text.Default_Handler
                0x08008a90        0x2 startup\startup_stm32f103xb.o
                0x08008a90                RTC_Alarm_IRQHandler
                0x08008a90                EXTI2_IRQHandler
                0x08008a90                TIM1_CC_IRQHandler
                0x08008a90                PVD_IRQHandler
                0x08008a90                EXTI3_IRQHandler
                0x08008a90                EXTI0_IRQHandler
                0x08008a90                I2C2_EV_IRQHandler
                0x08008a90                ADC1_2_IRQHandler
                0x08008a90                SPI1_IRQHandler
                0x08008a90                TAMPER_IRQHandler
                0x08008a90                RTC_IRQHandler
                0x08008a90                DMA1_Channel7_IRQHandler
                0x08008a90                CAN1_RX1_IRQHandler
                0x08008a90                TIM4_IRQHandler
                0x08008a90                I2C1_EV_IRQHandler
                0x08008a90                DMA1_Channel6_IRQHandler
                0x08008a90                TIM3_IRQHandler
                0x08008a90                RCC_IRQHandler
                0x08008a90                TIM1_TRG_COM_IRQHandler
                0x08008a90                DMA1_Channel1_IRQHandler
                0x08008a90                Default_Handler
                0x08008a90                EXTI15_10_IRQHandler
                0x08008a90                EXTI9_5_IRQHandler
                0x08008a90                SPI2_IRQHandler
                0x08008a90                EXTI4_IRQHandler
                0x08008a90                USB_LP_CAN1_RX0_IRQHandler
                0x08008a90                USB_HP_CAN1_TX_IRQHandler
                0x08008a90                DMA1_Channel3_IRQHandler
                0x08008a90                TIM1_UP_IRQHandler
                0x08008a90                WWDG_IRQHandler
                0x08008a90                TIM2_IRQHandler
                0x08008a90                TIM1_BRK_IRQHandler
                0x08008a90                EXTI1_IRQHandler
                0x08008a90                I2C2_ER_IRQHandler
                0x08008a90                DMA1_Channel2_IRQHandler
                0x08008a90                CAN1_SCE_IRQHandler
                0x08008a90                FLASH_IRQHandler
                0x08008a90                I2C1_ER_IRQHandler
                0x08008a90                USBWakeUp_IRQHandler
 *fill*         0x08008a92        0x2 
 .text._ZN10__cxxabiv120__si_class_type_infoD2Ev
                0x08008a94       0x14 c:/program files (x86)/atollic/truestudio for stm32 9.3.0/armtools/bin/../lib/gcc/arm-atollic-eabi/6.3.1/../../../../arm-atollic-eabi/lib/armv7-m\libstdc++.a(si_class_type_info.o)
                0x08008a94                __cxxabiv1::__si_class_type_info::~__si_class_type_info()
                0x08008a94                __cxxabiv1::__si_class_type_info::~__si_class_type_info()
 .text._ZN10__cxxabiv120__si_class_type_infoD0Ev
                0x08008aa8       0x1c c:/program files (x86)/atollic/truestudio for stm32 9.3.0/armtools/bin/../lib/gcc/arm-atollic-eabi/6.3.1/../../../../arm-atollic-eabi/lib/armv7-m\libstdc++.a(si_class_type_info.o)
                0x08008aa8                __cxxabiv1::__si_class_type_info::~__si_class_type_info()
 .text._ZNK10__cxxabiv120__si_class_type_info20__do_find_public_srcEiPKvPKNS_17__class_type_infoES2_
                0x08008ac4       0x3c c:/program files (x86)/atollic/truestudio for stm32 9.3.0/armtools/bin/../lib/gcc/arm-atollic-eabi/6.3.1/../../../../arm-atollic-eabi/lib/armv7-m\libstdc++.a(si_class_type_info.o)
                0x08008ac4                __cxxabiv1::__si_class_type_info::__do_find_public_src(int, void const*, __cxxabiv1::__class_type_info const*, void const*) const
 .text._ZNK10__cxxabiv120__si_class_type_info12__do_dyncastEiNS_17__class_type_info10__sub_kindEPKS1_PKvS4_S6_RNS1_16__dyncast_resultE
                0x08008b00       0x98 c:/program files (x86)/atollic/truestudio for stm32 9.3.0/armtools/bin/../lib/gcc/arm-atollic-eabi/6.3.1/../../../../arm-atollic-eabi/lib/armv7-m\libstdc++.a(si_class_type_info.o)
                0x08008b00                __cxxabiv1::__si_class_type_info::__do_dyncast(int, __cxxabiv1::__class_type_info::__sub_kind, __cxxabiv1::__class_type_info const*, void const*, __cxxabiv1::__class_type_info const*, void const*, __cxxabiv1::__class_type_info::__dyncast_result&) const
 .text._ZNK10__cxxabiv120__si_class_type_info11__do_upcastEPKNS_17__class_type_infoEPKvRNS1_15__upcast_resultE
                0x08008b98       0x2c c:/program files (x86)/atollic/truestudio for stm32 9.3.0/armtools/bin/../lib/gcc/arm-atollic-eabi/6.3.1/../../../../arm-atollic-eabi/lib/armv7-m\libstdc++.a(si_class_type_info.o)
                0x08008b98                __cxxabiv1::__si_class_type_info::__do_upcast(__cxxabiv1::__class_type_info const*, void const*, __cxxabiv1::__class_type_info::__upcast_result&) const
 .text._ZdlPvj  0x08008bc4        0x4 c:/program files (x86)/atollic/truestudio for stm32 9.3.0/armtools/bin/../lib/gcc/arm-atollic-eabi/6.3.1/../../../../arm-atollic-eabi/lib/armv7-m\libstdc++.a(del_ops.o)
                0x08008bc4                operator delete(void*, unsigned int)
 .text._ZNK10__cxxabiv117__class_type_info11__do_upcastEPKS0_PPv
                0x08008bc8       0x38 c:/program files (x86)/atollic/truestudio for stm32 9.3.0/armtools/bin/../lib/gcc/arm-atollic-eabi/6.3.1/../../../../arm-atollic-eabi/lib/armv7-m\libstdc++.a(class_type_info.o)
                0x08008bc8                __cxxabiv1::__class_type_info::__do_upcast(__cxxabiv1::__class_type_info const*, void**) const
 .text._ZNK10__cxxabiv117__class_type_info20__do_find_public_srcEiPKvPKS0_S2_
                0x08008c00        0xc c:/program files (x86)/atollic/truestudio for stm32 9.3.0/armtools/bin/../lib/gcc/arm-atollic-eabi/6.3.1/../../../../arm-atollic-eabi/lib/armv7-m\libstdc++.a(class_type_info.o)
                0x08008c00                __cxxabiv1::__class_type_info::__do_find_public_src(int, void const*, __cxxabiv1::__class_type_info const*, void const*) const
 .text._ZN10__cxxabiv117__class_type_infoD2Ev
                0x08008c0c       0x14 c:/program files (x86)/atollic/truestudio for stm32 9.3.0/armtools/bin/../lib/gcc/arm-atollic-eabi/6.3.1/../../../../arm-atollic-eabi/lib/armv7-m\libstdc++.a(class_type_info.o)
                0x08008c0c                __cxxabiv1::__class_type_info::~__class_type_info()
                0x08008c0c                __cxxabiv1::__class_type_info::~__class_type_info()
 .text._ZN10__cxxabiv117__class_type_infoD0Ev
                0x08008c20       0x1c c:/program files (x86)/atollic/truestudio for stm32 9.3.0/armtools/bin/../lib/gcc/arm-atollic-eabi/6.3.1/../../../../arm-atollic-eabi/lib/armv7-m\libstdc++.a(class_type_info.o)
                0x08008c20                __cxxabiv1::__class_type_info::~__class_type_info()
 .text._ZNK10__cxxabiv117__class_type_info11__do_upcastEPKS0_PKvRNS0_15__upcast_resultE
                0x08008c3c       0x18 c:/program files (x86)/atollic/truestudio for stm32 9.3.0/armtools/bin/../lib/gcc/arm-atollic-eabi/6.3.1/../../../../arm-atollic-eabi/lib/armv7-m\libstdc++.a(class_type_info.o)
                0x08008c3c                __cxxabiv1::__class_type_info::__do_upcast(__cxxabiv1::__class_type_info const*, void const*, __cxxabiv1::__class_type_info::__upcast_result&) const
 .text._ZNK10__cxxabiv117__class_type_info10__do_catchEPKSt9type_infoPPvj
                0x08008c54       0x2c c:/program files (x86)/atollic/truestudio for stm32 9.3.0/armtools/bin/../lib/gcc/arm-atollic-eabi/6.3.1/../../../../arm-atollic-eabi/lib/armv7-m\libstdc++.a(class_type_info.o)
                0x08008c54                __cxxabiv1::__class_type_info::__do_catch(std::type_info const*, void**, unsigned int) const
 .text._ZNK10__cxxabiv117__class_type_info12__do_dyncastEiNS0_10__sub_kindEPKS0_PKvS3_S5_RNS0_16__dyncast_resultE
                0x08008c80       0x40 c:/program files (x86)/atollic/truestudio for stm32 9.3.0/armtools/bin/../lib/gcc/arm-atollic-eabi/6.3.1/../../../../arm-atollic-eabi/lib/armv7-m\libstdc++.a(class_type_info.o)
                0x08008c80                __cxxabiv1::__class_type_info::__do_dyncast(int, __cxxabiv1::__class_type_info::__sub_kind, __cxxabiv1::__class_type_info const*, void const*, __cxxabiv1::__class_type_info const*, void const*, __cxxabiv1::__class_type_info::__dyncast_result&) const
 .text._ZNSt9type_infoD2Ev
                0x08008cc0        0x4 c:/program files (x86)/atollic/truestudio for stm32 9.3.0/armtools/bin/../lib/gcc/arm-atollic-eabi/6.3.1/../../../../arm-atollic-eabi/lib/armv7-m\libstdc++.a(tinfo.o)
                0x08008cc0                std::type_info::~type_info()
                0x08008cc0                std::type_info::~type_info()
 .text._ZNKSt9type_info15__is_function_pEv
                0x08008cc4        0x4 c:/program files (x86)/atollic/truestudio for stm32 9.3.0/armtools/bin/../lib/gcc/arm-atollic-eabi/6.3.1/../../../../arm-atollic-eabi/lib/armv7-m\libstdc++.a(tinfo.o)
                0x08008cc4                std::type_info::__is_pointer_p() const
                0x08008cc4                std::type_info::__is_function_p() const
 .text._ZNKSt9type_infoeqERKS_
                0x08008cc8       0x2c c:/program files (x86)/atollic/truestudio for stm32 9.3.0/armtools/bin/../lib/gcc/arm-atollic-eabi/6.3.1/../../../../arm-atollic-eabi/lib/armv7-m\libstdc++.a(tinfo.o)
                0x08008cc8                std::type_info::operator==(std::type_info const&) const
 .text._ZdlPv   0x08008cf4        0x4 c:/program files (x86)/atollic/truestudio for stm32 9.3.0/armtools/bin/../lib/gcc/arm-atollic-eabi/6.3.1/../../../../arm-atollic-eabi/lib/armv7-m\libstdc++.a(del_op.o)
                0x08008cf4                operator delete(void*)
 .text.cos      0x08008cf8       0x6c c:/program files (x86)/atollic/truestudio for stm32 9.3.0/armtools/bin/../lib/gcc/arm-atollic-eabi/6.3.1/../../../../arm-atollic-eabi/lib/armv7-m\libm.a(lib_a-s_cos.o)
                0x08008cf8                cos
 .text.sin      0x08008d64       0x74 c:/program files (x86)/atollic/truestudio for stm32 9.3.0/armtools/bin/../lib/gcc/arm-atollic-eabi/6.3.1/../../../../arm-atollic-eabi/lib/armv7-m\libm.a(lib_a-s_sin.o)
                0x08008d64                sin
 .text.__ieee754_rem_pio2
                0x08008dd8      0x3e8 c:/program files (x86)/atollic/truestudio for stm32 9.3.0/armtools/bin/../lib/gcc/arm-atollic-eabi/6.3.1/../../../../arm-atollic-eabi/lib/armv7-m\libm.a(lib_a-e_rem_pio2.o)
                0x08008dd8                __ieee754_rem_pio2
 .text.__kernel_cos
                0x080091c0      0x1bc c:/program files (x86)/atollic/truestudio for stm32 9.3.0/armtools/bin/../lib/gcc/arm-atollic-eabi/6.3.1/../../../../arm-atollic-eabi/lib/armv7-m\libm.a(lib_a-k_cos.o)
                0x080091c0                __kernel_cos
 .text.__kernel_rem_pio2
                0x0800937c      0x6a8 c:/program files (x86)/atollic/truestudio for stm32 9.3.0/armtools/bin/../lib/gcc/arm-atollic-eabi/6.3.1/../../../../arm-atollic-eabi/lib/armv7-m\libm.a(lib_a-k_rem_pio2.o)
                0x0800937c                __kernel_rem_pio2
 *fill*         0x08009a24        0x4 
 .text.__kernel_sin
                0x08009a28      0x16c c:/program files (x86)/atollic/truestudio for stm32 9.3.0/armtools/bin/../lib/gcc/arm-atollic-eabi/6.3.1/../../../../arm-atollic-eabi/lib/armv7-m\libm.a(lib_a-k_sin.o)
                0x08009a28                __kernel_sin
 .text.fabs     0x08009b94        0x6 c:/program files (x86)/atollic/truestudio for stm32 9.3.0/armtools/bin/../lib/gcc/arm-atollic-eabi/6.3.1/../../../../arm-atollic-eabi/lib/armv7-m\libm.a(lib_a-s_fabs.o)
                0x08009b94                fabs
 *fill*         0x08009b9a        0x6 
 .text.floor    0x08009ba0      0x108 c:/program files (x86)/atollic/truestudio for stm32 9.3.0/armtools/bin/../lib/gcc/arm-atollic-eabi/6.3.1/../../../../arm-atollic-eabi/lib/armv7-m\libm.a(lib_a-s_floor.o)
                0x08009ba0                floor
 .text.scalbn   0x08009ca8       0xdc c:/program files (x86)/atollic/truestudio for stm32 9.3.0/armtools/bin/../lib/gcc/arm-atollic-eabi/6.3.1/../../../../arm-atollic-eabi/lib/armv7-m\libm.a(lib_a-s_scalbn.o)
                0x08009ca8                scalbn
 .text.copysign
                0x08009d84        0xe c:/program files (x86)/atollic/truestudio for stm32 9.3.0/armtools/bin/../lib/gcc/arm-atollic-eabi/6.3.1/../../../../arm-atollic-eabi/lib/armv7-m\libm.a(lib_a-s_copysign.o)
                0x08009d84                copysign
 *fill*         0x08009d92        0x2 
 .text.__errno  0x08009d94        0xc c:/program files (x86)/atollic/truestudio for stm32 9.3.0/armtools/bin/../lib/gcc/arm-atollic-eabi/6.3.1/../../../../arm-atollic-eabi/lib/armv7-m\libc.a(lib_a-errno.o)
                0x08009d94                __errno
 .text.__libc_init_array
                0x08009da0       0x48 c:/program files (x86)/atollic/truestudio for stm32 9.3.0/armtools/bin/../lib/gcc/arm-atollic-eabi/6.3.1/../../../../arm-atollic-eabi/lib/armv7-m\libc.a(lib_a-init.o)
                0x08009da0                __libc_init_array
 .text.free     0x08009de8       0x10 c:/program files (x86)/atollic/truestudio for stm32 9.3.0/armtools/bin/../lib/gcc/arm-atollic-eabi/6.3.1/../../../../arm-atollic-eabi/lib/armv7-m\libc.a(lib_a-malloc.o)
                0x08009de8                free
 .text._malloc_r
                0x08009df8      0x418 c:/program files (x86)/atollic/truestudio for stm32 9.3.0/armtools/bin/../lib/gcc/arm-atollic-eabi/6.3.1/../../../../arm-atollic-eabi/lib/armv7-m\libc.a(lib_a-mallocr.o)
                0x08009df8                _malloc_r
 .text.memcpy   0x0800a210       0x16 c:/program files (x86)/atollic/truestudio for stm32 9.3.0/armtools/bin/../lib/gcc/arm-atollic-eabi/6.3.1/../../../../arm-atollic-eabi/lib/armv7-m\libc.a(lib_a-memcpy-stub.o)
                0x0800a210                memcpy
 .text.memset   0x0800a226       0x10 c:/program files (x86)/atollic/truestudio for stm32 9.3.0/armtools/bin/../lib/gcc/arm-atollic-eabi/6.3.1/../../../../arm-atollic-eabi/lib/armv7-m\libc.a(lib_a-memset.o)
                0x0800a226                memset
 *fill*         0x0800a236        0x2 
 .text.__malloc_lock
                0x0800a238        0xc c:/program files (x86)/atollic/truestudio for stm32 9.3.0/armtools/bin/../lib/gcc/arm-atollic-eabi/6.3.1/../../../../arm-atollic-eabi/lib/armv7-m\libc.a(lib_a-mlock.o)
                0x0800a238                __malloc_lock
 .text.__malloc_unlock
                0x0800a244        0xc c:/program files (x86)/atollic/truestudio for stm32 9.3.0/armtools/bin/../lib/gcc/arm-atollic-eabi/6.3.1/../../../../arm-atollic-eabi/lib/armv7-m\libc.a(lib_a-mlock.o)
                0x0800a244                __malloc_unlock
 .text.realloc  0x0800a250       0x10 c:/program files (x86)/atollic/truestudio for stm32 9.3.0/armtools/bin/../lib/gcc/arm-atollic-eabi/6.3.1/../../../../arm-atollic-eabi/lib/armv7-m\libc.a(lib_a-realloc.o)
                0x0800a250                realloc
 .text._realloc_r
                0x0800a260      0x304 c:/program files (x86)/atollic/truestudio for stm32 9.3.0/armtools/bin/../lib/gcc/arm-atollic-eabi/6.3.1/../../../../arm-atollic-eabi/lib/armv7-m\libc.a(lib_a-reallocr.o)
                0x0800a260                _realloc_r
 .text._sbrk_r  0x0800a564       0x20 c:/program files (x86)/atollic/truestudio for stm32 9.3.0/armtools/bin/../lib/gcc/arm-atollic-eabi/6.3.1/../../../../arm-atollic-eabi/lib/armv7-m\libc.a(lib_a-sbrkr.o)
                0x0800a564                _sbrk_r
 .text._malloc_trim_r
                0x0800a584       0xac c:/program files (x86)/atollic/truestudio for stm32 9.3.0/armtools/bin/../lib/gcc/arm-atollic-eabi/6.3.1/../../../../arm-atollic-eabi/lib/armv7-m\libc.a(lib_a-freer.o)
                0x0800a584                _malloc_trim_r
 .text._free_r  0x0800a630      0x178 c:/program files (x86)/atollic/truestudio for stm32 9.3.0/armtools/bin/../lib/gcc/arm-atollic-eabi/6.3.1/../../../../arm-atollic-eabi/lib/armv7-m\libc.a(lib_a-freer.o)
                0x0800a630                _free_r
 .text.__retarget_lock_acquire_recursive
                0x0800a7a8        0x2 c:/program files (x86)/atollic/truestudio for stm32 9.3.0/armtools/bin/../lib/gcc/arm-atollic-eabi/6.3.1/../../../../arm-atollic-eabi/lib/armv7-m\libc.a(lib_a-lock.o)
                0x0800a7a8                __retarget_lock_acquire_recursive
 .text.__retarget_lock_release_recursive
                0x0800a7aa        0x2 c:/program files (x86)/atollic/truestudio for stm32 9.3.0/armtools/bin/../lib/gcc/arm-atollic-eabi/6.3.1/../../../../arm-atollic-eabi/lib/armv7-m\libc.a(lib_a-lock.o)
                0x0800a7aa                __retarget_lock_release_recursive
 .text.memmove  0x0800a7ac       0x34 c:/program files (x86)/atollic/truestudio for stm32 9.3.0/armtools/bin/../lib/gcc/arm-atollic-eabi/6.3.1/../../../../arm-atollic-eabi/lib/armv7-m\libc.a(lib_a-memmove.o)
                0x0800a7ac                memmove
 .text.abort    0x0800a7e0        0xe c:/program files (x86)/atollic/truestudio for stm32 9.3.0/armtools/bin/../lib/gcc/arm-atollic-eabi/6.3.1/../../../../arm-atollic-eabi/lib/armv7-m\libc.a(lib_a-abort.o)
                0x0800a7e0                abort
 .text._raise_r
                0x0800a7ee       0x50 c:/program files (x86)/atollic/truestudio for stm32 9.3.0/armtools/bin/../lib/gcc/arm-atollic-eabi/6.3.1/../../../../arm-atollic-eabi/lib/armv7-m\libc.a(lib_a-signal.o)
                0x0800a7ee                _raise_r
 *fill*         0x0800a83e        0x2 
 .text.raise    0x0800a840       0x10 c:/program files (x86)/atollic/truestudio for stm32 9.3.0/armtools/bin/../lib/gcc/arm-atollic-eabi/6.3.1/../../../../arm-atollic-eabi/lib/armv7-m\libc.a(lib_a-signal.o)
                0x0800a840                raise
 .text._kill_r  0x0800a850       0x24 c:/program files (x86)/atollic/truestudio for stm32 9.3.0/armtools/bin/../lib/gcc/arm-atollic-eabi/6.3.1/../../../../arm-atollic-eabi/lib/armv7-m\libc.a(lib_a-signalr.o)
                0x0800a850                _kill_r
 .text._getpid_r
                0x0800a874        0x4 c:/program files (x86)/atollic/truestudio for stm32 9.3.0/armtools/bin/../lib/gcc/arm-atollic-eabi/6.3.1/../../../../arm-atollic-eabi/lib/armv7-m\libc.a(lib_a-signalr.o)
                0x0800a874                _getpid_r
 *(.glue_7)
 .glue_7        0x0800a878        0x0 linker stubs
 *(.glue_7t)
 .glue_7t       0x0800a878        0x0 linker stubs
 *(.eh_frame)
 .eh_frame      0x0800a878        0x0 c:/program files (x86)/atollic/truestudio for stm32 9.3.0/armtools/bin/../lib/gcc/arm-atollic-eabi/6.3.1/armv7-m/crtbegin.o
 *(.init)
 .init          0x0800a878        0x4 c:/program files (x86)/atollic/truestudio for stm32 9.3.0/armtools/bin/../lib/gcc/arm-atollic-eabi/6.3.1/armv7-m/crti.o
                0x0800a878                _init
 .init          0x0800a87c        0x8 c:/program files (x86)/atollic/truestudio for stm32 9.3.0/armtools/bin/../lib/gcc/arm-atollic-eabi/6.3.1/armv7-m/crtn.o
 *(.fini)
 .fini          0x0800a884        0x4 c:/program files (x86)/atollic/truestudio for stm32 9.3.0/armtools/bin/../lib/gcc/arm-atollic-eabi/6.3.1/armv7-m/crti.o
                0x0800a884                _fini
 .fini          0x0800a888        0x8 c:/program files (x86)/atollic/truestudio for stm32 9.3.0/armtools/bin/../lib/gcc/arm-atollic-eabi/6.3.1/armv7-m/crtn.o
                0x0800a890                . = ALIGN (0x4)
                0x0800a890                _etext = .

.vfp11_veneer   0x0800a890        0x0
 .vfp11_veneer  0x0800a890        0x0 linker stubs

.v4_bx          0x0800a890        0x0
 .v4_bx         0x0800a890        0x0 linker stubs

.iplt           0x0800a890        0x0
 .iplt          0x0800a890        0x0 c:/program files (x86)/atollic/truestudio for stm32 9.3.0/armtools/bin/../lib/gcc/arm-atollic-eabi/6.3.1/armv7-m/crtbegin.o

.rodata         0x0800a890      0xbe0
                0x0800a890                . = ALIGN (0x4)
 *(.rodata)
 .rodata        0x0800a890       0x12 Drivers\STM32F1xx_HAL_Driver\Src\stm32f1xx_hal_rcc.o
 *fill*         0x0800a8a2        0x2 
 .rodata        0x0800a8a4       0x1c Src\main.o
 *(.rodata*)
 .rodata._ZTSN3ros3MsgE
                0x0800a8c0        0xb Src\main.o
                0x0800a8c0                typeinfo name for ros::Msg
 *fill*         0x0800a8cb        0x1 
 .rodata._ZTIN3ros3MsgE
                0x0800a8cc        0x8 Src\main.o
                0x0800a8cc                typeinfo for ros::Msg
 .rodata._ZTSN8std_msgs4TimeE
                0x0800a8d4       0x11 Src\main.o
                0x0800a8d4                typeinfo name for std_msgs::Time
 *fill*         0x0800a8e5        0x3 
 .rodata._ZTIN8std_msgs4TimeE
                0x0800a8e8        0xc Src\main.o
                0x0800a8e8                typeinfo for std_msgs::Time
 .rodata._ZTSN14rosserial_msgs9TopicInfoE
                0x0800a8f4       0x1d Src\main.o
                0x0800a8f4                typeinfo name for rosserial_msgs::TopicInfo
 *fill*         0x0800a911        0x3 
 .rodata._ZTIN14rosserial_msgs9TopicInfoE
                0x0800a914        0xc Src\main.o
                0x0800a914                typeinfo for rosserial_msgs::TopicInfo
 .rodata._ZTSN14rosserial_msgs3LogE
                0x0800a920       0x17 Src\main.o
                0x0800a920                typeinfo name for rosserial_msgs::Log
 *fill*         0x0800a937        0x1 
 .rodata._ZTIN14rosserial_msgs3LogE
                0x0800a938        0xc Src\main.o
                0x0800a938                typeinfo for rosserial_msgs::Log
 .rodata._ZTSN14rosserial_msgs20RequestParamResponseE
                0x0800a944       0x29 Src\main.o
                0x0800a944                typeinfo name for rosserial_msgs::RequestParamResponse
 *fill*         0x0800a96d        0x3 
 .rodata._ZTIN14rosserial_msgs20RequestParamResponseE
                0x0800a970        0xc Src\main.o
                0x0800a970                typeinfo for rosserial_msgs::RequestParamResponse
 .rodata._ZTSN3ros15NodeHandleBase_E
                0x0800a97c       0x18 Src\main.o
                0x0800a97c                typeinfo name for ros::NodeHandleBase_
 .rodata._ZTIN3ros15NodeHandleBase_E
                0x0800a994        0x8 Src\main.o
                0x0800a994                typeinfo for ros::NodeHandleBase_
 .rodata._ZTSN3ros11Subscriber_E
                0x0800a99c       0x14 Src\main.o
                0x0800a99c                typeinfo name for ros::Subscriber_
 .rodata._ZTIN3ros11Subscriber_E
                0x0800a9b0        0x8 Src\main.o
                0x0800a9b0                typeinfo for ros::Subscriber_
 .rodata._ZTSN8std_msgs6HeaderE
                0x0800a9b8       0x13 Src\main.o
                0x0800a9b8                typeinfo name for std_msgs::Header
 *fill*         0x0800a9cb        0x1 
 .rodata._ZTIN8std_msgs6HeaderE
                0x0800a9cc        0xc Src\main.o
                0x0800a9cc                typeinfo for std_msgs::Header
 .rodata._ZTSN13geometry_msgs7Vector3E
                0x0800a9d8       0x1a Src\main.o
                0x0800a9d8                typeinfo name for geometry_msgs::Vector3
 *fill*         0x0800a9f2        0x2 
 .rodata._ZTIN13geometry_msgs7Vector3E
                0x0800a9f4        0xc Src\main.o
                0x0800a9f4                typeinfo for geometry_msgs::Vector3
 .rodata._ZTSN13geometry_msgs10QuaternionE
                0x0800aa00       0x1e Src\main.o
                0x0800aa00                typeinfo name for geometry_msgs::Quaternion
 *fill*         0x0800aa1e        0x2 
 .rodata._ZTIN13geometry_msgs10QuaternionE
                0x0800aa20        0xc Src\main.o
                0x0800aa20                typeinfo for geometry_msgs::Quaternion
 .rodata._ZTSN13geometry_msgs9TransformE
                0x0800aa2c       0x1c Src\main.o
                0x0800aa2c                typeinfo name for geometry_msgs::Transform
 .rodata._ZTIN13geometry_msgs9TransformE
                0x0800aa48        0xc Src\main.o
                0x0800aa48                typeinfo for geometry_msgs::Transform
 .rodata._ZTSN13geometry_msgs16TransformStampedE
                0x0800aa54       0x24 Src\main.o
                0x0800aa54                typeinfo name for geometry_msgs::TransformStamped
 .rodata._ZTIN13geometry_msgs16TransformStampedE
                0x0800aa78        0xc Src\main.o
                0x0800aa78                typeinfo for geometry_msgs::TransformStamped
 .rodata._ZTSN2tf9tfMessageE
                0x0800aa84       0x10 Src\main.o
                0x0800aa84                typeinfo name for tf::tfMessage
 .rodata._ZTIN2tf9tfMessageE
                0x0800aa94        0xc Src\main.o
                0x0800aa94                typeinfo for tf::tfMessage
 .rodata._ZTSN3ros11NodeHandle_I13STM32HardwareLi25ELi25ELi2048ELi2048EEE
                0x0800aaa0       0x3d Src\main.o
                0x0800aaa0                typeinfo name for ros::NodeHandle_<STM32Hardware, 25, 25, 2048, 2048>
 *fill*         0x0800aadd        0x3 
 .rodata._ZTIN3ros11NodeHandle_I13STM32HardwareLi25ELi25ELi2048ELi2048EEE
                0x0800aae0        0xc Src\main.o
                0x0800aae0                typeinfo for ros::NodeHandle_<STM32Hardware, 25, 25, 2048, 2048>
 .rodata._ZTSN13geometry_msgs5PointE
                0x0800aaec       0x18 Src\main.o
                0x0800aaec                typeinfo name for geometry_msgs::Point
 .rodata._ZTIN13geometry_msgs5PointE
                0x0800ab04        0xc Src\main.o
                0x0800ab04                typeinfo for geometry_msgs::Point
 .rodata._ZTSN13geometry_msgs4PoseE
                0x0800ab10       0x17 Src\main.o
                0x0800ab10                typeinfo name for geometry_msgs::Pose
 *fill*         0x0800ab27        0x1 
 .rodata._ZTIN13geometry_msgs4PoseE
                0x0800ab28        0xc Src\main.o
                0x0800ab28                typeinfo for geometry_msgs::Pose
 .rodata._ZTSN13geometry_msgs18PoseWithCovarianceE
                0x0800ab34       0x26 Src\main.o
                0x0800ab34                typeinfo name for geometry_msgs::PoseWithCovariance
 *fill*         0x0800ab5a        0x2 
 .rodata._ZTIN13geometry_msgs18PoseWithCovarianceE
                0x0800ab5c        0xc Src\main.o
                0x0800ab5c                typeinfo for geometry_msgs::PoseWithCovariance
 .rodata._ZTSN13geometry_msgs5TwistE
                0x0800ab68       0x18 Src\main.o
                0x0800ab68                typeinfo name for geometry_msgs::Twist
 .rodata._ZTIN13geometry_msgs5TwistE
                0x0800ab80        0xc Src\main.o
                0x0800ab80                typeinfo for geometry_msgs::Twist
 .rodata._ZTSN13geometry_msgs19TwistWithCovarianceE
                0x0800ab8c       0x27 Src\main.o
                0x0800ab8c                typeinfo name for geometry_msgs::TwistWithCovariance
 *fill*         0x0800abb3        0x1 
 .rodata._ZTIN13geometry_msgs19TwistWithCovarianceE
                0x0800abb4        0xc Src\main.o
                0x0800abb4                typeinfo for geometry_msgs::TwistWithCovariance
 .rodata._ZTSN8nav_msgs8OdometryE
                0x0800abc0       0x15 Src\main.o
                0x0800abc0                typeinfo name for nav_msgs::Odometry
 *fill*         0x0800abd5        0x3 
 .rodata._ZTIN8nav_msgs8OdometryE
                0x0800abd8        0xc Src\main.o
                0x0800abd8                typeinfo for nav_msgs::Odometry
 .rodata._ZTSN3ros10SubscriberIN13geometry_msgs5TwistEvEE
                0x0800abe4       0x2d Src\main.o
                0x0800abe4                typeinfo name for ros::Subscriber<geometry_msgs::Twist, void>
 *fill*         0x0800ac11        0x3 
 .rodata._ZTIN3ros10SubscriberIN13geometry_msgs5TwistEvEE
                0x0800ac14        0xc Src\main.o
                0x0800ac14                typeinfo for ros::Subscriber<geometry_msgs::Twist, void>
 .rodata._ZTVN8std_msgs4TimeE
                0x0800ac20       0x18 Src\main.o
                0x0800ac20                vtable for std_msgs::Time
 .rodata._ZTVN14rosserial_msgs9TopicInfoE
                0x0800ac38       0x18 Src\main.o
                0x0800ac38                vtable for rosserial_msgs::TopicInfo
 .rodata._ZTVN14rosserial_msgs3LogE
                0x0800ac50       0x18 Src\main.o
                0x0800ac50                vtable for rosserial_msgs::Log
 .rodata._ZTVN14rosserial_msgs20RequestParamResponseE
                0x0800ac68       0x18 Src\main.o
                0x0800ac68                vtable for rosserial_msgs::RequestParamResponse
 .rodata._ZTVN8std_msgs6HeaderE
                0x0800ac80       0x18 Src\main.o
                0x0800ac80                vtable for std_msgs::Header
 .rodata._ZTVN13geometry_msgs7Vector3E
                0x0800ac98       0x18 Src\main.o
                0x0800ac98                vtable for geometry_msgs::Vector3
 .rodata._ZTVN13geometry_msgs10QuaternionE
                0x0800acb0       0x18 Src\main.o
                0x0800acb0                vtable for geometry_msgs::Quaternion
 .rodata._ZTVN13geometry_msgs9TransformE
                0x0800acc8       0x18 Src\main.o
                0x0800acc8                vtable for geometry_msgs::Transform
 .rodata._ZTVN13geometry_msgs16TransformStampedE
                0x0800ace0       0x18 Src\main.o
                0x0800ace0                vtable for geometry_msgs::TransformStamped
 .rodata._ZTVN2tf9tfMessageE
                0x0800acf8       0x18 Src\main.o
                0x0800acf8                vtable for tf::tfMessage
 .rodata._ZTVN3ros11NodeHandle_I13STM32HardwareLi25ELi25ELi2048ELi2048EEE
                0x0800ad10       0x14 Src\main.o
                0x0800ad10                vtable for ros::NodeHandle_<STM32Hardware, 25, 25, 2048, 2048>
 .rodata._ZTVN13geometry_msgs5PointE
                0x0800ad24       0x18 Src\main.o
                0x0800ad24                vtable for geometry_msgs::Point
 .rodata._ZTVN13geometry_msgs4PoseE
                0x0800ad3c       0x18 Src\main.o
                0x0800ad3c                vtable for geometry_msgs::Pose
 .rodata._ZTVN13geometry_msgs18PoseWithCovarianceE
                0x0800ad54       0x18 Src\main.o
                0x0800ad54                vtable for geometry_msgs::PoseWithCovariance
 .rodata._ZTVN13geometry_msgs5TwistE
                0x0800ad6c       0x18 Src\main.o
                0x0800ad6c                vtable for geometry_msgs::Twist
 .rodata._ZTVN13geometry_msgs19TwistWithCovarianceE
                0x0800ad84       0x18 Src\main.o
                0x0800ad84                vtable for geometry_msgs::TwistWithCovariance
 .rodata._ZTVN8nav_msgs8OdometryE
                0x0800ad9c       0x18 Src\main.o
                0x0800ad9c                vtable for nav_msgs::Odometry
 .rodata._ZTVN3ros10SubscriberIN13geometry_msgs5TwistEvEE
                0x0800adb4       0x18 Src\main.o
                0x0800adb4                vtable for ros::Subscriber<geometry_msgs::Twist, void>
 .rodata._ZN13geometry_msgs10Quaternion6getMD5Ev.str1.4
                0x0800adcc       0x21 Src\main.o
 *fill*         0x0800aded        0x3 
 .rodata._ZN13geometry_msgs10Quaternion7getTypeEv.str1.4
                0x0800adf0       0x19 Src\main.o
 *fill*         0x0800ae09        0x3 
 .rodata._ZN13geometry_msgs16TransformStamped6getMD5Ev.str1.4
                0x0800ae0c       0x21 Src\main.o
 *fill*         0x0800ae2d        0x3 
 .rodata._ZN13geometry_msgs16TransformStamped7getTypeEv.str1.4
                0x0800ae30       0x1f Src\main.o
 *fill*         0x0800ae4f        0x1 
 .rodata._ZN13geometry_msgs18PoseWithCovariance6getMD5Ev.str1.4
                0x0800ae50       0x21 Src\main.o
 *fill*         0x0800ae71        0x3 
 .rodata._ZN13geometry_msgs18PoseWithCovariance7getTypeEv.str1.4
                0x0800ae74       0x21 Src\main.o
 *fill*         0x0800ae95        0x3 
 .rodata._ZN13geometry_msgs19TwistWithCovariance6getMD5Ev.str1.4
                0x0800ae98       0x21 Src\main.o
 *fill*         0x0800aeb9        0x3 
 .rodata._ZN13geometry_msgs19TwistWithCovariance7getTypeEv.str1.4
                0x0800aebc       0x22 Src\main.o
 *fill*         0x0800aede        0x2 
 .rodata._ZN13geometry_msgs4Pose6getMD5Ev.str1.4
                0x0800aee0       0x21 Src\main.o
 *fill*         0x0800af01        0x3 
 .rodata._ZN13geometry_msgs4Pose7getTypeEv.str1.4
                0x0800af04       0x13 Src\main.o
 *fill*         0x0800af17        0x1 
 .rodata._ZN13geometry_msgs5Point7getTypeEv.str1.4
                0x0800af18       0x14 Src\main.o
 .rodata._ZN13geometry_msgs5Twist6getMD5Ev.str1.4
                0x0800af2c       0x21 Src\main.o
 *fill*         0x0800af4d        0x3 
 .rodata._ZN13geometry_msgs5Twist7getTypeEv.str1.4
                0x0800af50       0x14 Src\main.o
 .rodata._ZN13geometry_msgs7Vector36getMD5Ev.str1.4
                0x0800af64       0x21 Src\main.o
 *fill*         0x0800af85        0x3 
 .rodata._ZN13geometry_msgs7Vector37getTypeEv.str1.4
                0x0800af88       0x16 Src\main.o
 *fill*         0x0800af9e        0x2 
 .rodata._ZN13geometry_msgs9Transform6getMD5Ev.str1.4
                0x0800afa0       0x21 Src\main.o
 *fill*         0x0800afc1        0x3 
 .rodata._ZN13geometry_msgs9Transform7getTypeEv.str1.4
                0x0800afc4       0x18 Src\main.o
 .rodata._ZN14rosserial_msgs20RequestParamResponse6getMD5Ev.str1.4
                0x0800afdc       0x21 Src\main.o
 *fill*         0x0800affd        0x3 
 .rodata._ZN14rosserial_msgs3Log6getMD5Ev.str1.4
                0x0800b000       0x21 Src\main.o
 *fill*         0x0800b021        0x3 
 .rodata._ZN14rosserial_msgs3Log7getTypeEv.str1.4
                0x0800b024       0x13 Src\main.o
 *fill*         0x0800b037        0x1 
 .rodata._ZN14rosserial_msgs9TopicInfo6getMD5Ev.str1.4
                0x0800b038       0x21 Src\main.o
 *fill*         0x0800b059        0x3 
 .rodata._ZN14rosserial_msgs9TopicInfo7getTypeEv.str1.4
                0x0800b05c       0x19 Src\main.o
 *fill*         0x0800b075        0x3 
 .rodata._ZN2tf9tfMessage6getMD5Ev.str1.4
                0x0800b078       0x21 Src\main.o
 *fill*         0x0800b099        0x3 
 .rodata._ZN2tf9tfMessage7getTypeEv.str1.4
                0x0800b09c        0xd Src\main.o
 *fill*         0x0800b0a9        0x3 
 .rodata._ZN3ros11NodeHandle_I13STM32HardwareLi25ELi25ELi2048ELi2048EE7publishEiPKNS_3MsgE.str1.4
                0x0800b0ac       0x39 Src\main.o
 .rodata._ZN3ros11NodeHandle_I13STM32HardwareLi25ELi25ELi2048ELi2048EE8spinOnceEv.str1.4
                0x0800b0e5       0x39 Src\main.o
                                  0x1 (size before relaxing)
 *fill*         0x0800b0e5        0x3 
 .rodata._ZN8nav_msgs8Odometry6getMD5Ev.str1.4
                0x0800b0e8       0x21 Src\main.o
 *fill*         0x0800b109        0x3 
 .rodata._ZN8nav_msgs8Odometry7getTypeEv.str1.4
                0x0800b10c       0x12 Src\main.o
 *fill*         0x0800b11e        0x2 
 .rodata._ZN8std_msgs4Time6getMD5Ev.str1.4
                0x0800b120       0x21 Src\main.o
 *fill*         0x0800b141        0x3 
 .rodata._ZN8std_msgs4Time7getTypeEv.str1.4
                0x0800b144        0xe Src\main.o
 *fill*         0x0800b152        0x2 
 .rodata._ZN8std_msgs6Header6getMD5Ev.str1.4
                0x0800b154       0x21 Src\main.o
 *fill*         0x0800b175        0x3 
 .rodata._ZN8std_msgs6Header7getTypeEv.str1.4
                0x0800b178       0x10 Src\main.o
 .rodata.str1.4
                0x0800b188       0x20 Src\main.o
 .rodata.AHBPrescTable
                0x0800b1a8       0x10 Src\system_stm32f1xx.o
                0x0800b1a8                AHBPrescTable
 .rodata.APBPrescTable
                0x0800b1b8        0x8 Src\system_stm32f1xx.o
                0x0800b1b8                APBPrescTable
 .rodata._ZTIN10__cxxabiv120__si_class_type_infoE
                0x0800b1c0        0xc c:/program files (x86)/atollic/truestudio for stm32 9.3.0/armtools/bin/../lib/gcc/arm-atollic-eabi/6.3.1/../../../../arm-atollic-eabi/lib/armv7-m\libstdc++.a(si_class_type_info.o)
                0x0800b1c0                typeinfo for __cxxabiv1::__si_class_type_info
 .rodata._ZTSN10__cxxabiv120__si_class_type_infoE
                0x0800b1cc       0x25 c:/program files (x86)/atollic/truestudio for stm32 9.3.0/armtools/bin/../lib/gcc/arm-atollic-eabi/6.3.1/../../../../arm-atollic-eabi/lib/armv7-m\libstdc++.a(si_class_type_info.o)
                0x0800b1cc                typeinfo name for __cxxabiv1::__si_class_type_info
 *fill*         0x0800b1f1        0x3 
 .rodata._ZTVN10__cxxabiv120__si_class_type_infoE
                0x0800b1f4       0x2c c:/program files (x86)/atollic/truestudio for stm32 9.3.0/armtools/bin/../lib/gcc/arm-atollic-eabi/6.3.1/../../../../arm-atollic-eabi/lib/armv7-m\libstdc++.a(si_class_type_info.o)
                0x0800b1f4                vtable for __cxxabiv1::__si_class_type_info
 .rodata._ZTIN10__cxxabiv117__class_type_infoE
                0x0800b220        0xc c:/program files (x86)/atollic/truestudio for stm32 9.3.0/armtools/bin/../lib/gcc/arm-atollic-eabi/6.3.1/../../../../arm-atollic-eabi/lib/armv7-m\libstdc++.a(class_type_info.o)
                0x0800b220                typeinfo for __cxxabiv1::__class_type_info
 .rodata._ZTSN10__cxxabiv117__class_type_infoE
                0x0800b22c       0x22 c:/program files (x86)/atollic/truestudio for stm32 9.3.0/armtools/bin/../lib/gcc/arm-atollic-eabi/6.3.1/../../../../arm-atollic-eabi/lib/armv7-m\libstdc++.a(class_type_info.o)
                0x0800b22c                typeinfo name for __cxxabiv1::__class_type_info
 *fill*         0x0800b24e        0x2 
 .rodata._ZTVN10__cxxabiv117__class_type_infoE
                0x0800b250       0x2c c:/program files (x86)/atollic/truestudio for stm32 9.3.0/armtools/bin/../lib/gcc/arm-atollic-eabi/6.3.1/../../../../arm-atollic-eabi/lib/armv7-m\libstdc++.a(class_type_info.o)
                0x0800b250                vtable for __cxxabiv1::__class_type_info
 .rodata._ZTISt9type_info
                0x0800b27c        0x8 c:/program files (x86)/atollic/truestudio for stm32 9.3.0/armtools/bin/../lib/gcc/arm-atollic-eabi/6.3.1/../../../../arm-atollic-eabi/lib/armv7-m\libstdc++.a(tinfo.o)
                0x0800b27c                typeinfo for std::type_info
 .rodata._ZTSSt9type_info
                0x0800b284        0xd c:/program files (x86)/atollic/truestudio for stm32 9.3.0/armtools/bin/../lib/gcc/arm-atollic-eabi/6.3.1/../../../../arm-atollic-eabi/lib/armv7-m\libstdc++.a(tinfo.o)
                0x0800b284                typeinfo name for std::type_info
 *fill*         0x0800b291        0x3 
 .rodata.npio2_hw
                0x0800b294       0x80 c:/program files (x86)/atollic/truestudio for stm32 9.3.0/armtools/bin/../lib/gcc/arm-atollic-eabi/6.3.1/../../../../arm-atollic-eabi/lib/armv7-m\libm.a(lib_a-e_rem_pio2.o)
 .rodata.two_over_pi
                0x0800b314      0x108 c:/program files (x86)/atollic/truestudio for stm32 9.3.0/armtools/bin/../lib/gcc/arm-atollic-eabi/6.3.1/../../../../arm-atollic-eabi/lib/armv7-m\libm.a(lib_a-e_rem_pio2.o)
 *fill*         0x0800b41c        0x4 
 .rodata.PIo2   0x0800b420       0x40 c:/program files (x86)/atollic/truestudio for stm32 9.3.0/armtools/bin/../lib/gcc/arm-atollic-eabi/6.3.1/../../../../arm-atollic-eabi/lib/armv7-m\libm.a(lib_a-k_rem_pio2.o)
 .rodata.init_jk
                0x0800b460       0x10 c:/program files (x86)/atollic/truestudio for stm32 9.3.0/armtools/bin/../lib/gcc/arm-atollic-eabi/6.3.1/../../../../arm-atollic-eabi/lib/armv7-m\libm.a(lib_a-k_rem_pio2.o)
                0x0800b470                . = ALIGN (0x4)

.ARM.extab      0x0800b470       0x48
 *(.ARM.extab* .gnu.linkonce.armextab.*)
 .ARM.extab.text._ZNK8std_msgs4Time9serializeEPh
                0x0800b470        0x0 Src\main.o
 .ARM.extab.text._ZN8std_msgs4Time11deserializeEPh
                0x0800b470        0x0 Src\main.o
 .ARM.extab.text._ZN8std_msgs4Time7getTypeEv
                0x0800b470        0x0 Src\main.o
 .ARM.extab.text._ZN8std_msgs4Time6getMD5Ev
                0x0800b470        0x0 Src\main.o
 .ARM.extab.text._ZN14rosserial_msgs9TopicInfo11deserializeEPh
                0x0800b470        0x0 Src\main.o
 .ARM.extab.text._ZN14rosserial_msgs9TopicInfo7getTypeEv
                0x0800b470        0x0 Src\main.o
 .ARM.extab.text._ZN14rosserial_msgs9TopicInfo6getMD5Ev
                0x0800b470        0x0 Src\main.o
 .ARM.extab.text._ZN14rosserial_msgs3Log11deserializeEPh
                0x0800b470        0x0 Src\main.o
 .ARM.extab.text._ZN14rosserial_msgs3Log7getTypeEv
                0x0800b470        0x0 Src\main.o
 .ARM.extab.text._ZN14rosserial_msgs3Log6getMD5Ev
                0x0800b470        0x0 Src\main.o
 .ARM.extab.text._ZN14rosserial_msgs20RequestParamResponse7getTypeEv
                0x0800b470        0x0 Src\main.o
 .ARM.extab.text._ZN14rosserial_msgs20RequestParamResponse6getMD5Ev
                0x0800b470        0x0 Src\main.o
 .ARM.extab.text._ZN8std_msgs6Header11deserializeEPh
                0x0800b470        0x0 Src\main.o
 .ARM.extab.text._ZN8std_msgs6Header7getTypeEv
                0x0800b470        0x0 Src\main.o
 .ARM.extab.text._ZN8std_msgs6Header6getMD5Ev
                0x0800b470        0x0 Src\main.o
 .ARM.extab.text._ZNK13geometry_msgs7Vector39serializeEPh
                0x0800b470        0x0 Src\main.o
 .ARM.extab.text._ZN13geometry_msgs7Vector311deserializeEPh
                0x0800b470        0x0 Src\main.o
 .ARM.extab.text._ZN13geometry_msgs7Vector37getTypeEv
                0x0800b470        0x0 Src\main.o
 .ARM.extab.text._ZN13geometry_msgs7Vector36getMD5Ev
                0x0800b470        0x0 Src\main.o
 .ARM.extab.text._ZNK13geometry_msgs10Quaternion9serializeEPh
                0x0800b470        0x0 Src\main.o
 .ARM.extab.text._ZN13geometry_msgs10Quaternion11deserializeEPh
                0x0800b470        0x0 Src\main.o
 .ARM.extab.text._ZN13geometry_msgs10Quaternion7getTypeEv
                0x0800b470        0x0 Src\main.o
 .ARM.extab.text._ZN13geometry_msgs10Quaternion6getMD5Ev
                0x0800b470        0x0 Src\main.o
 .ARM.extab.text._ZN13geometry_msgs9Transform7getTypeEv
                0x0800b470        0x0 Src\main.o
 .ARM.extab.text._ZN13geometry_msgs9Transform6getMD5Ev
                0x0800b470        0x0 Src\main.o
 .ARM.extab.text._ZN13geometry_msgs16TransformStamped7getTypeEv
                0x0800b470        0x0 Src\main.o
 .ARM.extab.text._ZN13geometry_msgs16TransformStamped6getMD5Ev
                0x0800b470        0x0 Src\main.o
 .ARM.extab.text._ZNK2tf9tfMessage9serializeEPh
                0x0800b470        0x0 Src\main.o
 .ARM.extab.text._ZN2tf9tfMessage7getTypeEv
                0x0800b470        0x0 Src\main.o
 .ARM.extab.text._ZN2tf9tfMessage6getMD5Ev
                0x0800b470        0x0 Src\main.o
 .ARM.extab.text._ZNK13geometry_msgs5Point9serializeEPh
                0x0800b470        0x0 Src\main.o
 .ARM.extab.text._ZN13geometry_msgs5Point11deserializeEPh
                0x0800b470        0x0 Src\main.o
 .ARM.extab.text._ZN13geometry_msgs5Point7getTypeEv
                0x0800b470        0x0 Src\main.o
 .ARM.extab.text._ZN13geometry_msgs5Point6getMD5Ev
                0x0800b470        0x0 Src\main.o
 .ARM.extab.text._ZN13geometry_msgs4Pose7getTypeEv
                0x0800b470        0x0 Src\main.o
 .ARM.extab.text._ZN13geometry_msgs4Pose6getMD5Ev
                0x0800b470        0x0 Src\main.o
 .ARM.extab.text._ZN13geometry_msgs18PoseWithCovariance7getTypeEv
                0x0800b470        0x0 Src\main.o
 .ARM.extab.text._ZN13geometry_msgs18PoseWithCovariance6getMD5Ev
                0x0800b470        0x0 Src\main.o
 .ARM.extab.text._ZN13geometry_msgs5Twist7getTypeEv
                0x0800b470        0x0 Src\main.o
 .ARM.extab.text._ZN13geometry_msgs5Twist6getMD5Ev
                0x0800b470        0x0 Src\main.o
 .ARM.extab.text._ZN13geometry_msgs19TwistWithCovariance7getTypeEv
                0x0800b470        0x0 Src\main.o
 .ARM.extab.text._ZN13geometry_msgs19TwistWithCovariance6getMD5Ev
                0x0800b470        0x0 Src\main.o
 .ARM.extab.text._ZN8nav_msgs8Odometry7getTypeEv
                0x0800b470        0x0 Src\main.o
 .ARM.extab.text._ZN8nav_msgs8Odometry6getMD5Ev
                0x0800b470        0x0 Src\main.o
 .ARM.extab.text._ZN3ros11NodeHandle_I13STM32HardwareLi25ELi25ELi2048ELi2048EE9connectedEv
                0x0800b470        0x0 Src\main.o
 .ARM.extab.text._ZN3ros10SubscriberIN13geometry_msgs5TwistEvE15getEndpointTypeEv
                0x0800b470        0x0 Src\main.o
 .ARM.extab.text._ZN3ros10SubscriberIN13geometry_msgs5TwistEvE10getMsgTypeEv
                0x0800b470        0x0 Src\main.o
 .ARM.extab.text._ZN3ros10SubscriberIN13geometry_msgs5TwistEvE9getMsgMD5Ev
                0x0800b470        0x0 Src\main.o
 .ARM.extab.text._ZL19MX_USART1_UART_Initv
                0x0800b470        0xc Src\main.o
 .ARM.extab.text._ZL19MX_USART2_UART_Initv
                0x0800b47c        0xc Src\main.o
 .ARM.extab.text._ZL19MX_USART3_UART_Initv
                0x0800b488        0xc Src\main.o
 .ARM.extab.text._ZNK8std_msgs6Header9serializeEPh
                0x0800b494        0x0 Src\main.o
 .ARM.extab.text._ZNK14rosserial_msgs9TopicInfo9serializeEPh
                0x0800b494        0x0 Src\main.o
 .ARM.extab.text._ZNK14rosserial_msgs3Log9serializeEPh
                0x0800b494        0x0 Src\main.o
 .ARM.extab.text._ZNK14rosserial_msgs20RequestParamResponse9serializeEPh
                0x0800b494        0x0 Src\main.o
 .ARM.extab.text._ZN14rosserial_msgs20RequestParamResponse11deserializeEPh
                0x0800b494        0x0 Src\main.o
 .ARM.extab.text._ZN3ros11NodeHandle_I13STM32HardwareLi25ELi25ELi2048ELi2048EE7publishEiPKNS_3MsgE
                0x0800b494        0x0 Src\main.o
 .ARM.extab.text._ZNK13geometry_msgs5Twist9serializeEPh
                0x0800b494        0x0 Src\main.o
 .ARM.extab.text._ZN2tf9tfMessage11deserializeEPh
                0x0800b494        0x0 Src\main.o
 .ARM.extab.text._ZNK13geometry_msgs4Pose9serializeEPh
                0x0800b494        0x0 Src\main.o
 .ARM.extab.text._ZNK13geometry_msgs9Transform9serializeEPh
                0x0800b494        0x0 Src\main.o
 .ARM.extab.text._ZNK13geometry_msgs19TwistWithCovariance9serializeEPh
                0x0800b494        0x0 Src\main.o
 .ARM.extab.text._ZNK13geometry_msgs16TransformStamped9serializeEPh
                0x0800b494        0x0 Src\main.o
 .ARM.extab.text._ZNK8nav_msgs8Odometry9serializeEPh
                0x0800b494        0x0 Src\main.o
 .ARM.extab.text._ZNK13geometry_msgs18PoseWithCovariance9serializeEPh
                0x0800b494        0x0 Src\main.o
 .ARM.extab.text._ZN3ros10SubscriberIN13geometry_msgs5TwistEvE8callbackEPh
                0x0800b494        0x0 Src\main.o
 .ARM.extab.text._ZN13geometry_msgs5Twist11deserializeEPh
                0x0800b494        0x0 Src\main.o
 .ARM.extab.text._ZN13geometry_msgs9Transform11deserializeEPh
                0x0800b494        0x0 Src\main.o
 .ARM.extab.text._ZN13geometry_msgs4Pose11deserializeEPh
                0x0800b494        0x0 Src\main.o
 .ARM.extab.text._ZN13geometry_msgs19TwistWithCovariance11deserializeEPh
                0x0800b494        0x0 Src\main.o
 .ARM.extab.text._ZN13geometry_msgs16TransformStamped11deserializeEPh
                0x0800b494        0x0 Src\main.o
 .ARM.extab.text._ZN8nav_msgs8Odometry11deserializeEPh
                0x0800b494        0x0 Src\main.o
 .ARM.extab.text._ZN13geometry_msgs18PoseWithCovariance11deserializeEPh
                0x0800b494        0x0 Src\main.o
 .ARM.extab.text._ZN3ros11NodeHandle_I13STM32HardwareLi25ELi25ELi2048ELi2048EE8spinOnceEv
                0x0800b494        0x0 Src\main.o
 .ARM.extab.text.HAL_UART_RxCpltCallback
                0x0800b494        0xc Src\main.o
 .ARM.extab.text._ZN8nav_msgs8OdometryC2Ev
                0x0800b4a0        0x0 Src\main.o
 .ARM.extab.text._ZN3ros11NodeHandle_I13STM32HardwareLi25ELi25ELi2048ELi2048EE3nowEv
                0x0800b4a0        0x0 Src\main.o
 .ARM.extab     0x0800b4a0       0x18 c:/program files (x86)/atollic/truestudio for stm32 9.3.0/armtools/bin/../lib/gcc/arm-atollic-eabi/6.3.1/armv7-m\libgcc.a(pr-support.o)

.ARM            0x0800b4b8      0x188
                0x0800b4b8                __exidx_start = .
 *(.ARM.exidx*)
 .ARM.exidx.text._Z11cobs_encodePKhjPh
                0x0800b570        0x0 Src\cobs.o
                                  0x8 (size before relaxing)
 .ARM.exidx.text._Z11cobs_decodePKhjPh
                0x0800b570        0x0 Src\cobs.o
                                  0x8 (size before relaxing)
 .ARM.exidx.text._ZNK8std_msgs4Time9serializeEPh
                0x0800b570        0x0 Src\main.o
                                  0x8 (size before relaxing)
 .ARM.exidx.text._ZN8std_msgs4Time11deserializeEPh
                0x0800b570        0x0 Src\main.o
                                  0x8 (size before relaxing)
 .ARM.exidx.text._ZN8std_msgs4Time7getTypeEv
                0x0800b570        0x0 Src\main.o
                                  0x8 (size before relaxing)
 .ARM.exidx.text._ZN8std_msgs4Time6getMD5Ev
                0x0800b570        0x0 Src\main.o
                                  0x8 (size before relaxing)
 .ARM.exidx.text._ZN14rosserial_msgs9TopicInfo11deserializeEPh
                0x0800b570        0x0 Src\main.o
                                  0x8 (size before relaxing)
 .ARM.exidx.text._ZN14rosserial_msgs9TopicInfo7getTypeEv
                0x0800b570        0x0 Src\main.o
                                  0x8 (size before relaxing)
 .ARM.exidx.text._ZN14rosserial_msgs9TopicInfo6getMD5Ev
                0x0800b570        0x0 Src\main.o
                                  0x8 (size before relaxing)
 .ARM.exidx.text._ZN14rosserial_msgs3Log11deserializeEPh
                0x0800b570        0x0 Src\main.o
                                  0x8 (size before relaxing)
 .ARM.exidx.text._ZN14rosserial_msgs3Log7getTypeEv
                0x0800b570        0x0 Src\main.o
                                  0x8 (size before relaxing)
 .ARM.exidx.text._ZN14rosserial_msgs3Log6getMD5Ev
                0x0800b570        0x0 Src\main.o
                                  0x8 (size before relaxing)
 .ARM.exidx.text._ZN14rosserial_msgs20RequestParamResponse7getTypeEv
                0x0800b570        0x0 Src\main.o
                                  0x8 (size before relaxing)
 .ARM.exidx.text._ZN14rosserial_msgs20RequestParamResponse6getMD5Ev
                0x0800b570        0x0 Src\main.o
                                  0x8 (size before relaxing)
 .ARM.exidx.text._ZN8std_msgs6Header11deserializeEPh
                0x0800b570        0x0 Src\main.o
                                  0x8 (size before relaxing)
 .ARM.exidx.text._ZN8std_msgs6Header7getTypeEv
                0x0800b570        0x0 Src\main.o
                                  0x8 (size before relaxing)
 .ARM.exidx.text._ZN8std_msgs6Header6getMD5Ev
                0x0800b570        0x0 Src\main.o
                                  0x8 (size before relaxing)
 .ARM.exidx.text._ZNK13geometry_msgs7Vector39serializeEPh
                0x0800b570        0x0 Src\main.o
                                  0x8 (size before relaxing)
 .ARM.exidx.text._ZN13geometry_msgs7Vector311deserializeEPh
                0x0800b570        0x0 Src\main.o
                                  0x8 (size before relaxing)
 .ARM.exidx.text._ZN13geometry_msgs7Vector37getTypeEv
                0x0800b570        0x0 Src\main.o
                                  0x8 (size before relaxing)
 .ARM.exidx.text._ZN13geometry_msgs7Vector36getMD5Ev
                0x0800b570        0x0 Src\main.o
                                  0x8 (size before relaxing)
 .ARM.exidx.text._ZNK13geometry_msgs10Quaternion9serializeEPh
                0x0800b570        0x0 Src\main.o
                                  0x8 (size before relaxing)
 .ARM.exidx.text._ZN13geometry_msgs10Quaternion11deserializeEPh
                0x0800b570        0x0 Src\main.o
                                  0x8 (size before relaxing)
 .ARM.exidx.text._ZN13geometry_msgs10Quaternion7getTypeEv
                0x0800b570        0x0 Src\main.o
                                  0x8 (size before relaxing)
 .ARM.exidx.text._ZN13geometry_msgs10Quaternion6getMD5Ev
                0x0800b570        0x0 Src\main.o
                                  0x8 (size before relaxing)
 .ARM.exidx.text._ZN13geometry_msgs9Transform7getTypeEv
                0x0800b570        0x0 Src\main.o
                                  0x8 (size before relaxing)
 .ARM.exidx.text._ZN13geometry_msgs9Transform6getMD5Ev
                0x0800b570        0x0 Src\main.o
                                  0x8 (size before relaxing)
 .ARM.exidx.text._ZN13geometry_msgs16TransformStamped7getTypeEv
                0x0800b570        0x0 Src\main.o
                                  0x8 (size before relaxing)
 .ARM.exidx.text._ZN13geometry_msgs16TransformStamped6getMD5Ev
                0x0800b570        0x0 Src\main.o
                                  0x8 (size before relaxing)
 .ARM.exidx.text._ZNK2tf9tfMessage9serializeEPh
                0x0800b570        0x8 Src\main.o
 .ARM.exidx.text._ZN2tf9tfMessage7getTypeEv
                0x0800b578        0x8 Src\main.o
 .ARM.exidx.text._ZN2tf9tfMessage6getMD5Ev
                0x0800b580        0x0 Src\main.o
                                  0x8 (size before relaxing)
 .ARM.exidx.text._ZNK13geometry_msgs5Point9serializeEPh
                0x0800b580        0x0 Src\main.o
                                  0x8 (size before relaxing)
 .ARM.exidx.text._ZN13geometry_msgs5Point11deserializeEPh
                0x0800b580        0x0 Src\main.o
                                  0x8 (size before relaxing)
 .ARM.exidx.text._ZN13geometry_msgs5Point7getTypeEv
                0x0800b580        0x0 Src\main.o
                                  0x8 (size before relaxing)
 .ARM.exidx.text._ZN13geometry_msgs5Point6getMD5Ev
                0x0800b580        0x0 Src\main.o
                                  0x8 (size before relaxing)
 .ARM.exidx.text._ZN13geometry_msgs4Pose7getTypeEv
                0x0800b580        0x0 Src\main.o
                                  0x8 (size before relaxing)
 .ARM.exidx.text._ZN13geometry_msgs4Pose6getMD5Ev
                0x0800b580        0x0 Src\main.o
                                  0x8 (size before relaxing)
 .ARM.exidx.text._ZN13geometry_msgs18PoseWithCovariance7getTypeEv
                0x0800b580        0x0 Src\main.o
                                  0x8 (size before relaxing)
 .ARM.exidx.text._ZN13geometry_msgs18PoseWithCovariance6getMD5Ev
                0x0800b580        0x0 Src\main.o
                                  0x8 (size before relaxing)
 .ARM.exidx.text._ZN13geometry_msgs5Twist7getTypeEv
                0x0800b580        0x0 Src\main.o
                                  0x8 (size before relaxing)
 .ARM.exidx.text._ZN13geometry_msgs5Twist6getMD5Ev
                0x0800b580        0x0 Src\main.o
                                  0x8 (size before relaxing)
 .ARM.exidx.text._ZN13geometry_msgs19TwistWithCovariance7getTypeEv
                0x0800b580        0x0 Src\main.o
                                  0x8 (size before relaxing)
 .ARM.exidx.text._ZN13geometry_msgs19TwistWithCovariance6getMD5Ev
                0x0800b580        0x0 Src\main.o
                                  0x8 (size before relaxing)
 .ARM.exidx.text._ZN8nav_msgs8Odometry7getTypeEv
                0x0800b580        0x0 Src\main.o
                                  0x8 (size before relaxing)
 .ARM.exidx.text._ZN8nav_msgs8Odometry6getMD5Ev
                0x0800b580        0x0 Src\main.o
                                  0x8 (size before relaxing)
 .ARM.exidx.text._ZN3ros11NodeHandle_I13STM32HardwareLi25ELi25ELi2048ELi2048EE9connectedEv