Archive member included to satisfy reference by file (symbol)

c:/program files (x86)/atollic/truestudio for stm32 9.3.0/armtools/bin/../lib/gcc/arm-atollic-eabi/6.3.1/../../../../arm-atollic-eabi/lib/armv7-m\libstdc++.a(si_class_type_info.o)
                              Src\main.o (vtable for __cxxabiv1::__si_class_type_info)
c:/program files (x86)/atollic/truestudio for stm32 9.3.0/armtools/bin/../lib/gcc/arm-atollic-eabi/6.3.1/../../../../arm-atollic-eabi/lib/armv7-m\libstdc++.a(del_ops.o)
                              c:/program files (x86)/atollic/truestudio for stm32 9.3.0/armtools/bin/../lib/gcc/arm-atollic-eabi/6.3.1/../../../../arm-atollic-eabi/lib/armv7-m\libstdc++.a(si_class_type_info.o) (operator delete(void*, unsigned int))
c:/program files (x86)/atollic/truestudio for stm32 9.3.0/armtools/bin/../lib/gcc/arm-atollic-eabi/6.3.1/../../../../arm-atollic-eabi/lib/armv7-m\libstdc++.a(class_type_info.o)
                              c:/program files (x86)/atollic/truestudio for stm32 9.3.0/armtools/bin/../lib/gcc/arm-atollic-eabi/6.3.1/../../../../arm-atollic-eabi/lib/armv7-m\libstdc++.a(si_class_type_info.o) (__cxxabiv1::__class_type_info::__do_upcast(__cxxabiv1::__class_type_info const*, void**) const)
c:/program files (x86)/atollic/truestudio for stm32 9.3.0/armtools/bin/../lib/gcc/arm-atollic-eabi/6.3.1/../../../../arm-atollic-eabi/lib/armv7-m\libstdc++.a(tinfo.o)
                              c:/program files (x86)/atollic/truestudio for stm32 9.3.0/armtools/bin/../lib/gcc/arm-atollic-eabi/6.3.1/../../../../arm-atollic-eabi/lib/armv7-m\libstdc++.a(class_type_info.o) (std::type_info::~type_info())
c:/program files (x86)/atollic/truestudio for stm32 9.3.0/armtools/bin/../lib/gcc/arm-atollic-eabi/6.3.1/../../../../arm-atollic-eabi/lib/armv7-m\libstdc++.a(del_op.o)
                              c:/program files (x86)/atollic/truestudio for stm32 9.3.0/armtools/bin/../lib/gcc/arm-atollic-eabi/6.3.1/../../../../arm-atollic-eabi/lib/armv7-m\libstdc++.a(del_ops.o) (operator delete(void*))
c:/program files (x86)/atollic/truestudio for stm32 9.3.0/armtools/bin/../lib/gcc/arm-atollic-eabi/6.3.1/../../../../arm-atollic-eabi/lib/armv7-m\libc.a(lib_a-errno.o)
                              Src\syscalls.o (__errno)
c:/program files (x86)/atollic/truestudio for stm32 9.3.0/armtools/bin/../lib/gcc/arm-atollic-eabi/6.3.1/../../../../arm-atollic-eabi/lib/armv7-m\libc.a(lib_a-impure.o)
                              c:/program files (x86)/atollic/truestudio for stm32 9.3.0/armtools/bin/../lib/gcc/arm-atollic-eabi/6.3.1/../../../../arm-atollic-eabi/lib/armv7-m\libc.a(lib_a-errno.o) (_impure_ptr)
c:/program files (x86)/atollic/truestudio for stm32 9.3.0/armtools/bin/../lib/gcc/arm-atollic-eabi/6.3.1/../../../../arm-atollic-eabi/lib/armv7-m\libc.a(lib_a-init.o)
                              startup\startup_stm32f103xb.o (__libc_init_array)
c:/program files (x86)/atollic/truestudio for stm32 9.3.0/armtools/bin/../lib/gcc/arm-atollic-eabi/6.3.1/../../../../arm-atollic-eabi/lib/armv7-m\libc.a(lib_a-malloc.o)
                              c:/program files (x86)/atollic/truestudio for stm32 9.3.0/armtools/bin/../lib/gcc/arm-atollic-eabi/6.3.1/../../../../arm-atollic-eabi/lib/armv7-m\libstdc++.a(del_op.o) (free)
c:/program files (x86)/atollic/truestudio for stm32 9.3.0/armtools/bin/../lib/gcc/arm-atollic-eabi/6.3.1/../../../../arm-atollic-eabi/lib/armv7-m\libc.a(lib_a-mallocr.o)
                              c:/program files (x86)/atollic/truestudio for stm32 9.3.0/armtools/bin/../lib/gcc/arm-atollic-eabi/6.3.1/../../../../arm-atollic-eabi/lib/armv7-m\libc.a(lib_a-malloc.o) (_malloc_r)
c:/program files (x86)/atollic/truestudio for stm32 9.3.0/armtools/bin/../lib/gcc/arm-atollic-eabi/6.3.1/../../../../arm-atollic-eabi/lib/armv7-m\libc.a(lib_a-memcpy-stub.o)
                              Src\main.o (memcpy)
c:/program files (x86)/atollic/truestudio for stm32 9.3.0/armtools/bin/../lib/gcc/arm-atollic-eabi/6.3.1/../../../../arm-atollic-eabi/lib/armv7-m\libc.a(lib_a-memset.o)
                              Src\main.o (memset)
c:/program files (x86)/atollic/truestudio for stm32 9.3.0/armtools/bin/../lib/gcc/arm-atollic-eabi/6.3.1/../../../../arm-atollic-eabi/lib/armv7-m\libc.a(lib_a-mlock.o)
                              c:/program files (x86)/atollic/truestudio for stm32 9.3.0/armtools/bin/../lib/gcc/arm-atollic-eabi/6.3.1/../../../../arm-atollic-eabi/lib/armv7-m\libc.a(lib_a-mallocr.o) (__malloc_lock)
c:/program files (x86)/atollic/truestudio for stm32 9.3.0/armtools/bin/../lib/gcc/arm-atollic-eabi/6.3.1/../../../../arm-atollic-eabi/lib/armv7-m\libc.a(lib_a-realloc.o)
                              Src\main.o (realloc)
c:/program files (x86)/atollic/truestudio for stm32 9.3.0/armtools/bin/../lib/gcc/arm-atollic-eabi/6.3.1/../../../../arm-atollic-eabi/lib/armv7-m\libc.a(lib_a-reallocr.o)
[...]
Memory Configuration

Name             Origin             Length             Attributes
RAM              0x20000000         0x00005000         xrw
FLASH            0x08000000         0x00010000         xr
*default*        0x00000000         0xffffffff

Linker script and memory map

LOAD c:/program files (x86)/atollic/truestudio for stm32 9.3.0/armtools/bin/../lib/gcc/arm-atollic-eabi/6.3.1/armv7-m/crti.o
LOAD c:/program files (x86)/atollic/truestudio for stm32 9.3.0/armtools/bin/../lib/gcc/arm-atollic-eabi/6.3.1/armv7-m/crtbegin.o
LOAD Drivers\STM32F1xx_HAL_Driver\Src\stm32f1xx_hal.o
LOAD Drivers\STM32F1xx_HAL_Driver\Src\stm32f1xx_hal_cortex.o
LOAD Drivers\STM32F1xx_HAL_Driver\Src\stm32f1xx_hal_dma.o
LOAD Drivers\STM32F1xx_HAL_Driver\Src\stm32f1xx_hal_exti.o
LOAD Drivers\STM32F1xx_HAL_Driver\Src\stm32f1xx_hal_flash.o
LOAD Drivers\STM32F1xx_HAL_Driver\Src\stm32f1xx_hal_flash_ex.o
LOAD Drivers\STM32F1xx_HAL_Driver\Src\stm32f1xx_hal_gpio.o
LOAD Drivers\STM32F1xx_HAL_Driver\Src\stm32f1xx_hal_gpio_ex.o
LOAD Drivers\STM32F1xx_HAL_Driver\Src\stm32f1xx_hal_pwr.o
LOAD Drivers\STM32F1xx_HAL_Driver\Src\stm32f1xx_hal_rcc.o
LOAD Drivers\STM32F1xx_HAL_Driver\Src\stm32f1xx_hal_rcc_ex.o
LOAD Drivers\STM32F1xx_HAL_Driver\Src\stm32f1xx_hal_tim.o
LOAD Drivers\STM32F1xx_HAL_Driver\Src\stm32f1xx_hal_tim_ex.o
LOAD Drivers\STM32F1xx_HAL_Driver\Src\stm32f1xx_hal_uart.o
LOAD Src\cobs.o
LOAD Src\main.o
LOAD Src\stm32f1xx_hal_msp.o
LOAD Src\stm32f1xx_it.o
LOAD Src\syscalls.o
LOAD Src\system_stm32f1xx.o
LOAD ros_lib\duration.o
LOAD ros_lib\time.o
LOAD startup\startup_stm32f103xb.o
                0x00001000                malloc_getpagesize_P = 0x1000
START GROUP
LOAD c:/program files (x86)/atollic/truestudio for stm32 9.3.0/armtools/bin/../lib/gcc/arm-atollic-eabi/6.3.1/../../../../arm-atollic-eabi/lib/armv7-m\libstdc++.a
LOAD c:/program files (x86)/atollic/truestudio for stm32 9.3.0/armtools/bin/../lib/gcc/arm-atollic-eabi/6.3.1/../../../../arm-atollic-eabi/lib/armv7-m\libsupc++.a
END GROUP
LOAD c:/program files (x86)/atollic/truestudio for stm32 9.3.0/armtools/bin/../lib/gcc/arm-atollic-eabi/6.3.1/../../../../arm-atollic-eabi/lib/armv7-m\libstdc++.a
LOAD c:/program files (x86)/atollic/truestudio for stm32 9.3.0/armtools/bin/../lib/gcc/arm-atollic-eabi/6.3.1/../../../../arm-atollic-eabi/lib/armv7-m\libm.a
LOAD c:/program files (x86)/atollic/truestudio for stm32 9.3.0/armtools/bin/../lib/gcc/arm-atollic-eabi/6.3.1/../../../../arm-atollic-eabi/lib/armv7-m\libc.a
START GROUP
LOAD c:/program files (x86)/atollic/truestudio for stm32 9.3.0/armtools/bin/../lib/gcc/arm-atollic-eabi/6.3.1/armv7-m\libgcc.a
LOAD c:/program files (x86)/atollic/truestudio for stm32 9.3.0/armtools/bin/../lib/gcc/arm-atollic-eabi/6.3.1/../../../../arm-atollic-eabi/lib/armv7-m\libc.a
END GROUP
START GROUP
LOAD c:/program files (x86)/atollic/truestudio for stm32 9.3.0/armtools/bin/../lib/gcc/arm-atollic-eabi/6.3.1/armv7-m\libgcc.a
LOAD c:/program files (x86)/atollic/truestudio for stm32 9.3.0/armtools/bin/../lib/gcc/arm-atollic-eabi/6.3.1/../../../../arm-atollic-eabi/lib/armv7-m\libc.a
LOAD c:/program files (x86)/atollic/truestudio for stm32 9.3.0/armtools/bin/../lib/gcc/arm-atollic-eabi/6.3.1/../../../../arm-atollic-eabi/lib/armv7-m\libnosys.a
END GROUP
LOAD c:/program files (x86)/atollic/truestudio for stm32 9.3.0/armtools/bin/../lib/gcc/arm-atollic-eabi/6.3.1/armv7-m/crtend.o
LOAD c:/program files (x86)/atollic/truestudio for stm32 9.3.0/armtools/bin/../lib/gcc/arm-atollic-eabi/6.3.1/armv7-m/crtn.o
                0x20005000                _estack = 0x20005000
                0x00000200                _Min_Heap_Size = 0x200
                0x00000400                _Min_Stack_Size = 0x400

.isr_vector     0x08000000      0x10c
                0x08000000                . = ALIGN (0x4)
 *(.isr_vector)
 .isr_vector    0x08000000      0x10c startup\startup_stm32f103xb.o
                0x08000000                g_pfnVectors
                0x0800010c                . = ALIGN (0x4)

.text           0x0800010c     0x5cdc
                0x0800010c                . = ALIGN (0x4)
 *(.text)
 .text          0x0800010c       0x40 c:/program files (x86)/atollic/truestudio for stm32 9.3.0/armtools/bin/../lib/gcc/arm-atollic-eabi/6.3.1/armv7-m/crtbegin.o
 .text          0x0800014c       0x14 c:/program files (x86)/atollic/truestudio for stm32 9.3.0/armtools/bin/../lib/gcc/arm-atollic-eabi/6.3.1/../../../../arm-atollic-eabi/lib/armv7-m\libc.a(lib_a-strcmp.o)
                0x0800014c                strcmp
 .text          0x08000160       0x10 c:/program files (x86)/atollic/truestudio for stm32 9.3.0/armtools/bin/../lib/gcc/arm-atollic-eabi/6.3.1/../../../../arm-atollic-eabi/lib/armv7-m\libc.a(lib_a-strlen.o)
                0x08000160                strlen
 .text          0x08000170      0x370 c:/program files (x86)/atollic/truestudio for stm32 9.3.0/armtools/bin/../lib/gcc/arm-atollic-eabi/6.3.1/armv7-m\libgcc.a(_arm_addsubdf3.o)
                0x08000170                __aeabi_drsub
                0x08000178                __aeabi_dsub
                0x08000178                __subdf3
                0x0800017c                __aeabi_dadd
                0x0800017c                __adddf3
                0x080003f4                __floatunsidf
                0x080003f4                __aeabi_ui2d
                0x08000414                __floatsidf
                0x08000414                __aeabi_i2d
                0x08000438                __aeabi_f2d
                0x08000438                __extendsfdf2
                0x08000474                __floatundidf
                0x08000474                __aeabi_ul2d
                0x08000484                __floatdidf
                0x08000484                __aeabi_l2d
 .text          0x080004e0      0x424 c:/program files (x86)/atollic/truestudio for stm32 9.3.0/armtools/bin/../lib/gcc/arm-atollic-eabi/6.3.1/armv7-m\libgcc.a(_arm_muldivdf3.o)
                0x080004e0                __aeabi_dmul
                0x080004e0                __muldf3
                0x08000734                __divdf3
                0x08000734                __aeabi_ddiv
 .text          0x08000904       0xa0 c:/program files (x86)/atollic/truestudio for stm32 9.3.0/armtools/bin/../lib/gcc/arm-atollic-eabi/6.3.1/armv7-m\libgcc.a(_arm_truncdfsf2.o)
                0x08000904                __truncdfsf2
                0x08000904                __aeabi_d2f
 .text          0x080009a4       0xec c:/program files (x86)/atollic/truestudio for stm32 9.3.0/armtools/bin/../lib/gcc/arm-atollic-eabi/6.3.1/armv7-m\libgcc.a(_arm_cmpsf2.o)
                0x080009a4                __gesf2
                0x080009a4                __gtsf2
                0x080009ac                __lesf2
                0x080009ac                __ltsf2
                0x080009b4                __nesf2
                0x080009b4                __eqsf2
                0x080009b4                __cmpsf2
                0x08000a14                __aeabi_cfrcmple
                0x08000a1c                __aeabi_cfcmpeq
                0x08000a1c                __aeabi_cfcmple
                0x08000a2c                __aeabi_fcmpeq
                0x08000a40                __aeabi_fcmplt
                0x08000a54                __aeabi_fcmple
                0x08000a68                __aeabi_fcmpge
                0x08000a7c                __aeabi_fcmpgt
 .text          0x08000a90      0x9dc c:/program files (x86)/atollic/truestudio for stm32 9.3.0/armtools/bin/../lib/gcc/arm-atollic-eabi/6.3.1/armv7-m\libgcc.a(unwind-arm.o)
                0x08000d54                _Unwind_GetCFA
                0x08000d58                __gnu_Unwind_RaiseException
                0x08000db8                __gnu_Unwind_ForcedUnwind
                0x08000dcc                __gnu_Unwind_Resume
                0x08000e10                __gnu_Unwind_Resume_or_Rethrow
                0x08000e24                _Unwind_Complete
                0x08000e28                _Unwind_DeleteException
                0x08000e34                _Unwind_VRS_Get
                0x08000e80                _Unwind_VRS_Set
                0x08000ed0                __gnu_Unwind_Backtrace
                0x08001214                __aeabi_unwind_cpp_pr0
                0x08001218                __aeabi_unwind_cpp_pr1
                0x0800121c                __aeabi_unwind_cpp_pr2
                0x08001220                _Unwind_VRS_Pop
 .text          0x0800146c      0x1ac c:/program files (x86)/atollic/truestudio for stm32 9.3.0/armtools/bin/../lib/gcc/arm-atollic-eabi/6.3.1/armv7-m\libgcc.a(libunwind.o)
                0x0800146c                __restore_core_regs
                0x0800146c                restore_core_regs
                0x08001484                __gnu_Unwind_Restore_VFP
                0x0800148c                __gnu_Unwind_Save_VFP
                0x08001494                __gnu_Unwind_Restore_VFP_D
                0x0800149c                __gnu_Unwind_Save_VFP_D
                0x080014a4                __gnu_Unwind_Restore_VFP_D_16_to_31
                0x080014ac                __gnu_Unwind_Save_VFP_D_16_to_31
                0x080014b4                __gnu_Unwind_Restore_WMMXD
                0x080014f8                __gnu_Unwind_Save_WMMXD
                0x0800153c                __gnu_Unwind_Restore_WMMXC
                0x08001550                __gnu_Unwind_Save_WMMXC
                0x08001564                ___Unwind_RaiseException
                0x08001564                _Unwind_RaiseException
                0x08001588                _Unwind_Resume
                0x08001588                ___Unwind_Resume
                0x080015ac                _Unwind_Resume_or_Rethrow
                0x080015ac                ___Unwind_Resume_or_Rethrow
                0x080015d0                _Unwind_ForcedUnwind
                0x080015d0                ___Unwind_ForcedUnwind
                0x080015f4                ___Unwind_Backtrace
                0x080015f4                _Unwind_Backtrace
 .text          0x08001618      0x384 c:/program files (x86)/atollic/truestudio for stm32 9.3.0/armtools/bin/../lib/gcc/arm-atollic-eabi/6.3.1/armv7-m\libgcc.a(pr-support.o)
                0x08001670                __gnu_unwind_execute
                0x08001940                __gnu_unwind_frame
                0x0800196c                _Unwind_GetRegionStart
                0x08001978                _Unwind_GetLanguageSpecificData
                0x0800198c                _Unwind_GetTextRelBase
                0x08001994                _Unwind_GetDataRelBase
 *(.text*)
 .text.HAL_InitTick
                0x0800199c       0x4c Drivers\STM32F1xx_HAL_Driver\Src\stm32f1xx_hal.o
                0x0800199c                HAL_InitTick
 .text.HAL_Init
                0x080019e8       0x24 Drivers\STM32F1xx_HAL_Driver\Src\stm32f1xx_hal.o
                0x080019e8                HAL_Init
 .text.HAL_IncTick
                0x08001a0c       0x18 Drivers\STM32F1xx_HAL_Driver\Src\stm32f1xx_hal.o
                0x08001a0c                HAL_IncTick
 .text.HAL_GetTick
                0x08001a24        0xc Drivers\STM32F1xx_HAL_Driver\Src\stm32f1xx_hal.o
                0x08001a24                HAL_GetTick
 .text.HAL_NVIC_SetPriorityGrouping
                0x08001a30       0x24 Drivers\STM32F1xx_HAL_Driver\Src\stm32f1xx_hal_cortex.o
                0x08001a30                HAL_NVIC_SetPriorityGrouping
 .text.HAL_NVIC_SetPriority
                0x08001a54       0x64 Drivers\STM32F1xx_HAL_Driver\Src\stm32f1xx_hal_cortex.o
                0x08001a54                HAL_NVIC_SetPriority
 .text.HAL_NVIC_EnableIRQ
                0x08001ab8       0x1c Drivers\STM32F1xx_HAL_Driver\Src\stm32f1xx_hal_cortex.o
                0x08001ab8                HAL_NVIC_EnableIRQ
 .text.HAL_SYSTICK_Config
                0x08001ad4       0x2c Drivers\STM32F1xx_HAL_Driver\Src\stm32f1xx_hal_cortex.o
                0x08001ad4                HAL_SYSTICK_Config
 .text.DMA_SetConfig
                0x08001b00       0x2c Drivers\STM32F1xx_HAL_Driver\Src\stm32f1xx_hal_dma.o
 .text.HAL_DMA_Init
                0x08001b2c       0x6c Drivers\STM32F1xx_HAL_Driver\Src\stm32f1xx_hal_dma.o
                0x08001b2c                HAL_DMA_Init
 .text.HAL_DMA_Start_IT
                0x08001b98       0x74 Drivers\STM32F1xx_HAL_Driver\Src\stm32f1xx_hal_dma.o
                0x08001b98                HAL_DMA_Start_IT
 .text.HAL_DMA_Abort_IT
                0x08001c0c       0x98 Drivers\STM32F1xx_HAL_Driver\Src\stm32f1xx_hal_dma.o
                0x08001c0c                HAL_DMA_Abort_IT
 .text.HAL_DMA_IRQHandler
                0x08001ca4      0x144 Drivers\STM32F1xx_HAL_Driver\Src\stm32f1xx_hal_dma.o
                0x08001ca4                HAL_DMA_IRQHandler
 .text.HAL_GPIO_Init
                0x08001de8      0x1f0 Drivers\STM32F1xx_HAL_Driver\Src\stm32f1xx_hal_gpio.o
                0x08001de8                HAL_GPIO_Init
 .text.HAL_GPIO_WritePin
                0x08001fd8        0xc Drivers\STM32F1xx_HAL_Driver\Src\stm32f1xx_hal_gpio.o
                0x08001fd8                HAL_GPIO_WritePin
 .text.HAL_GPIO_TogglePin
                0x08001fe4        0xe Drivers\STM32F1xx_HAL_Driver\Src\stm32f1xx_hal_gpio.o
                0x08001fe4                HAL_GPIO_TogglePin
 *fill*         0x08001ff2        0x2 
 .text.RCC_Delay
                0x08001ff4       0x2c Drivers\STM32F1xx_HAL_Driver\Src\stm32f1xx_hal_rcc.o
 .text.HAL_RCC_OscConfig
                0x08002020      0x410 Drivers\STM32F1xx_HAL_Driver\Src\stm32f1xx_hal_rcc.o
                0x08002020                HAL_RCC_OscConfig
 .text.HAL_RCC_GetSysClockFreq
                0x08002430       0x6c Drivers\STM32F1xx_HAL_Driver\Src\stm32f1xx_hal_rcc.o
                0x08002430                HAL_RCC_GetSysClockFreq
 .text.HAL_RCC_ClockConfig
                0x0800249c      0x168 Drivers\STM32F1xx_HAL_Driver\Src\stm32f1xx_hal_rcc.o
                0x0800249c                HAL_RCC_ClockConfig
 .text.HAL_RCC_GetHCLKFreq
                0x08002604        0xc Drivers\STM32F1xx_HAL_Driver\Src\stm32f1xx_hal_rcc.o
                0x08002604                HAL_RCC_GetHCLKFreq
 .text.HAL_RCC_GetPCLK1Freq
                0x08002610       0x20 Drivers\STM32F1xx_HAL_Driver\Src\stm32f1xx_hal_rcc.o
                0x08002610                HAL_RCC_GetPCLK1Freq
 .text.HAL_RCC_GetPCLK2Freq
                0x08002630       0x20 Drivers\STM32F1xx_HAL_Driver\Src\stm32f1xx_hal_rcc.o
                0x08002630                HAL_RCC_GetPCLK2Freq
 .text.UART_EndTxTransfer
                0x08002650       0x12 Drivers\STM32F1xx_HAL_Driver\Src\stm32f1xx_hal_uart.o
 .text.UART_EndRxTransfer
                0x08002662       0x1c Drivers\STM32F1xx_HAL_Driver\Src\stm32f1xx_hal_uart.o
 .text.UART_Transmit_IT
                0x0800267e       0x6a Drivers\STM32F1xx_HAL_Driver\Src\stm32f1xx_hal_uart.o
 .text.UART_SetConfig
                0x080026e8       0xcc Drivers\STM32F1xx_HAL_Driver\Src\stm32f1xx_hal_uart.o
 .text.UART_WaitOnFlagUntilTimeout
                0x080027b4       0x64 Drivers\STM32F1xx_HAL_Driver\Src\stm32f1xx_hal_uart.o
 .text.HAL_UART_Init
                0x08002818       0x5e Drivers\STM32F1xx_HAL_Driver\Src\stm32f1xx_hal_uart.o
                0x08002818                HAL_UART_Init
 .text.HAL_UART_Transmit
                0x08002876       0xe2 Drivers\STM32F1xx_HAL_Driver\Src\stm32f1xx_hal_uart.o
                0x08002876                HAL_UART_Transmit
 .text.HAL_UART_Transmit_DMA
                0x08002958       0x8c Drivers\STM32F1xx_HAL_Driver\Src\stm32f1xx_hal_uart.o
                0x08002958                HAL_UART_Transmit_DMA
 .text.HAL_UART_Receive_DMA
                0x080029e4       0xa8 Drivers\STM32F1xx_HAL_Driver\Src\stm32f1xx_hal_uart.o
                0x080029e4                HAL_UART_Receive_DMA
 .text.UART_DMATransmitCplt
                0x08002a8c       0x30 Drivers\STM32F1xx_HAL_Driver\Src\stm32f1xx_hal_uart.o
 .text.UART_EndTransmit_IT
                0x08002abc       0x1a Drivers\STM32F1xx_HAL_Driver\Src\stm32f1xx_hal_uart.o
 .text.HAL_UART_TxHalfCpltCallback
                0x08002ad6        0x2 Drivers\STM32F1xx_HAL_Driver\Src\stm32f1xx_hal_uart.o
                0x08002ad6                HAL_UART_TxHalfCpltCallback
 .text.UART_DMATxHalfCplt
                0x08002ad8        0xa Drivers\STM32F1xx_HAL_Driver\Src\stm32f1xx_hal_uart.o
 .text.UART_DMAReceiveCplt
                0x08002ae2       0x3e Drivers\STM32F1xx_HAL_Driver\Src\stm32f1xx_hal_uart.o
 .text.UART_Receive_IT
                0x08002b20       0x9e Drivers\STM32F1xx_HAL_Driver\Src\stm32f1xx_hal_uart.o
 .text.HAL_UART_RxHalfCpltCallback
                0x08002bbe        0x2 Drivers\STM32F1xx_HAL_Driver\Src\stm32f1xx_hal_uart.o
                0x08002bbe                HAL_UART_RxHalfCpltCallback
 .text.UART_DMARxHalfCplt
                0x08002bc0        0xa Drivers\STM32F1xx_HAL_Driver\Src\stm32f1xx_hal_uart.o
 .text.HAL_UART_ErrorCallback
                0x08002bca        0x2 Drivers\STM32F1xx_HAL_Driver\Src\stm32f1xx_hal_uart.o
                0x08002bca                HAL_UART_ErrorCallback
 .text.UART_DMAError
                0x08002bcc       0x58 Drivers\STM32F1xx_HAL_Driver\Src\stm32f1xx_hal_uart.o
 .text.HAL_UART_IRQHandler
                0x08002c24      0x120 Drivers\STM32F1xx_HAL_Driver\Src\stm32f1xx_hal_uart.o
                0x08002c24                HAL_UART_IRQHandler
 .text.UART_DMAAbortOnError
                0x08002d44       0x10 Drivers\STM32F1xx_HAL_Driver\Src\stm32f1xx_hal_uart.o
 .text._Z11cobs_encodePKhjPh
                0x08002d54       0x44 Src\cobs.o
                0x08002d54                cobs_encode(unsigned char const*, unsigned int, unsigned char*)
 .text._ZNK8std_msgs4Time9serializeEPh
                0x08002d98       0x24 Src\main.o
                0x08002d98                std_msgs::Time::serialize(unsigned char*) const
 .text._ZN8std_msgs4Time11deserializeEPh
                0x08002dbc       0x3c Src\main.o
                0x08002dbc                std_msgs::Time::deserialize(unsigned char*)
 .text._ZN8std_msgs4Time7getTypeEv
                0x08002df8        0x8 Src\main.o
                0x08002df8                std_msgs::Time::getType()
 .text._ZN8std_msgs4Time6getMD5Ev
                0x08002e00        0x8 Src\main.o
                0x08002e00                std_msgs::Time::getMD5()
 .text._ZN14rosserial_msgs9TopicInfo11deserializeEPh
                0x08002e08       0xca Src\main.o
                0x08002e08                rosserial_msgs::TopicInfo::deserialize(unsigned char*)
 *fill*         0x08002ed2        0x2 
 .text._ZN14rosserial_msgs9TopicInfo7getTypeEv
                0x08002ed4        0x8 Src\main.o
                0x08002ed4                rosserial_msgs::TopicInfo::getType()
 .text._ZN14rosserial_msgs9TopicInfo6getMD5Ev
                0x08002edc        0x8 Src\main.o
                0x08002edc                rosserial_msgs::TopicInfo::getMD5()
 .text._ZN14rosserial_msgs3Log11deserializeEPh
                0x08002ee4       0x40 Src\main.o
                0x08002ee4                rosserial_msgs::Log::deserialize(unsigned char*)
 .text._ZN14rosserial_msgs3Log7getTypeEv
                0x08002f24        0x8 Src\main.o
                0x08002f24                rosserial_msgs::Log::getType()
 .text._ZN14rosserial_msgs3Log6getMD5Ev
                0x08002f2c        0x8 Src\main.o
                0x08002f2c                rosserial_msgs::Log::getMD5()
 .text._ZN14rosserial_msgs20RequestParamResponse7getTypeEv
                0x08002f34        0x8 Src\main.o
                0x08002f34                rosserial_msgs::RequestParamResponse::getType()
 .text._ZN14rosserial_msgs20RequestParamResponse6getMD5Ev
                0x08002f3c        0x8 Src\main.o
                0x08002f3c                rosserial_msgs::RequestParamResponse::getMD5()
 .text._ZNK13geometry_msgs7Vector39serializeEPh
                0x08002f44       0x80 Src\main.o
                0x08002f44                geometry_msgs::Vector3::serialize(unsigned char*) const
 .text._ZN13geometry_msgs7Vector311deserializeEPh
                0x08002fc4      0x11e Src\main.o
                0x08002fc4                geometry_msgs::Vector3::deserialize(unsigned char*)
 *fill*         0x080030e2        0x2 
 .text._ZN13geometry_msgs7Vector37getTypeEv
                0x080030e4        0x8 Src\main.o
                0x080030e4                geometry_msgs::Vector3::getType()
 .text._ZN13geometry_msgs7Vector36getMD5Ev
                0x080030ec        0x8 Src\main.o
                0x080030ec                geometry_msgs::Vector3::getMD5()
 .text._ZN13geometry_msgs5Twist7getTypeEv
                0x080030f4        0x8 Src\main.o
                0x080030f4                geometry_msgs::Twist::getType()
 .text._ZN13geometry_msgs5Twist6getMD5Ev
                0x080030fc        0x8 Src\main.o
                0x080030fc                geometry_msgs::Twist::getMD5()
 .text._ZN3ros11NodeHandle_I13STM32HardwareLi25ELi25ELi2048ELi2048EE9connectedEv
                0x08003104        0x8 Src\main.o
                0x08003104                ros::NodeHandle_<STM32Hardware, 25, 25, 2048, 2048>::connected()
 .text._Z41__static_initialization_and_destruction_0ii
                0x0800310c      0x150 Src\main.o
 .text._ZN3ros10SubscriberIN13geometry_msgs5TwistEvE15getEndpointTypeEv
                0x0800325c        0x4 Src\main.o
                0x0800325c                ros::Subscriber<geometry_msgs::Twist, void>::getEndpointType()
 .text._ZN3ros10SubscriberIN13geometry_msgs5TwistEvE10getMsgTypeEv
                0x08003260        0x8 Src\main.o
                0x08003260                ros::Subscriber<geometry_msgs::Twist, void>::getMsgType()
 .text._ZN3ros10SubscriberIN13geometry_msgs5TwistEvE9getMsgMD5Ev
                0x08003268        0x8 Src\main.o
                0x08003268                ros::Subscriber<geometry_msgs::Twist, void>::getMsgMD5()
 .text._Z16cmd_vel_callbackRKN13geometry_msgs5TwistE
                0x08003270       0xc8 Src\main.o
                0x08003270                cmd_vel_callback(geometry_msgs::Twist const&)
 .text._ZL12MX_GPIO_Initv
                0x08003338       0x8c Src\main.o
 .text._ZL11MX_DMA_Initv
                0x080033c4       0x44 Src\main.o
 .text._ZL19MX_USART1_UART_Initv
                0x08003408       0x40 Src\main.o
 .text._ZL19MX_USART2_UART_Initv
                0x08003448       0x34 Src\main.o
 .text._ZL19MX_USART3_UART_Initv
                0x0800347c       0x30 Src\main.o
 .text._ZNK14rosserial_msgs9TopicInfo9serializeEPh
                0x080034ac       0xaa Src\main.o
                0x080034ac                rosserial_msgs::TopicInfo::serialize(unsigned char*) const
 .text._ZNK14rosserial_msgs3Log9serializeEPh
                0x08003556       0x34 Src\main.o
                0x08003556                rosserial_msgs::Log::serialize(unsigned char*) const
 .text._ZNK14rosserial_msgs20RequestParamResponse9serializeEPh
                0x0800358a       0xf0 Src\main.o
                0x0800358a                rosserial_msgs::RequestParamResponse::serialize(unsigned char*) const
 .text._ZN14rosserial_msgs20RequestParamResponse11deserializeEPh
                0x0800367a      0x144 Src\main.o
                0x0800367a                rosserial_msgs::RequestParamResponse::deserialize(unsigned char*)
 *fill*         0x080037be        0x2 
 .text._ZN3ros11NodeHandle_I13STM32HardwareLi25ELi25ELi2048ELi2048EE7publishEiPKNS_3MsgE
                0x080037c0       0xf4 Src\main.o
                0x080037c0                ros::NodeHandle_<STM32Hardware, 25, 25, 2048, 2048>::publish(int, ros::Msg const*)
 .text._ZNK13geometry_msgs5Twist9serializeEPh
                0x080038b4       0xfc Src\main.o
                0x080038b4                geometry_msgs::Twist::serialize(unsigned char*) const
 .text._ZN3ros10SubscriberIN13geometry_msgs5TwistEvE8callbackEPh
                0x080039b0      0x25e Src\main.o
                0x080039b0                ros::Subscriber<geometry_msgs::Twist, void>::callback(unsigned char*)
 .text._ZN13geometry_msgs5Twist11deserializeEPh
                0x08003c0e      0x24e Src\main.o
                0x08003c0e                geometry_msgs::Twist::deserialize(unsigned char*)
 .text._ZN3ros11NodeHandle_I13STM32HardwareLi25ELi25ELi2048ELi2048EE8spinOnceEv
                0x08003e5c      0x5b0 Src\main.o
                0x08003e5c                ros::NodeHandle_<STM32Hardware, 25, 25, 2048, 2048>::spinOnce()
 .text.HAL_UART_TxCpltCallback
                0x0800440c       0x20 Src\main.o
                0x0800440c                HAL_UART_TxCpltCallback
 .text.HAL_UART_RxCpltCallback
                0x0800442c       0x28 Src\main.o
                0x0800442c                HAL_UART_RxCpltCallback
 .text._Z18SystemClock_Configv
                0x08004454       0x54 Src\main.o
                0x08004454                SystemClock_Config()
 .text.main     0x080044a8      0x7f0 Src\main.o
                0x080044a8                main
 .text.Error_Handler
                0x08004c98        0x2 Src\main.o
                0x08004c98                Error_Handler
 .text._GLOBAL__sub_I_serial
                0x08004c9a        0xe Src\main.o
 .text.HAL_MspInit
                0x08004ca8       0x44 Src\stm32f1xx_hal_msp.o
                0x08004ca8                HAL_MspInit
 .text.HAL_UART_MspInit
                0x08004cec      0x1d8 Src\stm32f1xx_hal_msp.o
                0x08004cec                HAL_UART_MspInit
 .text.NMI_Handler
                0x08004ec4        0x2 Src\stm32f1xx_it.o
                0x08004ec4                NMI_Handler
 .text.HardFault_Handler
                0x08004ec6        0x2 Src\stm32f1xx_it.o
                0x08004ec6                HardFault_Handler
 .text.MemManage_Handler
                0x08004ec8        0x2 Src\stm32f1xx_it.o
                0x08004ec8                MemManage_Handler
 .text.BusFault_Handler
                0x08004eca        0x2 Src\stm32f1xx_it.o
                0x08004eca                BusFault_Handler
 .text.UsageFault_Handler
                0x08004ecc        0x2 Src\stm32f1xx_it.o
                0x08004ecc                UsageFault_Handler
 .text.SVC_Handler
                0x08004ece        0x2 Src\stm32f1xx_it.o
                0x08004ece                SVC_Handler
 .text.DebugMon_Handler
                0x08004ed0        0x2 Src\stm32f1xx_it.o
                0x08004ed0                DebugMon_Handler
 .text.PendSV_Handler
                0x08004ed2        0x2 Src\stm32f1xx_it.o
                0x08004ed2                PendSV_Handler
 .text.SysTick_Handler
                0x08004ed4        0x8 Src\stm32f1xx_it.o
                0x08004ed4                SysTick_Handler
 .text.DMA1_Channel4_IRQHandler
                0x08004edc       0x10 Src\stm32f1xx_it.o
                0x08004edc                DMA1_Channel4_IRQHandler
 .text.DMA1_Channel5_IRQHandler
                0x08004eec       0x10 Src\stm32f1xx_it.o
                0x08004eec                DMA1_Channel5_IRQHandler
 .text.USART1_IRQHandler
                0x08004efc       0x10 Src\stm32f1xx_it.o
                0x08004efc                USART1_IRQHandler
 .text.USART2_IRQHandler
                0x08004f0c       0x44 Src\stm32f1xx_it.o
                0x08004f0c                USART2_IRQHandler
 .text.USART3_IRQHandler
                0x08004f50       0x44 Src\stm32f1xx_it.o
                0x08004f50                USART3_IRQHandler
 .text._getpid  0x08004f94        0x4 Src\syscalls.o
                0x08004f94                _getpid
 .text._kill    0x08004f98       0x10 Src\syscalls.o
                0x08004f98                _kill
 .text._exit    0x08004fa8        0xc Src\syscalls.o
                0x08004fa8                _exit
 .text._sbrk    0x08004fb4       0x3c Src\syscalls.o
                0x08004fb4                _sbrk
 .text.SystemInit
                0x08004ff0       0x4c Src\system_stm32f1xx.o
                0x08004ff0                SystemInit
 .text.Reset_Handler
                0x0800503c       0x48 startup\startup_stm32f103xb.o
                0x0800503c                Reset_Handler
 .text.Default_Handler
                0x08005084        0x2 startup\startup_stm32f103xb.o
                0x08005084                RTC_Alarm_IRQHandler
                0x08005084                EXTI2_IRQHandler
                0x08005084                TIM1_CC_IRQHandler
                0x08005084                PVD_IRQHandler
                0x08005084                EXTI3_IRQHandler
                0x08005084                EXTI0_IRQHandler
                0x08005084                I2C2_EV_IRQHandler
                0x08005084                ADC1_2_IRQHandler
                0x08005084                SPI1_IRQHandler
                0x08005084                TAMPER_IRQHandler
                0x08005084                RTC_IRQHandler
                0x08005084                DMA1_Channel7_IRQHandler
                0x08005084                CAN1_RX1_IRQHandler
                0x08005084                TIM4_IRQHandler
                0x08005084                I2C1_EV_IRQHandler
                0x08005084                DMA1_Channel6_IRQHandler
                0x08005084                TIM3_IRQHandler
                0x08005084                RCC_IRQHandler
                0x08005084                TIM1_TRG_COM_IRQHandler
                0x08005084                DMA1_Channel1_IRQHandler
                0x08005084                Default_Handler
                0x08005084                EXTI15_10_IRQHandler
                0x08005084                EXTI9_5_IRQHandler
                0x08005084                SPI2_IRQHandler
                0x08005084                EXTI4_IRQHandler
                0x08005084                USB_LP_CAN1_RX0_IRQHandler
                0x08005084                USB_HP_CAN1_TX_IRQHandler
                0x08005084                DMA1_Channel3_IRQHandler
                0x08005084                TIM1_UP_IRQHandler
                0x08005084                WWDG_IRQHandler
                0x08005084                TIM2_IRQHandler
                0x08005084                TIM1_BRK_IRQHandler
                0x08005084                EXTI1_IRQHandler
                0x08005084                I2C2_ER_IRQHandler
                0x08005084                DMA1_Channel2_IRQHandler
                0x08005084                CAN1_SCE_IRQHandler
                0x08005084                FLASH_IRQHandler
                0x08005084                I2C1_ER_IRQHandler
                0x08005084                USBWakeUp_IRQHandler
 *fill*         0x08005086        0x2 
 .text._ZN10__cxxabiv120__si_class_type_infoD2Ev
                0x08005088       0x14 c:/program files (x86)/atollic/truestudio for stm32 9.3.0/armtools/bin/../lib/gcc/arm-atollic-eabi/6.3.1/../../../../arm-atollic-eabi/lib/armv7-m\libstdc++.a(si_class_type_info.o)
                0x08005088                __cxxabiv1::__si_class_type_info::~__si_class_type_info()
                0x08005088                __cxxabiv1::__si_class_type_info::~__si_class_type_info()
 .text._ZN10__cxxabiv120__si_class_type_infoD0Ev
                0x0800509c       0x1c c:/program files (x86)/atollic/truestudio for stm32 9.3.0/armtools/bin/../lib/gcc/arm-atollic-eabi/6.3.1/../../../../arm-atollic-eabi/lib/armv7-m\libstdc++.a(si_class_type_info.o)
                0x0800509c                __cxxabiv1::__si_class_type_info::~__si_class_type_info()
 .text._ZNK10__cxxabiv120__si_class_type_info20__do_find_public_srcEiPKvPKNS_17__class_type_infoES2_
                0x080050b8       0x3c c:/program files (x86)/atollic/truestudio for stm32 9.3.0/armtools/bin/../lib/gcc/arm-atollic-eabi/6.3.1/../../../../arm-atollic-eabi/lib/armv7-m\libstdc++.a(si_class_type_info.o)
                0x080050b8                __cxxabiv1::__si_class_type_info::__do_find_public_src(int, void const*, __cxxabiv1::__class_type_info const*, void const*) const
 .text._ZNK10__cxxabiv120__si_class_type_info12__do_dyncastEiNS_17__class_type_info10__sub_kindEPKS1_PKvS4_S6_RNS1_16__dyncast_resultE
                0x080050f4       0x98 c:/program files (x86)/atollic/truestudio for stm32 9.3.0/armtools/bin/../lib/gcc/arm-atollic-eabi/6.3.1/../../../../arm-atollic-eabi/lib/armv7-m\libstdc++.a(si_class_type_info.o)
                0x080050f4                __cxxabiv1::__si_class_type_info::__do_dyncast(int, __cxxabiv1::__class_type_info::__sub_kind, __cxxabiv1::__class_type_info const*, void const*, __cxxabiv1::__class_type_info const*, void const*, __cxxabiv1::__class_type_info::__dyncast_result&) const
 .text._ZNK10__cxxabiv120__si_class_type_info11__do_upcastEPKNS_17__class_type_infoEPKvRNS1_15__upcast_resultE
                0x0800518c       0x2c c:/program files (x86)/atollic/truestudio for stm32 9.3.0/armtools/bin/../lib/gcc/arm-atollic-eabi/6.3.1/../../../../arm-atollic-eabi/lib/armv7-m\libstdc++.a(si_class_type_info.o)
                0x0800518c                __cxxabiv1::__si_class_type_info::__do_upcast(__cxxabiv1::__class_type_info const*, void const*, __cxxabiv1::__class_type_info::__upcast_result&) const
 .text._ZdlPvj  0x080051b8        0x4 c:/program files (x86)/atollic/truestudio for stm32 9.3.0/armtools/bin/../lib/gcc/arm-atollic-eabi/6.3.1/../../../../arm-atollic-eabi/lib/armv7-m\libstdc++.a(del_ops.o)
                0x080051b8                operator delete(void*, unsigned int)
 .text._ZNK10__cxxabiv117__class_type_info11__do_upcastEPKS0_PPv
                0x080051bc       0x38 c:/program files (x86)/atollic/truestudio for stm32 9.3.0/armtools/bin/../lib/gcc/arm-atollic-eabi/6.3.1/../../../../arm-atollic-eabi/lib/armv7-m\libstdc++.a(class_type_info.o)
                0x080051bc                __cxxabiv1::__class_type_info::__do_upcast(__cxxabiv1::__class_type_info const*, void**) const
 .text._ZNK10__cxxabiv117__class_type_info20__do_find_public_srcEiPKvPKS0_S2_
                0x080051f4        0xc c:/program files (x86)/atollic/truestudio for stm32 9.3.0/armtools/bin/../lib/gcc/arm-atollic-eabi/6.3.1/../../../../arm-atollic-eabi/lib/armv7-m\libstdc++.a(class_type_info.o)
                0x080051f4                __cxxabiv1::__class_type_info::__do_find_public_src(int, void const*, __cxxabiv1::__class_type_info const*, void const*) const
 .text._ZN10__cxxabiv117__class_type_infoD2Ev
                0x08005200       0x14 c:/program files (x86)/atollic/truestudio for stm32 9.3.0/armtools/bin/../lib/gcc/arm-atollic-eabi/6.3.1/../../../../arm-atollic-eabi/lib/armv7-m\libstdc++.a(class_type_info.o)
                0x08005200                __cxxabiv1::__class_type_info::~__class_type_info()
                0x08005200                __cxxabiv1::__class_type_info::~__class_type_info()
 .text._ZN10__cxxabiv117__class_type_infoD0Ev
                0x08005214       0x1c c:/program files (x86)/atollic/truestudio for stm32 9.3.0/armtools/bin/../lib/gcc/arm-atollic-eabi/6.3.1/../../../../arm-atollic-eabi/lib/armv7-m\libstdc++.a(class_type_info.o)
                0x08005214                __cxxabiv1::__class_type_info::~__class_type_info()
 .text._ZNK10__cxxabiv117__class_type_info11__do_upcastEPKS0_PKvRNS0_15__upcast_resultE
                0x08005230       0x18 c:/program files (x86)/atollic/truestudio for stm32 9.3.0/armtools/bin/../lib/gcc/arm-atollic-eabi/6.3.1/../../../../arm-atollic-eabi/lib/armv7-m\libstdc++.a(class_type_info.o)
                0x08005230                __cxxabiv1::__class_type_info::__do_upcast(__cxxabiv1::__class_type_info const*, void const*, __cxxabiv1::__class_type_info::__upcast_result&) const
 .text._ZNK10__cxxabiv117__class_type_info10__do_catchEPKSt9type_infoPPvj
                0x08005248       0x2c c:/program files (x86)/atollic/truestudio for stm32 9.3.0/armtools/bin/../lib/gcc/arm-atollic-eabi/6.3.1/../../../../arm-atollic-eabi/lib/armv7-m\libstdc++.a(class_type_info.o)
                0x08005248                __cxxabiv1::__class_type_info::__do_catch(std::type_info const*, void**, unsigned int) const
 .text._ZNK10__cxxabiv117__class_type_info12__do_dyncastEiNS0_10__sub_kindEPKS0_PKvS3_S5_RNS0_16__dyncast_resultE
                0x08005274       0x40 c:/program files (x86)/atollic/truestudio for stm32 9.3.0/armtools/bin/../lib/gcc/arm-atollic-eabi/6.3.1/../../../../arm-atollic-eabi/lib/armv7-m\libstdc++.a(class_type_info.o)
                0x08005274                __cxxabiv1::__class_type_info::__do_dyncast(int, __cxxabiv1::__class_type_info::__sub_kind, __cxxabiv1::__class_type_info const*, void const*, __cxxabiv1::__class_type_info const*, void const*, __cxxabiv1::__class_type_info::__dyncast_result&) const
 .text._ZNSt9type_infoD2Ev
                0x080052b4        0x4 c:/program files (x86)/atollic/truestudio for stm32 9.3.0/armtools/bin/../lib/gcc/arm-atollic-eabi/6.3.1/../../../../arm-atollic-eabi/lib/armv7-m\libstdc++.a(tinfo.o)
                0x080052b4                std::type_info::~type_info()
                0x080052b4                std::type_info::~type_info()
 .text._ZNKSt9type_info15__is_function_pEv
                0x080052b8        0x4 c:/program files (x86)/atollic/truestudio for stm32 9.3.0/armtools/bin/../lib/gcc/arm-atollic-eabi/6.3.1/../../../../arm-atollic-eabi/lib/armv7-m\libstdc++.a(tinfo.o)
                0x080052b8                std::type_info::__is_pointer_p() const
                0x080052b8                std::type_info::__is_function_p() const
 .text._ZNKSt9type_infoeqERKS_
                0x080052bc       0x2c c:/program files (x86)/atollic/truestudio for stm32 9.3.0/armtools/bin/../lib/gcc/arm-atollic-eabi/6.3.1/../../../../arm-atollic-eabi/lib/armv7-m\libstdc++.a(tinfo.o)
                0x080052bc                std::type_info::operator==(std::type_info const&) const
 .text._ZdlPv   0x080052e8        0x4 c:/program files (x86)/atollic/truestudio for stm32 9.3.0/armtools/bin/../lib/gcc/arm-atollic-eabi/6.3.1/../../../../arm-atollic-eabi/lib/armv7-m\libstdc++.a(del_op.o)
                0x080052e8                operator delete(void*)
 .text.__errno  0x080052ec        0xc c:/program files (x86)/atollic/truestudio for stm32 9.3.0/armtools/bin/../lib/gcc/arm-atollic-eabi/6.3.1/../../../../arm-atollic-eabi/lib/armv7-m\libc.a(lib_a-errno.o)
                0x080052ec                __errno
 .text.__libc_init_array
                0x080052f8       0x48 c:/program files (x86)/atollic/truestudio for stm32 9.3.0/armtools/bin/../lib/gcc/arm-atollic-eabi/6.3.1/../../../../arm-atollic-eabi/lib/armv7-m\libc.a(lib_a-init.o)
                0x080052f8                __libc_init_array
 .text.free     0x08005340       0x10 c:/program files (x86)/atollic/truestudio for stm32 9.3.0/armtools/bin/../lib/gcc/arm-atollic-eabi/6.3.1/../../../../arm-atollic-eabi/lib/armv7-m\libc.a(lib_a-malloc.o)
                0x08005340                free
 .text._malloc_r
                0x08005350      0x418 c:/program files (x86)/atollic/truestudio for stm32 9.3.0/armtools/bin/../lib/gcc/arm-atollic-eabi/6.3.1/../../../../arm-atollic-eabi/lib/armv7-m\libc.a(lib_a-mallocr.o)
                0x08005350                _malloc_r
 .text.memcpy   0x08005768       0x16 c:/program files (x86)/atollic/truestudio for stm32 9.3.0/armtools/bin/../lib/gcc/arm-atollic-eabi/6.3.1/../../../../arm-atollic-eabi/lib/armv7-m\libc.a(lib_a-memcpy-stub.o)
                0x08005768                memcpy
 .text.memset   0x0800577e       0x10 c:/program files (x86)/atollic/truestudio for stm32 9.3.0/armtools/bin/../lib/gcc/arm-atollic-eabi/6.3.1/../../../../arm-atollic-eabi/lib/armv7-m\libc.a(lib_a-memset.o)
                0x0800577e                memset
 *fill*         0x0800578e        0x2 
 .text.__malloc_lock
                0x08005790        0xc c:/program files (x86)/atollic/truestudio for stm32 9.3.0/armtools/bin/../lib/gcc/arm-atollic-eabi/6.3.1/../../../../arm-atollic-eabi/lib/armv7-m\libc.a(lib_a-mlock.o)
                0x08005790                __malloc_lock
 .text.__malloc_unlock
                0x0800579c        0xc c:/program files (x86)/atollic/truestudio for stm32 9.3.0/armtools/bin/../lib/gcc/arm-atollic-eabi/6.3.1/../../../../arm-atollic-eabi/lib/armv7-m\libc.a(lib_a-mlock.o)
                0x0800579c                __malloc_unlock
 .text.realloc  0x080057a8       0x10 c:/program files (x86)/atollic/truestudio for stm32 9.3.0/armtools/bin/../lib/gcc/arm-atollic-eabi/6.3.1/../../../../arm-atollic-eabi/lib/armv7-m\libc.a(lib_a-realloc.o)
                0x080057a8                realloc
 .text._realloc_r
                0x080057b8      0x304 c:/program files (x86)/atollic/truestudio for stm32 9.3.0/armtools/bin/../lib/gcc/arm-atollic-eabi/6.3.1/../../../../arm-atollic-eabi/lib/armv7-m\libc.a(lib_a-reallocr.o)
                0x080057b8                _realloc_r
 .text._sbrk_r  0x08005abc       0x20 c:/program files (x86)/atollic/truestudio for stm32 9.3.0/armtools/bin/../lib/gcc/arm-atollic-eabi/6.3.1/../../../../arm-atollic-eabi/lib/armv7-m\libc.a(lib_a-sbrkr.o)
                0x08005abc                _sbrk_r
 .text._malloc_trim_r
                0x08005adc       0xac c:/program files (x86)/atollic/truestudio for stm32 9.3.0/armtools/bin/../lib/gcc/arm-atollic-eabi/6.3.1/../../../../arm-atollic-eabi/lib/armv7-m\libc.a(lib_a-freer.o)
                0x08005adc                _malloc_trim_r
 .text._free_r  0x08005b88      0x178 c:/program files (x86)/atollic/truestudio for stm32 9.3.0/armtools/bin/../lib/gcc/arm-atollic-eabi/6.3.1/../../../../arm-atollic-eabi/lib/armv7-m\libc.a(lib_a-freer.o)
                0x08005b88                _free_r
 .text.__retarget_lock_acquire_recursive
                0x08005d00        0x2 c:/program files (x86)/atollic/truestudio for stm32 9.3.0/armtools/bin/../lib/gcc/arm-atollic-eabi/6.3.1/../../../../arm-atollic-eabi/lib/armv7-m\libc.a(lib_a-lock.o)
                0x08005d00                __retarget_lock_acquire_recursive
 .text.__retarget_lock_release_recursive
                0x08005d02        0x2 c:/program files (x86)/atollic/truestudio for stm32 9.3.0/armtools/bin/../lib/gcc/arm-atollic-eabi/6.3.1/../../../../arm-atollic-eabi/lib/armv7-m\libc.a(lib_a-lock.o)
                0x08005d02                __retarget_lock_release_recursive
 .text.memmove  0x08005d04       0x34 c:/program files (x86)/atollic/truestudio for stm32 9.3.0/armtools/bin/../lib/gcc/arm-atollic-eabi/6.3.1/../../../../arm-atollic-eabi/lib/armv7-m\libc.a(lib_a-memmove.o)
                0x08005d04                memmove
 .text.abort    0x08005d38        0xe c:/program files (x86)/atollic/truestudio for stm32 9.3.0/armtools/bin/../lib/gcc/arm-atollic-eabi/6.3.1/../../../../arm-atollic-eabi/lib/armv7-m\libc.a(lib_a-abort.o)
                0x08005d38                abort
 .text._raise_r
                0x08005d46       0x50 c:/program files (x86)/atollic/truestudio for stm32 9.3.0/armtools/bin/../lib/gcc/arm-atollic-eabi/6.3.1/../../../../arm-atollic-eabi/lib/armv7-m\libc.a(lib_a-signal.o)
                0x08005d46                _raise_r
 *fill*         0x08005d96        0x2 
 .text.raise    0x08005d98       0x10 c:/program files (x86)/atollic/truestudio for stm32 9.3.0/armtools/bin/../lib/gcc/arm-atollic-eabi/6.3.1/../../../../arm-atollic-eabi/lib/armv7-m\libc.a(lib_a-signal.o)
                0x08005d98                raise
 .text._kill_r  0x08005da8       0x24 c:/program files (x86)/atollic/truestudio for stm32 9.3.0/armtools/bin/../lib/gcc/arm-atollic-eabi/6.3.1/../../../../arm-atollic-eabi/lib/armv7-m\libc.a(lib_a-signalr.o)
                0x08005da8                _kill_r
 .text._getpid_r
                0x08005dcc        0x4 c:/program files (x86)/atollic/truestudio for stm32 9.3.0/armtools/bin/../lib/gcc/arm-atollic-eabi/6.3.1/../../../../arm-atollic-eabi/lib/armv7-m\libc.a(lib_a-signalr.o)
                0x08005dcc                _getpid_r
 *(.glue_7)
 .glue_7        0x08005dd0        0x0 linker stubs
 *(.glue_7t)
 .glue_7t       0x08005dd0        0x0 linker stubs
 *(.eh_frame)
 .eh_frame      0x08005dd0        0x0 c:/program files (x86)/atollic/truestudio for stm32 9.3.0/armtools/bin/../lib/gcc/arm-atollic-eabi/6.3.1/armv7-m/crtbegin.o
 *(.init)
 .init          0x08005dd0        0x4 c:/program files (x86)/atollic/truestudio for stm32 9.3.0/armtools/bin/../lib/gcc/arm-atollic-eabi/6.3.1/armv7-m/crti.o
                0x08005dd0                _init
 .init          0x08005dd4        0x8 c:/program files (x86)/atollic/truestudio for stm32 9.3.0/armtools/bin/../lib/gcc/arm-atollic-eabi/6.3.1/armv7-m/crtn.o
 *(.fini)
 .fini          0x08005ddc        0x4 c:/program files (x86)/atollic/truestudio for stm32 9.3.0/armtools/bin/../lib/gcc/arm-atollic-eabi/6.3.1/armv7-m/crti.o
                0x08005ddc                _fini
 .fini          0x08005de0        0x8 c:/program files (x86)/atollic/truestudio for stm32 9.3.0/armtools/bin/../lib/gcc/arm-atollic-eabi/6.3.1/armv7-m/crtn.o
                0x08005de8                . = ALIGN (0x4)
                0x08005de8                _etext = .

.vfp11_veneer   0x08005de8        0x0
 .vfp11_veneer  0x08005de8        0x0 linker stubs

.v4_bx          0x08005de8        0x0
 .v4_bx         0x08005de8        0x0 linker stubs

.iplt           0x08005de8        0x0
 .iplt          0x08005de8        0x0 c:/program files (x86)/atollic/truestudio for stm32 9.3.0/armtools/bin/../lib/gcc/arm-atollic-eabi/6.3.1/armv7-m/crtbegin.o

.rodata         0x08005de8      0x52c
                0x08005de8                . = ALIGN (0x4)
 *(.rodata)
 .rodata        0x08005de8       0x12 Drivers\STM32F1xx_HAL_Driver\Src\stm32f1xx_hal_rcc.o
 *fill*         0x08005dfa        0x2 
 .rodata        0x08005dfc       0x1c Src\main.o
 *(.rodata*)
 .rodata._ZTSN3ros3MsgE
                0x08005e18        0xb Src\main.o
                0x08005e18                typeinfo name for ros::Msg
 *fill*         0x08005e23        0x1 
 .rodata._ZTIN3ros3MsgE
                0x08005e24        0x8 Src\main.o
                0x08005e24                typeinfo for ros::Msg
 .rodata._ZTSN8std_msgs4TimeE
                0x08005e2c       0x11 Src\main.o
                0x08005e2c                typeinfo name for std_msgs::Time
 *fill*         0x08005e3d        0x3 
 .rodata._ZTIN8std_msgs4TimeE
                0x08005e40        0xc Src\main.o
                0x08005e40                typeinfo for std_msgs::Time
 .rodata._ZTSN14rosserial_msgs9TopicInfoE
                0x08005e4c       0x1d Src\main.o
                0x08005e4c                typeinfo name for rosserial_msgs::TopicInfo
 *fill*         0x08005e69        0x3 
 .rodata._ZTIN14rosserial_msgs9TopicInfoE
                0x08005e6c        0xc Src\main.o
                0x08005e6c                typeinfo for rosserial_msgs::TopicInfo
 .rodata._ZTSN14rosserial_msgs3LogE
                0x08005e78       0x17 Src\main.o
                0x08005e78                typeinfo name for rosserial_msgs::Log
 *fill*         0x08005e8f        0x1 
 .rodata._ZTIN14rosserial_msgs3LogE
                0x08005e90        0xc Src\main.o
                0x08005e90                typeinfo for rosserial_msgs::Log
 .rodata._ZTSN14rosserial_msgs20RequestParamResponseE
                0x08005e9c       0x29 Src\main.o
                0x08005e9c                typeinfo name for rosserial_msgs::RequestParamResponse
 *fill*         0x08005ec5        0x3 
 .rodata._ZTIN14rosserial_msgs20RequestParamResponseE
                0x08005ec8        0xc Src\main.o
                0x08005ec8                typeinfo for rosserial_msgs::RequestParamResponse
 .rodata._ZTSN3ros15NodeHandleBase_E
                0x08005ed4       0x18 Src\main.o
                0x08005ed4                typeinfo name for ros::NodeHandleBase_
 .rodata._ZTIN3ros15NodeHandleBase_E
                0x08005eec        0x8 Src\main.o
                0x08005eec                typeinfo for ros::NodeHandleBase_
 .rodata._ZTSN3ros11Subscriber_E
                0x08005ef4       0x14 Src\main.o
                0x08005ef4                typeinfo name for ros::Subscriber_
 .rodata._ZTIN3ros11Subscriber_E
                0x08005f08        0x8 Src\main.o
                0x08005f08                typeinfo for ros::Subscriber_
 .rodata._ZTSN13geometry_msgs7Vector3E
                0x08005f10       0x1a Src\main.o
                0x08005f10                typeinfo name for geometry_msgs::Vector3
 *fill*         0x08005f2a        0x2 
 .rodata._ZTIN13geometry_msgs7Vector3E
                0x08005f2c        0xc Src\main.o
                0x08005f2c                typeinfo for geometry_msgs::Vector3
 .rodata._ZTSN13geometry_msgs5TwistE
                0x08005f38       0x18 Src\main.o
                0x08005f38                typeinfo name for geometry_msgs::Twist
 .rodata._ZTIN13geometry_msgs5TwistE
                0x08005f50        0xc Src\main.o
                0x08005f50                typeinfo for geometry_msgs::Twist
 .rodata._ZTSN3ros11NodeHandle_I13STM32HardwareLi25ELi25ELi2048ELi2048EEE
                0x08005f5c       0x3d Src\main.o
                0x08005f5c                typeinfo name for ros::NodeHandle_<STM32Hardware, 25, 25, 2048, 2048>
 *fill*         0x08005f99        0x3 
 .rodata._ZTIN3ros11NodeHandle_I13STM32HardwareLi25ELi25ELi2048ELi2048EEE
                0x08005f9c        0xc Src\main.o
                0x08005f9c                typeinfo for ros::NodeHandle_<STM32Hardware, 25, 25, 2048, 2048>
 .rodata._ZTSN3ros10SubscriberIN13geometry_msgs5TwistEvEE
                0x08005fa8       0x2d Src\main.o
                0x08005fa8                typeinfo name for ros::Subscriber<geometry_msgs::Twist, void>
 *fill*         0x08005fd5        0x3 
 .rodata._ZTIN3ros10SubscriberIN13geometry_msgs5TwistEvEE
                0x08005fd8        0xc Src\main.o
                0x08005fd8                typeinfo for ros::Subscriber<geometry_msgs::Twist, void>
 .rodata._ZTVN8std_msgs4TimeE
                0x08005fe4       0x18 Src\main.o
                0x08005fe4                vtable for std_msgs::Time
 .rodata._ZTVN14rosserial_msgs9TopicInfoE
                0x08005ffc       0x18 Src\main.o
                0x08005ffc                vtable for rosserial_msgs::TopicInfo
 .rodata._ZTVN14rosserial_msgs3LogE
                0x08006014       0x18 Src\main.o
                0x08006014                vtable for rosserial_msgs::Log
 .rodata._ZTVN14rosserial_msgs20RequestParamResponseE
                0x0800602c       0x18 Src\main.o
                0x0800602c                vtable for rosserial_msgs::RequestParamResponse
 .rodata._ZTVN13geometry_msgs7Vector3E
                0x08006044       0x18 Src\main.o
                0x08006044                vtable for geometry_msgs::Vector3
 .rodata._ZTVN13geometry_msgs5TwistE
                0x0800605c       0x18 Src\main.o
                0x0800605c                vtable for geometry_msgs::Twist
 .rodata._ZTVN3ros11NodeHandle_I13STM32HardwareLi25ELi25ELi2048ELi2048EEE
                0x08006074       0x14 Src\main.o
                0x08006074                vtable for ros::NodeHandle_<STM32Hardware, 25, 25, 2048, 2048>
 .rodata._ZTVN3ros10SubscriberIN13geometry_msgs5TwistEvEE
                0x08006088       0x18 Src\main.o
                0x08006088                vtable for ros::Subscriber<geometry_msgs::Twist, void>
 .rodata._ZN13geometry_msgs5Twist6getMD5Ev.str1.4
                0x080060a0       0x21 Src\main.o
 *fill*         0x080060c1        0x3 
 .rodata._ZN13geometry_msgs5Twist7getTypeEv.str1.4
                0x080060c4       0x14 Src\main.o
 .rodata._ZN13geometry_msgs7Vector36getMD5Ev.str1.4
                0x080060d8       0x21 Src\main.o
 *fill*         0x080060f9        0x3 
 .rodata._ZN13geometry_msgs7Vector37getTypeEv.str1.4
                0x080060fc       0x16 Src\main.o
 *fill*         0x08006112        0x2 
 .rodata._ZN14rosserial_msgs20RequestParamResponse6getMD5Ev.str1.4
                0x08006114       0x21 Src\main.o
 *fill*         0x08006135        0x3 
 .rodata._ZN14rosserial_msgs3Log6getMD5Ev.str1.4
                0x08006138       0x21 Src\main.o
 *fill*         0x08006159        0x3 
 .rodata._ZN14rosserial_msgs3Log7getTypeEv.str1.4
                0x0800615c       0x13 Src\main.o
 *fill*         0x0800616f        0x1 
 .rodata._ZN14rosserial_msgs9TopicInfo6getMD5Ev.str1.4
                0x08006170       0x21 Src\main.o
 *fill*         0x08006191        0x3 
 .rodata._ZN14rosserial_msgs9TopicInfo7getTypeEv.str1.4
                0x08006194       0x19 Src\main.o
 *fill*         0x080061ad        0x3 
 .rodata._ZN3ros11NodeHandle_I13STM32HardwareLi25ELi25ELi2048ELi2048EE7publishEiPKNS_3MsgE.str1.4
                0x080061b0       0x39 Src\main.o
 .rodata._ZN3ros11NodeHandle_I13STM32HardwareLi25ELi25ELi2048ELi2048EE8spinOnceEv.str1.4
                0x080061e9       0x39 Src\main.o
                                  0x1 (size before relaxing)
 *fill*         0x080061e9        0x3 
 .rodata._ZN8std_msgs4Time6getMD5Ev.str1.4
                0x080061ec       0x21 Src\main.o
 *fill*         0x0800620d        0x3 
 .rodata._ZN8std_msgs4Time7getTypeEv.str1.4
                0x08006210        0xe Src\main.o
 *fill*         0x0800621e        0x2 
 .rodata.str1.4
                0x08006220        0x8 Src\main.o
 .rodata.AHBPrescTable
                0x08006228       0x10 Src\system_stm32f1xx.o
                0x08006228                AHBPrescTable
 .rodata.APBPrescTable
                0x08006238        0x8 Src\system_stm32f1xx.o
                0x08006238                APBPrescTable
 .rodata._ZTIN10__cxxabiv120__si_class_type_infoE
                0x08006240        0xc c:/program files (x86)/atollic/truestudio for stm32 9.3.0/armtools/bin/../lib/gcc/arm-atollic-eabi/6.3.1/../../../../arm-atollic-eabi/lib/armv7-m\libstdc++.a(si_class_type_info.o)
                0x08006240                typeinfo for __cxxabiv1::__si_class_type_info
 .rodata._ZTSN10__cxxabiv120__si_class_type_infoE
                0x0800624c       0x25 c:/program files (x86)/atollic/truestudio for stm32 9.3.0/armtools/bin/../lib/gcc/arm-atollic-eabi/6.3.1/../../../../arm-atollic-eabi/lib/armv7-m\libstdc++.a(si_class_type_info.o)
                0x0800624c                typeinfo name for __cxxabiv1::__si_class_type_info
 *fill*         0x08006271        0x3 
 .rodata._ZTVN10__cxxabiv120__si_class_type_infoE
                0x08006274       0x2c c:/program files (x86)/atollic/truestudio for stm32 9.3.0/armtools/bin/../lib/gcc/arm-atollic-eabi/6.3.1/../../../../arm-atollic-eabi/lib/armv7-m\libstdc++.a(si_class_type_info.o)
                0x08006274                vtable for __cxxabiv1::__si_class_type_info
 .rodata._ZTIN10__cxxabiv117__class_type_infoE
                0x080062a0        0xc c:/program files (x86)/atollic/truestudio for stm32 9.3.0/armtools/bin/../lib/gcc/arm-atollic-eabi/6.3.1/../../../../arm-atollic-eabi/lib/armv7-m\libstdc++.a(class_type_info.o)
                0x080062a0                typeinfo for __cxxabiv1::__class_type_info
 .rodata._ZTSN10__cxxabiv117__class_type_infoE
                0x080062ac       0x22 c:/program files (x86)/atollic/truestudio for stm32 9.3.0/armtools/bin/../lib/gcc/arm-atollic-eabi/6.3.1/../../../../arm-atollic-eabi/lib/armv7-m\libstdc++.a(class_type_info.o)
                0x080062ac                typeinfo name for __cxxabiv1::__class_type_info
 *fill*         0x080062ce        0x2 
 .rodata._ZTVN10__cxxabiv117__class_type_infoE
                0x080062d0       0x2c c:/program files (x86)/atollic/truestudio for stm32 9.3.0/armtools/bin/../lib/gcc/arm-atollic-eabi/6.3.1/../../../../arm-atollic-eabi/lib/armv7-m\libstdc++.a(class_type_info.o)
                0x080062d0                vtable for __cxxabiv1::__class_type_info
 .rodata._ZTISt9type_info
                0x080062fc        0x8 c:/program files (x86)/atollic/truestudio for stm32 9.3.0/armtools/bin/../lib/gcc/arm-atollic-eabi/6.3.1/../../../../arm-atollic-eabi/lib/armv7-m\libstdc++.a(tinfo.o)
                0x080062fc                typeinfo for std::type_info
 .rodata._ZTSSt9type_info
                0x08006304        0xd c:/program files (x86)/atollic/truestudio for stm32 9.3.0/armtools/bin/../lib/gcc/arm-atollic-eabi/6.3.1/../../../../arm-atollic-eabi/lib/armv7-m\libstdc++.a(tinfo.o)
                0x08006304                typeinfo name for std::type_info
                0x08006314                . = ALIGN (0x4)
 *fill*         0x08006311        0x3 

.ARM.extab      0x08006314       0x48
 *(.ARM.extab* .gnu.linkonce.armextab.*)
 .ARM.extab.text._ZNK8std_msgs4Time9serializeEPh
                0x08006314        0x0 Src\main.o
 .ARM.extab.text._ZN8std_msgs4Time11deserializeEPh
                0x08006314        0x0 Src\main.o
 .ARM.extab.text._ZN8std_msgs4Time7getTypeEv
                0x08006314        0x0 Src\main.o
 .ARM.extab.text._ZN8std_msgs4Time6getMD5Ev
                0x08006314        0x0 Src\main.o
 .ARM.extab.text._ZN14rosserial_msgs9TopicInfo11deserializeEPh
                0x08006314        0x0 Src\main.o
 .ARM.extab.text._ZN14rosserial_msgs9TopicInfo7getTypeEv
                0x08006314        0x0 Src\main.o
 .ARM.extab.text._ZN14rosserial_msgs9TopicInfo6getMD5Ev
                0x08006314        0x0 Src\main.o
 .ARM.extab.text._ZN14rosserial_msgs3Log11deserializeEPh
                0x08006314        0x0 Src\main.o
 .ARM.extab.text._ZN14rosserial_msgs3Log7getTypeEv
                0x08006314        0x0 Src\main.o
 .ARM.extab.text._ZN14rosserial_msgs3Log6getMD5Ev
                0x08006314        0x0 Src\main.o
 .ARM.extab.text._ZN14rosserial_msgs20RequestParamResponse7getTypeEv
                0x08006314        0x0 Src\main.o
 .ARM.extab.text._ZN14rosserial_msgs20RequestParamResponse6getMD5Ev
                0x08006314        0x0 Src\main.o
 .ARM.extab.text._ZNK13geometry_msgs7Vector39serializeEPh
                0x08006314        0x0 Src\main.o
 .ARM.extab.text._ZN13geometry_msgs7Vector311deserializeEPh
                0x08006314        0x0 Src\main.o
 .ARM.extab.text._ZN13geometry_msgs7Vector37getTypeEv
                0x08006314        0x0 Src\main.o
 .ARM.extab.text._ZN13geometry_msgs7Vector36getMD5Ev
                0x08006314        0x0 Src\main.o
 .ARM.extab.text._ZN13geometry_msgs5Twist7getTypeEv
                0x08006314        0x0 Src\main.o
 .ARM.extab.text._ZN13geometry_msgs5Twist6getMD5Ev
                0x08006314        0x0 Src\main.o
 .ARM.extab.text._ZN3ros11NodeHandle_I13STM32HardwareLi25ELi25ELi2048ELi2048EE9connectedEv
                0x08006314        0x0 Src\main.o
 .ARM.extab.text._ZN3ros10SubscriberIN13geometry_msgs5TwistEvE15getEndpointTypeEv
                0x08006314        0x0 Src\main.o
 .ARM.extab.text._ZN3ros10SubscriberIN13geometry_msgs5TwistEvE10getMsgTypeEv
                0x08006314        0x0 Src\main.o
 .ARM.extab.text._ZN3ros10SubscriberIN13geometry_msgs5TwistEvE9getMsgMD5Ev
                0x08006314        0x0 Src\main.o
 .ARM.extab.text._ZL19MX_USART1_UART_Initv
                0x08006314        0xc Src\main.o
 .ARM.extab.text._ZL19MX_USART2_UART_Initv
                0x08006320        0xc Src\main.o
 .ARM.extab.text._ZL19MX_USART3_UART_Initv
                0x0800632c        0xc Src\main.o
 .ARM.extab.text._ZNK14rosserial_msgs9TopicInfo9serializeEPh
                0x08006338        0x0 Src\main.o
 .ARM.extab.text._ZNK14rosserial_msgs3Log9serializeEPh
                0x08006338        0x0 Src\main.o
 .ARM.extab.text._ZNK14rosserial_msgs20RequestParamResponse9serializeEPh
                0x08006338        0x0 Src\main.o
 .ARM.extab.text._ZN14rosserial_msgs20RequestParamResponse11deserializeEPh
                0x08006338        0x0 Src\main.o
 .ARM.extab.text._ZN3ros11NodeHandle_I13STM32HardwareLi25ELi25ELi2048ELi2048EE7publishEiPKNS_3MsgE
                0x08006338        0x0 Src\main.o
 .ARM.extab.text._ZNK13geometry_msgs5Twist9serializeEPh
                0x08006338        0x0 Src\main.o
 .ARM.extab.text._ZN3ros10SubscriberIN13geometry_msgs5TwistEvE8callbackEPh
                0x08006338        0x0 Src\main.o
 .ARM.extab.text._ZN13geometry_msgs5Twist11deserializeEPh
                0x08006338        0x0 Src\main.o
 .ARM.extab.text._ZN3ros11NodeHandle_I13STM32HardwareLi25ELi25ELi2048ELi2048EE8spinOnceEv
                0x08006338        0x0 Src\main.o
 .ARM.extab.text.HAL_UART_RxCpltCallback
                0x08006338        0xc Src\main.o
 .ARM.extab     0x08006344       0x18 c:/program files (x86)/atollic/truestudio for stm32 9.3.0/armtools/bin/../lib/gcc/arm-atollic-eabi/6.3.1/armv7-m\libgcc.a(pr-support.o)

.ARM            0x0800635c      0x160
                0x0800635c                __exidx_start = .
 *(.ARM.exidx*)
 .ARM.exidx.text._Z11cobs_encodePKhjPh
                0x08006414        0x0 Src\cobs.o
                                  0x8 (size before relaxing)
 .ARM.exidx.text._ZNK8std_msgs4Time9serializeEPh
                0x08006414        0x0 Src\main.o
                                  0x8 (size before relaxing)
 .ARM.exidx.text._ZN8std_msgs4Time11deserializeEPh
                0x08006414        0x0 Src\main.o
                                  0x8 (size before relaxing)
 .ARM.exidx.text._ZN8std_msgs4Time7getTypeEv
                0x08006414        0x0 Src\main.o
                                  0x8 (size before relaxing)
 .ARM.exidx.text._ZN8std_msgs4Time6getMD5Ev
                0x08006414        0x0 Src\main.o
                                  0x8 (size before relaxing)
 .ARM.exidx.text._ZN14rosserial_msgs9TopicInfo11deserializeEPh
                0x08006414        0x0 Src\main.o
                                  0x8 (size before relaxing)
 .ARM.exidx.text._ZN14rosserial_msgs9TopicInfo7getTypeEv
                0x08006414        0x0 Src\main.o
                                  0x8 (size before relaxing)
 .ARM.exidx.text._ZN14rosserial_msgs9TopicInfo6getMD5Ev
                0x08006414        0x0 Src\main.o
                                  0x8 (size before relaxing)
 .ARM.exidx.text._ZN14rosserial_msgs3Log11deserializeEPh
                0x08006414        0x0 Src\main.o
                                  0x8 (size before relaxing)
 .ARM.exidx.text._ZN14rosserial_msgs3Log7getTypeEv
                0x08006414        0x0 Src\main.o
                                  0x8 (size before relaxing)
 .ARM.exidx.text._ZN14rosserial_msgs3Log6getMD5Ev
                0x08006414        0x0 Src\main.o
                                  0x8 (size before relaxing)
 .ARM.exidx.text._ZN14rosserial_msgs20RequestParamResponse7getTypeEv
                0x08006414        0x0 Src\main.o
                                  0x8 (size before relaxing)
 .ARM.exidx.text._ZN14rosserial_msgs20RequestParamResponse6getMD5Ev
                0x08006414        0x0 Src\main.o
                                  0x8 (size before relaxing)
 .ARM.exidx.text._ZNK13geometry_msgs7Vector39serializeEPh
                0x08006414        0x0 Src\main.o
                                  0x8 (size before relaxing)
 .ARM.exidx.text._ZN13geometry_msgs7Vector311deserializeEPh
                0x08006414        0x0 Src\main.o
                                  0x8 (size before relaxing)
 .ARM.exidx.text._ZN13geometry_msgs7Vector37getTypeEv
                0x08006414        0x0 Src\main.o
                                  0x8 (size before relaxing)
 .ARM.exidx.text._ZN13geometry_msgs7Vector36getMD5Ev
                0x08006414        0x0 Src\main.o
                                  0x8 (size before relaxing)
 .ARM.exidx.text._ZN13geometry_msgs5Twist7getTypeEv
                0x08006414        0x0 Src\main.o
                                  0x8 (size before relaxing)
 .ARM.exidx.text._ZN13geometry_msgs5Twist6getMD5Ev
                0x08006414        0x0 Src\main.o
                                  0x8 (size before relaxing)
 .ARM.exidx.text._ZN3ros11NodeHandle_I13STM32HardwareLi25ELi25ELi2048ELi2048EE9connectedEv
                0x08006414        0x0 Src\main.o
                                  0x8 (size before relaxing)
 .ARM.exidx.text._Z41__static_initialization_and_destruction_0ii
                0x08006414        0x0 Src\main.o
                                  0x8 (size before relaxing)
 .ARM.exidx.text._ZN3ros10SubscriberIN13geometry_msgs5TwistEvE15getEndpointTypeEv
                0x08006414        0x0 Src\main.o
                                  0x8 (size before relaxing)
 .ARM.exidx.text._ZN3ros10SubscriberIN13geometry_msgs5TwistEvE10getMsgTypeEv
                0x08006414        0x0 Src\main.o
                                  0x8 (size before relaxing)
 .ARM.exidx.text._ZN3ros10SubscriberIN13geometry_msgs5TwistEvE9getMsgMD5Ev
                0x08006414        0x0 Src\main.o
                                  0x8 (size before relaxing)
 .ARM.exidx.text._Z16cmd_vel_callbackRKN13geometry_msgs5TwistE
                0x08006414        0x8 Src\main.o
 .ARM.exidx.text._ZL12MX_GPIO_Initv
                0x0800641c        0x8 Src\main.o
 .ARM.exidx.text._ZL11MX_DMA_Initv
                0x08006424        0x8 Src\main.o
 .ARM.exidx.text._ZL19MX_USART1_UART_Initv
                0x0800642c        0x8 Src\main.o
 .ARM.exidx.text._ZL19MX_USART2_UART_Initv
                0x08006434        0x8 Src\main.o
 .ARM.exidx.text._ZL19MX_USART3_UART_Initv
                0x0800643c        0x8 Src\main.o
 .ARM.exidx.text._ZNK14rosserial_msgs9TopicInfo9serializeEPh
                0x08006444        0x8 Src\main.o
 .ARM.exidx.text._ZNK14rosserial_msgs3Log9serializeEPh
                0x0800644c        0x0 Src\main.o
                                  0x8 (size before relaxing)
 .ARM.exidx.text._ZNK14rosserial_msgs20RequestParamResponse9serializeEPh
                0x0800644c        0x0 Src\main.o
                                  0x8 (size before relaxing)
 .ARM.exidx.text._ZN14rosserial_msgs20RequestParamResponse11deserializeEPh
                0x0800644c        0x0 Src\main.o
                                  0x8 (size before relaxing)
 .ARM.exidx.text._ZN3ros11NodeHandle_I13STM32HardwareLi25ELi25ELi2048ELi2048EE7publishEiPKNS_3MsgE
                0x0800644c        0x8 Src\main.o
 .ARM.exidx.text._ZNK13geometry_msgs5Twist9serializeEPh
                0x08006454        0x8 Src\main.o
 .ARM.exidx.text._ZN3ros10SubscriberIN13geometry_msgs5TwistEvE8callbackEPh
                0x0800645c        0x8 Src\main.o
 .ARM.exidx.text._ZN13geometry_msgs5Twist11deserializeEPh
                0x08006464        0x8 Src\main.o
 .ARM.exidx.text._ZN3ros11NodeHandle_I13STM32HardwareLi25ELi25ELi2048ELi2048EE8spinOnceEv
                0x0800646c        0x8 Src\main.o
 .ARM.exidx.text.HAL_UART_TxCpltCallback
                0x08006474        0x8 Src\main.o
 .ARM.exidx.text.HAL_UART_RxCpltCallback
                0x0800647c        0x8 Src\main.o
 .ARM.exidx.text._Z18SystemClock_Configv
                0x08006484        0x8 Src\main.o
 .ARM.exidx.text.main
                0x0800648c        0x8 Src\main.o
 .ARM.exidx.text.Error_Handler
                0x08006494        0x8 Src\main.o
 .ARM.exidx.text._GLOBAL__sub_I_serial
                0x0800649c        0x0 Src\main.o
                                  0x8 (size before relaxing)
 .ARM.exidx.text._ZN10__cxxabiv120__si_class_type_infoD2Ev
                0x0800649c        0x0 c:/program files (x86)/atollic/truestudio for stm32 9.3.0/armtools/bin/../lib/gcc/arm-atollic-eabi/6.3.1/../../../../arm-atollic-eabi/lib/armv7-m\libstdc++.a(si_class_type_info.o)
                                  0x8 (size before relaxing)
 .ARM.exidx.text._ZN10__cxxabiv120__si_class_type_infoD0Ev
                0x0800649c        0x0 c:/program files (x86)/atollic/truestudio for stm32 9.3.0/armtools/bin/../lib/gcc/arm-atollic-eabi/6.3.1/../../../../arm-atollic-eabi/lib/armv7-m\libstdc++.a(si_class_type_info.o)
                                  0x8 (size before relaxing)
 .ARM.exidx.text._ZNK10__cxxabiv120__si_class_type_info20__do_find_public_srcEiPKvPKNS_17__class_type_infoES2_
                0x0800649c        0x0 c:/program files (x86)/atollic/truestudio for stm32 9.3.0/armtools/bin/../lib/gcc/arm-atollic-eabi/6.3.1/../../../../arm-atollic-eabi/lib/armv7-m\libstdc++.a(si_class_type_info.o)
                                  0x8 (size before relaxing)
 .ARM.exidx.text._ZNK10__cxxabiv120__si_class_type_info12__do_dyncastEiNS_17__class_type_info10__sub_kindEPKS1_PKvS4_S6_RNS1_16__dyncast_resultE
                0x0800649c        0x0 c:/program files (x86)/atollic/truestudio for stm32 9.3.0/armtools/bin/../lib/gcc/arm-atollic-eabi/6.3.1/../../../../arm-atollic-eabi/lib/armv7-m\libstdc++.a(si_class_type_info.o)
                                  0x8 (size before relaxing)
 .ARM.exidx.text._ZNK10__cxxabiv120__si_class_type_info11__do_upcastEPKNS_17__class_type_infoEPKvRNS1_15__upcast_resultE
                0x0800649c        0x8 c:/program files (x86)/atollic/truestudio for stm32 9.3.0/armtools/bin/../lib/gcc/arm-atollic-eabi/6.3.1/../../../../arm-atollic-eabi/lib/armv7-m\libstdc++.a(si_class_type_info.o)
 .ARM.exidx.text._ZdlPvj
                0x080064a4        0x8 c:/program files (x86)/atollic/truestudio for stm32 9.3.0/armtools/bin/../lib/gcc/arm-atollic-eabi/6.3.1/../../../../arm-atollic-eabi/lib/armv7-m\libstdc++.a(del_ops.o)
 .ARM.exidx.text._ZNK10__cxxabiv117__class_type_info11__do_upcastEPKS0_PPv
                0x080064ac        0x8 c:/program files (x86)/atollic/truestudio for stm32 9.3.0/armtools/bin/../lib/gcc/arm-atollic-eabi/6.3.1/../../../../arm-atollic-eabi/lib/armv7-m\libstdc++.a(class_type_info.o)
 .ARM.exidx.text._ZNK10__cxxabiv117__class_type_info20__do_find_public_srcEiPKvPKS0_S2_
                0x080064b4        0x8 c:/program files (x86)/atollic/truestudio for stm32 9.3.0/armtools/bin/../lib/gcc/arm-atollic-eabi/6.3.1/../../../../arm-atollic-eabi/lib/armv7-m\libstdc++.a(class_type_info.o)
 .ARM.exidx.text._ZN10__cxxabiv117__class_type_infoD2Ev
                0x080064bc        0x0 c:/program files (x86)/atollic/truestudio for stm32 9.3.0/armtools/bin/../lib/gcc/arm-atollic-eabi/6.3.1/../../../../arm-atollic-eabi/lib/armv7-m\libstdc++.a(class_type_info.o)
                                  0x8 (size before relaxing)
 .ARM.exidx.text._ZN10__cxxabiv117__class_type_infoD0Ev
                0x080064bc        0x0 c:/program files (x86)/atollic/truestudio for stm32 9.3.0/armtools/bin/../lib/gcc/arm-atollic-eabi/6.3.1/../../../../arm-atollic-eabi/lib/armv7-m\libstdc++.a(class_type_info.o)
                                  0x8 (size before relaxing)
 .ARM.exidx.text._ZNK10__cxxabiv117__class_type_info11__do_upcastEPKS0_PKvRNS0_15__upcast_resultE
                0x080064bc        0x0 c:/program files (x86)/atollic/truestudio for stm32 9.3.0/armtools/bin/../lib/gcc/arm-atollic-eabi/6.3.1/../../../../arm-atollic-eabi/lib/armv7-m\libstdc++.a(class_type_info.o)
                                  0x8 (size before relaxing)
 .ARM.exidx.text._ZNK10__cxxabiv117__class_type_info10__do_catchEPKSt9type_infoPPvj
                0x080064bc        0x0 c:/program files (x86)/atollic/truestudio for stm32 9.3.0/armtools/bin/../lib/gcc/arm-atollic-eabi/6.3.1/../../../../arm-atollic-eabi/lib/armv7-m\libstdc++.a(class_type_info.o)
                                  0x8 (size before relaxing)
 .ARM.exidx.text._ZNK10__cxxabiv117__class_type_info12__do_dyncastEiNS0_10__sub_kindEPKS0_PKvS3_S5_RNS0_16__dyncast_resultE
                0x080064bc        0x0 c:/program files (x86)/atollic/truestudio for stm32 9.3.0/armtools/bin/../lib/gcc/arm-atollic-eabi/6.3.1/../../../../arm-atollic-eabi/lib/armv7-m\libstdc++.a(class_type_info.o)
                                  0x8 (size before relaxing)
 .ARM.exidx.text._ZNSt9type_infoD2Ev
                0x080064bc        0x0 c:/program files (x86)/atollic/truestudio for stm32 9.3.0/armtools/bin/../lib/gcc/arm-atollic-eabi/6.3.1/../../../../arm-atollic-eabi/lib/armv7-m\libstdc++.a(tinfo.o)
                                  0x8 (size before relaxing)
 .ARM.exidx.text._ZNKSt9type_info15__is_function_pEv
                0x080064bc        0x0 c:/program files (x86)/atollic/truestudio for stm32 9.3.0/armtools/bin/../lib/gcc/arm-atollic-eabi/6.3.1/../../../../arm-atollic-eabi/lib/armv7-m\libstdc++.a(tinfo.o)
                                  0x8 (size before relaxing)
 .ARM.exidx.text._ZNKSt9type_infoeqERKS_
                0x080064bc        0x0 c:/program files (x86)/atollic/truestudio for stm32 9.3.0/armtools/bin/../lib/gcc/arm-atollic-eabi/6.3.1/../../../../arm-atollic-eabi/lib/armv7-m\libstdc++.a(tinfo.o)
                                  0x8 (size before relaxing)
 .ARM.exidx.text._ZdlPv
                0x080064bc        0x0 c:/program files (x86)/atollic/truestudio for stm32 9.3.0/armtools/bin/../lib/gcc/arm-atollic-eabi/6.3.1/../../../../arm-atollic-eabi/lib/armv7-m\libstdc++.a(del_op.o)
                                  0x8 (size before relaxing)
 .ARM.exidx     0x0800635c       0x80 c:/program files (x86)/atollic/truestudio for stm32 9.3.0/armtools/bin/../lib/gcc/arm-atollic-eabi/6.3.1/armv7-m\libgcc.a(unwind-arm.o)
                                 0xd8 (size before relaxing)
 .ARM.exidx     0x080063dc       0x38 c:/program files (x86)/atollic/truestudio for stm32 9.3.0/armtools/bin/../lib/gcc/arm-atollic-eabi/6.3.1/armv7-m\libgcc.a(pr-support.o)
                                 0x48 (size before relaxing)
                0x080064bc                __exidx_end = .

.rel.dyn        0x080064bc        0x0
 .rel.iplt      0x080064bc        0x0 c:/program files (x86)/atollic/truestudio for stm32 9.3.0/armtools/bin/../lib/gcc/arm-atollic-eabi/6.3.1/armv7-m/crtbegin.o

.preinit_array  0x080064bc        0x0
                0x080064bc                PROVIDE (__preinit_array_start, .)
 *(.preinit_array*)
                0x080064bc                PROVIDE (__preinit_array_end, .)

.init_array     0x080064bc        0x8
                0x080064bc                PROVIDE (__init_array_start, .)
 *(SORT(.init_array.*))
 *(.init_array*)
 .init_array    0x080064bc        0x4 c:/program files (x86)/atollic/truestudio for stm32 9.3.0/armtools/bin/../lib/gcc/arm-atollic-eabi/6.3.1/armv7-m/crtbegin.o
 .init_array    0x080064c0        0x4 Src\main.o
                0x080064c4                PROVIDE (__init_array_end, .)

.fini_array     0x080064c4        0x4
                [!provide]                PROVIDE (__fini_array_start, .)
 *(SORT(.fini_array.*))
 *(.fini_array*)
 .fini_array    0x080064c4        0x4 c:/program files (x86)/atollic/truestudio for stm32 9.3.0/armtools/bin/../lib/gcc/arm-atollic-eabi/6.3.1/armv7-m/crtbegin.o
                [!provide]                PROVIDE (__fini_array_end, .)
                0x080064c8                _sidata = LOADADDR (.data)

.data           0x20000000      0x510 load address 0x080064c8
                0x20000000                . = ALIGN (0x4)
                0x20000000                _sdata = .
 *(.data)
 *(.data*)
 .data.uwTickFreq
                0x20000000        0x1 Drivers\STM32F1xx_HAL_Driver\Src\stm32f1xx_hal.o
                0x20000000                uwTickFreq
 *fill*         0x20000001        0x3 
 .data.uwTickPrio
                0x20000004        0x4 Drivers\STM32F1xx_HAL_Driver\Src\stm32f1xx_hal.o
                0x20000004                uwTickPrio
 .data.SystemCoreClock
                0x20000008        0x4 Src\system_stm32f1xx.o
                0x20000008                SystemCoreClock
 .data._impure_ptr
                0x2000000c        0x4 c:/program files (x86)/atollic/truestudio for stm32 9.3.0/armtools/bin/../lib/gcc/arm-atollic-eabi/6.3.1/../../../../arm-atollic-eabi/lib/armv7-m\libc.a(lib_a-impure.o)
                0x2000000c                _impure_ptr
 .data.impure_data
                0x20000010       0xf0 c:/program files (x86)/atollic/truestudio for stm32 9.3.0/armtools/bin/../lib/gcc/arm-atollic-eabi/6.3.1/../../../../arm-atollic-eabi/lib/armv7-m\libc.a(lib_a-impure.o)
 .data.__malloc_av_
                0x20000100      0x408 c:/program files (x86)/atollic/truestudio for stm32 9.3.0/armtools/bin/../lib/gcc/arm-atollic-eabi/6.3.1/../../../../arm-atollic-eabi/lib/armv7-m\libc.a(lib_a-mallocr.o)
                0x20000100                __malloc_av_
 .data.__malloc_sbrk_base
                0x20000508        0x4 c:/program files (x86)/atollic/truestudio for stm32 9.3.0/armtools/bin/../lib/gcc/arm-atollic-eabi/6.3.1/../../../../arm-atollic-eabi/lib/armv7-m\libc.a(lib_a-mallocr.o)
                0x20000508                __malloc_sbrk_base
 .data.__malloc_trim_threshold
                0x2000050c        0x4 c:/program files (x86)/atollic/truestudio for stm32 9.3.0/armtools/bin/../lib/gcc/arm-atollic-eabi/6.3.1/../../../../arm-atollic-eabi/lib/armv7-m\libc.a(lib_a-mallocr.o)
                0x2000050c                __malloc_trim_threshold
                0x20000510                . = ALIGN (0x4)
                0x20000510                _edata = .

.igot.plt       0x20000510        0x0 load address 0x080069d8
 .igot.plt      0x20000510        0x0 c:/program files (x86)/atollic/truestudio for stm32 9.3.0/armtools/bin/../lib/gcc/arm-atollic-eabi/6.3.1/armv7-m/crtbegin.o
                0x20000510                . = ALIGN (0x4)

.bss            0x20000510     0x238c load address 0x080069d8
                0x20000510                _sbss = .
                0x20000510                __bss_start__ = _sbss
 *(.bss)
 .bss           0x20000510       0x1c c:/program files (x86)/atollic/truestudio for stm32 9.3.0/armtools/bin/../lib/gcc/arm-atollic-eabi/6.3.1/armv7-m/crtbegin.o
 *fill*         0x2000052c        0x4 
 .bss           0x20000530     0x231c Src\main.o
                0x20000530                serial
                0x2000153c                huart1
                0x2000157c                nh
                0x200026b0                sub
                0x20002710                speed_drv1
                0x20002714                speed_drv2
                0x20002718                huart2
                0x20002758                huart3
                0x20002798                uart_drv_send
                0x2000279c                buf_drv_send_decoded
                0x200027a4                buf_drv_send
                0x200027ab                code
                0x200027ac                buf_drv_decoded
                0x200027b0                uart_uplevel_send
                0x200027b4                buf_drv2
                0x200027bc                buf_drv1
                0x200027c4                hdma_usart1_tx
                0x20002808                hdma_usart1_rx
 *(.bss*)
 .bss.counter.5604
                0x2000284c        0x1 Src\stm32f1xx_it.o
 .bss.counter.5608
                0x2000284d        0x1 Src\stm32f1xx_it.o
 *fill*         0x2000284e        0x2 
 .bss.heap_end.5908
                0x20002850        0x4 Src\syscalls.o
 .bss.__malloc_current_mallinfo
                0x20002854       0x28 c:/program files (x86)/atollic/truestudio for stm32 9.3.0/armtools/bin/../lib/gcc/arm-atollic-eabi/6.3.1/../../../../arm-atollic-eabi/lib/armv7-m\libc.a(lib_a-mallocr.o)
                0x20002854                __malloc_current_mallinfo
 .bss.__malloc_max_sbrked_mem
                0x2000287c        0x4 c:/program files (x86)/atollic/truestudio for stm32 9.3.0/armtools/bin/../lib/gcc/arm-atollic-eabi/6.3.1/../../../../arm-atollic-eabi/lib/armv7-m\libc.a(lib_a-mallocr.o)
                0x2000287c                __malloc_max_sbrked_mem
 .bss.__malloc_max_total_mem
                0x20002880        0x4 c:/program files (x86)/atollic/truestudio for stm32 9.3.0/armtools/bin/../lib/gcc/arm-atollic-eabi/6.3.1/../../../../arm-atollic-eabi/lib/armv7-m\libc.a(lib_a-mallocr.o)
                0x20002880                __malloc_max_total_mem
 .bss.__malloc_top_pad
                0x20002884        0x4 c:/program files (x86)/atollic/truestudio for stm32 9.3.0/armtools/bin/../lib/gcc/arm-atollic-eabi/6.3.1/../../../../arm-atollic-eabi/lib/armv7-m\libc.a(lib_a-mallocr.o)
                0x20002884                __malloc_top_pad
 *(COMMON)
 COMMON         0x20002888        0x4 Drivers\STM32F1xx_HAL_Driver\Src\stm32f1xx_hal.o
                0x20002888                uwTick
 COMMON         0x2000288c        0x9 c:/program files (x86)/atollic/truestudio for stm32 9.3.0/armtools/bin/../lib/gcc/arm-atollic-eabi/6.3.1/../../../../arm-atollic-eabi/lib/armv7-m\libc.a(lib_a-lock.o)
                0x2000288c                __lock___atexit_recursive_mutex
                0x2000288d                __lock___arc4random_mutex
                0x2000288e                __lock___env_recursive_mutex
                0x2000288f                __lock___sinit_recursive_mutex
                0x20002890                __lock___malloc_recursive_mutex
                0x20002891                __lock___at_quick_exit_mutex
                0x20002892                __lock___dd_hash_mutex
                0x20002893                __lock___tz_mutex
                0x20002894                __lock___sfp_recursive_mutex
 *fill*         0x20002895        0x3 
 COMMON         0x20002898        0x4 c:/program files (x86)/atollic/truestudio for stm32 9.3.0/armtools/bin/../lib/gcc/arm-atollic-eabi/6.3.1/../../../../arm-atollic-eabi/lib/armv7-m\libc.a(lib_a-reent.o)
                0x20002898                errno
                0x2000289c                . = ALIGN (0x4)
                0x2000289c                _ebss = .
                0x2000289c                __bss_end__ = _ebss

._user_heap_stack
                0x2000289c      0x600 load address 0x080069d8
                0x2000289c                . = ALIGN (0x4)
                0x2000289c                PROVIDE (end, .)
                [!provide]                PROVIDE (_end, .)
                0x20002a9c                . = (. + _Min_Heap_Size)
 *fill*         0x2000289c      0x200 
                0x20002e9c                . = (. + _Min_Stack_Size)
 *fill*         0x20002a9c      0x400 
                0x20002e9c                . = ALIGN (0x4)

/DISCARD/
 libc.a(*)
 libm.a(*)
 libgcc.a(*)

.ARM.attributes
                0x00000000       0x29
 *(.ARM.attributes)
 .ARM.attributes
                0x00000000       0x1d c:/program files (x86)/atollic/truestudio for stm32 9.3.0/armtools/bin/../lib/gcc/arm-atollic-eabi/6.3.1/armv7-m/crti.o
 .ARM.attributes
                0x0000001d       0x2d c:/program files (x86)/atollic/truestudio for stm32 9.3.0/armtools/bin/../lib/gcc/arm-atollic-eabi/6.3.1/armv7-m/crtbegin.o
 .ARM.attributes
                0x0000004a       0x33 Drivers\STM32F1xx_HAL_Driver\Src\stm32f1xx_hal.o
 .ARM.attributes
                0x0000007d       0x33 Drivers\STM32F1xx_HAL_Driver\Src\stm32f1xx_hal_cortex.o
 .ARM.attributes
                0x000000b0       0x33 Drivers\STM32F1xx_HAL_Driver\Src\stm32f1xx_hal_dma.o
 .ARM.attributes
                0x000000e3       0x33 Drivers\STM32F1xx_HAL_Driver\Src\stm32f1xx_hal_gpio.o
 .ARM.attributes
                0x00000116       0x33 Drivers\STM32F1xx_HAL_Driver\Src\stm32f1xx_hal_rcc.o
 .ARM.attributes
                0x00000149       0x33 Drivers\STM32F1xx_HAL_Driver\Src\stm32f1xx_hal_uart.o
 .ARM.attributes
                0x0000017c       0x33 Src\cobs.o
 .ARM.attributes
                0x000001af       0x33 Src\main.o
 .ARM.attributes
                0x000001e2       0x33 Src\stm32f1xx_hal_msp.o
 .ARM.attributes
                0x00000215       0x33 Src\stm32f1xx_it.o
 .ARM.attributes
                0x00000248       0x33 Src\syscalls.o
 .ARM.attributes
                0x0000027b       0x33 Src\system_stm32f1xx.o
 .ARM.attributes
                0x000002ae       0x21 startup\startup_stm32f103xb.o
 .ARM.attributes
                0x000002cf       0x2d c:/program files (x86)/atollic/truestudio for stm32 9.3.0/armtools/bin/../lib/gcc/arm-atollic-eabi/6.3.1/../../../../arm-atollic-eabi/lib/armv7-m\libstdc++.a(si_class_type_info.o)
 .ARM.attributes
                0x000002fc       0x2d c:/program files (x86)/atollic/truestudio for stm32 9.3.0/armtools/bin/../lib/gcc/arm-atollic-eabi/6.3.1/../../../../arm-atollic-eabi/lib/armv7-m\libstdc++.a(del_ops.o)
 .ARM.attributes
                0x00000329       0x2d c:/program files (x86)/atollic/truestudio for stm32 9.3.0/armtools/bin/../lib/gcc/arm-atollic-eabi/6.3.1/../../../../arm-atollic-eabi/lib/armv7-m\libstdc++.a(class_type_info.o)
 .ARM.attributes
                0x00000356       0x2d c:/program files (x86)/atollic/truestudio for stm32 9.3.0/armtools/bin/../lib/gcc/arm-atollic-eabi/6.3.1/../../../../arm-atollic-eabi/lib/armv7-m\libstdc++.a(tinfo.o)
 .ARM.attributes
                0x00000383       0x2d c:/program files (x86)/atollic/truestudio for stm32 9.3.0/armtools/bin/../lib/gcc/arm-atollic-eabi/6.3.1/../../../../arm-atollic-eabi/lib/armv7-m\libstdc++.a(del_op.o)
 .ARM.attributes
                0x000003b0       0x2d c:/program files (x86)/atollic/truestudio for stm32 9.3.0/armtools/bin/../lib/gcc/arm-atollic-eabi/6.3.1/../../../../arm-atollic-eabi/lib/armv7-m\libc.a(lib_a-errno.o)
 .ARM.attributes
                0x000003dd       0x2d c:/program files (x86)/atollic/truestudio for stm32 9.3.0/armtools/bin/../lib/gcc/arm-atollic-eabi/6.3.1/../../../../arm-atollic-eabi/lib/armv7-m\libc.a(lib_a-impure.o)
 .ARM.attributes
                0x0000040a       0x2d c:/program files (x86)/atollic/truestudio for stm32 9.3.0/armtools/bin/../lib/gcc/arm-atollic-eabi/6.3.1/../../../../arm-atollic-eabi/lib/armv7-m\libc.a(lib_a-init.o)
 .ARM.attributes
                0x00000437       0x2d c:/program files (x86)/atollic/truestudio for stm32 9.3.0/armtools/bin/../lib/gcc/arm-atollic-eabi/6.3.1/../../../../arm-atollic-eabi/lib/armv7-m\libc.a(lib_a-malloc.o)
 .ARM.attributes
                0x00000464       0x2d c:/program files (x86)/atollic/truestudio for stm32 9.3.0/armtools/bin/../lib/gcc/arm-atollic-eabi/6.3.1/../../../../arm-atollic-eabi/lib/armv7-m\libc.a(lib_a-mallocr.o)
 .ARM.attributes
                0x00000491       0x2d c:/program files (x86)/atollic/truestudio for stm32 9.3.0/armtools/bin/../lib/gcc/arm-atollic-eabi/6.3.1/../../../../arm-atollic-eabi/lib/armv7-m\libc.a(lib_a-memcpy-stub.o)
 .ARM.attributes
                0x000004be       0x2d c:/program files (x86)/atollic/truestudio for stm32 9.3.0/armtools/bin/../lib/gcc/arm-atollic-eabi/6.3.1/../../../../arm-atollic-eabi/lib/armv7-m\libc.a(lib_a-memset.o)
 .ARM.attributes
                0x000004eb       0x2d c:/program files (x86)/atollic/truestudio for stm32 9.3.0/armtools/bin/../lib/gcc/arm-atollic-eabi/6.3.1/../../../../arm-atollic-eabi/lib/armv7-m\libc.a(lib_a-mlock.o)
 .ARM.attributes
                0x00000518       0x2d c:/program files (x86)/atollic/truestudio for stm32 9.3.0/armtools/bin/../lib/gcc/arm-atollic-eabi/6.3.1/../../../../arm-atollic-eabi/lib/armv7-m\libc.a(lib_a-realloc.o)
 .ARM.attributes
                0x00000545       0x2d c:/program files (x86)/atollic/truestudio for stm32 9.3.0/armtools/bin/../lib/gcc/arm-atollic-eabi/6.3.1/../../../../arm-atollic-eabi/lib/armv7-m\libc.a(lib_a-reallocr.o)
 .ARM.attributes
                0x00000572       0x2d c:/program files (x86)/atollic/truestudio for stm32 9.3.0/armtools/bin/../lib/gcc/arm-atollic-eabi/6.3.1/../../../../arm-atollic-eabi/lib/armv7-m\libc.a(lib_a-sbrkr.o)
 .ARM.attributes
                0x0000059f       0x1b c:/program files (x86)/atollic/truestudio for stm32 9.3.0/armtools/bin/../lib/gcc/arm-atollic-eabi/6.3.1/../../../../arm-atollic-eabi/lib/armv7-m\libc.a(lib_a-strcmp.o)
 .ARM.attributes
                0x000005ba       0x17 c:/program files (x86)/atollic/truestudio for stm32 9.3.0/armtools/bin/../lib/gcc/arm-atollic-eabi/6.3.1/../../../../arm-atollic-eabi/lib/armv7-m\libc.a(lib_a-strlen.o)
 .ARM.attributes
                0x000005d1       0x2d c:/program files (x86)/atollic/truestudio for stm32 9.3.0/armtools/bin/../lib/gcc/arm-atollic-eabi/6.3.1/../../../../arm-atollic-eabi/lib/armv7-m\libc.a(lib_a-freer.o)
 .ARM.attributes
                0x000005fe       0x2d c:/program files (x86)/atollic/truestudio for stm32 9.3.0/armtools/bin/../lib/gcc/arm-atollic-eabi/6.3.1/../../../../arm-atollic-eabi/lib/armv7-m\libc.a(lib_a-lock.o)
 .ARM.attributes
                0x0000062b       0x2d c:/program files (x86)/atollic/truestudio for stm32 9.3.0/armtools/bin/../lib/gcc/arm-atollic-eabi/6.3.1/../../../../arm-atollic-eabi/lib/armv7-m\libc.a(lib_a-memmove.o)
 .ARM.attributes
                0x00000658       0x2d c:/program files (x86)/atollic/truestudio for stm32 9.3.0/armtools/bin/../lib/gcc/arm-atollic-eabi/6.3.1/../../../../arm-atollic-eabi/lib/armv7-m\libc.a(lib_a-reent.o)
 .ARM.attributes
                0x00000685       0x1d c:/program files (x86)/atollic/truestudio for stm32 9.3.0/armtools/bin/../lib/gcc/arm-atollic-eabi/6.3.1/armv7-m\libgcc.a(_arm_addsubdf3.o)
 .ARM.attributes
                0x000006a2       0x1d c:/program files (x86)/atollic/truestudio for stm32 9.3.0/armtools/bin/../lib/gcc/arm-atollic-eabi/6.3.1/armv7-m\libgcc.a(_arm_muldivdf3.o)
 .ARM.attributes
                0x000006bf       0x1d c:/program files (x86)/atollic/truestudio for stm32 9.3.0/armtools/bin/../lib/gcc/arm-atollic-eabi/6.3.1/armv7-m\libgcc.a(_arm_truncdfsf2.o)
 .ARM.attributes
                0x000006dc       0x1d c:/program files (x86)/atollic/truestudio for stm32 9.3.0/armtools/bin/../lib/gcc/arm-atollic-eabi/6.3.1/armv7-m\libgcc.a(_arm_cmpsf2.o)
 .ARM.attributes
                0x000006f9       0x2d c:/program files (x86)/atollic/truestudio for stm32 9.3.0/armtools/bin/../lib/gcc/arm-atollic-eabi/6.3.1/armv7-m\libgcc.a(unwind-arm.o)
 .ARM.attributes
                0x00000726       0x1d c:/program files (x86)/atollic/truestudio for stm32 9.3.0/armtools/bin/../lib/gcc/arm-atollic-eabi/6.3.1/armv7-m\libgcc.a(libunwind.o)
 .ARM.attributes
                0x00000743       0x2d c:/program files (x86)/atollic/truestudio for stm32 9.3.0/armtools/bin/../lib/gcc/arm-atollic-eabi/6.3.1/armv7-m\libgcc.a(pr-support.o)
 .ARM.attributes
                0x00000770       0x2d c:/program files (x86)/atollic/truestudio for stm32 9.3.0/armtools/bin/../lib/gcc/arm-atollic-eabi/6.3.1/../../../../arm-atollic-eabi/lib/armv7-m\libc.a(lib_a-abort.o)
 .ARM.attributes
                0x0000079d       0x2d c:/program files (x86)/atollic/truestudio for stm32 9.3.0/armtools/bin/../lib/gcc/arm-atollic-eabi/6.3.1/../../../../arm-atollic-eabi/lib/armv7-m\libc.a(lib_a-signal.o)
 .ARM.attributes
                0x000007ca       0x2d c:/program files (x86)/atollic/truestudio for stm32 9.3.0/armtools/bin/../lib/gcc/arm-atollic-eabi/6.3.1/../../../../arm-atollic-eabi/lib/armv7-m\libc.a(lib_a-signalr.o)
 .ARM.attributes
                0x000007f7       0x1d c:/program files (x86)/atollic/truestudio for stm32 9.3.0/armtools/bin/../lib/gcc/arm-atollic-eabi/6.3.1/armv7-m/crtn.o
OUTPUT(Middle_level_telega.elf elf32-littlearm)

.debug_info     0x00000000     0xd2eb
 .debug_info    0x00000000      0x7a9 Drivers\STM32F1xx_HAL_Driver\Src\stm32f1xx_hal.o
 .debug_info    0x000007a9      0xcab Drivers\STM32F1xx_HAL_Driver\Src\stm32f1xx_hal_cortex.o
 .debug_info    0x00001454      0x839 Drivers\STM32F1xx_HAL_Driver\Src\stm32f1xx_hal_dma.o
 .debug_info    0x00001c8d      0x690 Drivers\STM32F1xx_HAL_Driver\Src\stm32f1xx_hal_gpio.o
 .debug_info    0x0000231d      0x9e3 Drivers\STM32F1xx_HAL_Driver\Src\stm32f1xx_hal_rcc.o
 .debug_info    0x00002d00     0x169c Drivers\STM32F1xx_HAL_Driver\Src\stm32f1xx_hal_uart.o
 .debug_info    0x0000439c      0x213 Src\cobs.o
 .debug_info    0x000045af     0x64d4 Src\main.o
 .debug_info    0x0000aa83      0xc76 Src\stm32f1xx_hal_msp.o
 .debug_info    0x0000b6f9      0x76e Src\stm32f1xx_it.o
 .debug_info    0x0000be67      0xfd4 Src\syscalls.o
 .debug_info    0x0000ce3b      0x437 Src\system_stm32f1xx.o
 .debug_info    0x0000d272       0x79 startup\startup_stm32f103xb.o

.debug_abbrev   0x00000000     0x1f8a
 .debug_abbrev  0x00000000      0x1f9 Drivers\STM32F1xx_HAL_Driver\Src\stm32f1xx_hal.o
 .debug_abbrev  0x000001f9      0x2fe Drivers\STM32F1xx_HAL_Driver\Src\stm32f1xx_hal_cortex.o
 .debug_abbrev  0x000004f7      0x228 Drivers\STM32F1xx_HAL_Driver\Src\stm32f1xx_hal_dma.o
 .debug_abbrev  0x0000071f      0x1d9 Drivers\STM32F1xx_HAL_Driver\Src\stm32f1xx_hal_gpio.o
 .debug_abbrev  0x000008f8      0x252 Drivers\STM32F1xx_HAL_Driver\Src\stm32f1xx_hal_rcc.o
 .debug_abbrev  0x00000b4a      0x25a Drivers\STM32F1xx_HAL_Driver\Src\stm32f1xx_hal_uart.o
 .debug_abbrev  0x00000da4       0xc0 Src\cobs.o
 .debug_abbrev  0x00000e64      0x9e7 Src\main.o
 .debug_abbrev  0x0000184b      0x1c9 Src\stm32f1xx_hal_msp.o
 .debug_abbrev  0x00001a14      0x19a Src\stm32f1xx_it.o
 .debug_abbrev  0x00001bae      0x29b Src\syscalls.o
 .debug_abbrev  0x00001e49      0x12f Src\system_stm32f1xx.o
 .debug_abbrev  0x00001f78       0x12 startup\startup_stm32f103xb.o

.debug_loc      0x00000000     0x4f2a
 .debug_loc     0x00000000      0x104 Drivers\STM32F1xx_HAL_Driver\Src\stm32f1xx_hal.o
 .debug_loc     0x00000104      0x5f5 Drivers\STM32F1xx_HAL_Driver\Src\stm32f1xx_hal_cortex.o
 .debug_loc     0x000006f9      0x737 Drivers\STM32F1xx_HAL_Driver\Src\stm32f1xx_hal_dma.o
 .debug_loc     0x00000e30      0x37c Drivers\STM32F1xx_HAL_Driver\Src\stm32f1xx_hal_gpio.o
 .debug_loc     0x000011ac      0x47d Drivers\STM32F1xx_HAL_Driver\Src\stm32f1xx_hal_rcc.o
 .debug_loc     0x00001629     0x1543 Drivers\STM32F1xx_HAL_Driver\Src\stm32f1xx_hal_uart.o
 .debug_loc     0x00002b6c      0x322 Src\cobs.o
 .debug_loc     0x00002e8e     0x1b3e Src\main.o
 .debug_loc     0x000049cc       0xd2 Src\stm32f1xx_hal_msp.o
 .debug_loc     0x00004a9e      0x3ad Src\syscalls.o
 .debug_loc     0x00004e4b       0xdf Src\system_stm32f1xx.o

.debug_aranges  0x00000000      0x808
 .debug_aranges
                0x00000000       0xe0 Drivers\STM32F1xx_HAL_Driver\Src\stm32f1xx_hal.o
 .debug_aranges
                0x000000e0       0x90 Drivers\STM32F1xx_HAL_Driver\Src\stm32f1xx_hal_cortex.o
 .debug_aranges
                0x00000170       0x80 Drivers\STM32F1xx_HAL_Driver\Src\stm32f1xx_hal_dma.o
 .debug_aranges
                0x000001f0       0x58 Drivers\STM32F1xx_HAL_Driver\Src\stm32f1xx_hal_gpio.o
 .debug_aranges
                0x00000248       0x90 Drivers\STM32F1xx_HAL_Driver\Src\stm32f1xx_hal_rcc.o
 .debug_aranges
                0x000002d8      0x1d0 Drivers\STM32F1xx_HAL_Driver\Src\stm32f1xx_hal_uart.o
 .debug_aranges
                0x000004a8       0x30 Src\cobs.o
 .debug_aranges
                0x000004d8      0x178 Src\main.o
 .debug_aranges
                0x00000650       0x30 Src\stm32f1xx_hal_msp.o
 .debug_aranges
                0x00000680       0x88 Src\stm32f1xx_it.o
 .debug_aranges
                0x00000708       0xb0 Src\syscalls.o
 .debug_aranges
                0x000007b8       0x28 Src\system_stm32f1xx.o
 .debug_aranges
                0x000007e0       0x28 startup\startup_stm32f103xb.o

.debug_ranges   0x00000000      0x9d0