Time.h:24:17:virtual int std_msgs::Time::serialize(unsigned char*) const	0	static
Time.h:40:17:virtual int std_msgs::Time::deserialize(unsigned char*)	0	static
Time.h:56:18:virtual const char* std_msgs::Time::getType()	0	static
Time.h:57:18:virtual const char* std_msgs::Time::getMD5()	0	static
TopicInfo.h:77:17:virtual int rosserial_msgs::TopicInfo::deserialize(unsigned char*)	12	static
TopicInfo.h:124:18:virtual const char* rosserial_msgs::TopicInfo::getType()	0	static
TopicInfo.h:125:18:virtual const char* rosserial_msgs::TopicInfo::getMD5()	0	static
Log.h:44:17:virtual int rosserial_msgs::Log::deserialize(unsigned char*)	12	static
Log.h:61:18:virtual const char* rosserial_msgs::Log::getType()	0	static
Log.h:62:18:virtual const char* rosserial_msgs::Log::getMD5()	0	static
RequestParam.h:200:18:virtual const char* rosserial_msgs::RequestParamResponse::getType()	0	static
RequestParam.h:201:18:virtual const char* rosserial_msgs::RequestParamResponse::getMD5()	0	static
Header.h:56:17:virtual int std_msgs::Header::deserialize(unsigned char*)	12	static
Header.h:86:18:virtual const char* std_msgs::Header::getType()	0	static
Header.h:87:18:virtual const char* std_msgs::Header::getMD5()	0	static
Vector3.h:29:17:virtual int geometry_msgs::Vector3::serialize(unsigned char*) const	4	static
Vector3.h:77:17:virtual int geometry_msgs::Vector3::deserialize(unsigned char*)	24	static
Vector3.h:128:18:virtual const char* geometry_msgs::Vector3::getType()	0	static
Vector3.h:129:18:virtual const char* geometry_msgs::Vector3::getMD5()	0	static
Quaternion.h:32:17:virtual int geometry_msgs::Quaternion::serialize(unsigned char*) const	4	static
Quaternion.h:94:17:virtual int geometry_msgs::Quaternion::deserialize(unsigned char*)	24	static
Quaternion.h:160:18:virtual const char* geometry_msgs::Quaternion::getType()	0	static
Quaternion.h:161:18:virtual const char* geometry_msgs::Quaternion::getMD5()	0	static
Transform.h:44:18:virtual const char* geometry_msgs::Transform::getType()	0	static
Transform.h:45:18:virtual const char* geometry_msgs::Transform::getMD5()	0	static
TransformStamped.h:61:18:virtual const char* geometry_msgs::TransformStamped::getType()	0	static
TransformStamped.h:62:18:virtual const char* geometry_msgs::TransformStamped::getMD5()	0	static
tfMessage.h:26:17:virtual int tf::tfMessage::serialize(unsigned char*) const	24	static
tfMessage.h:58:18:virtual const char* tf::tfMessage::getType()	0	static
tfMessage.h:59:18:virtual const char* tf::tfMessage::getMD5()	0	static
Point.h:29:17:virtual int geometry_msgs::Point::serialize(unsigned char*) const	4	static
Point.h:77:17:virtual int geometry_msgs::Point::deserialize(unsigned char*)	24	static
Point.h:128:18:virtual const char* geometry_msgs::Point::getType()	0	static
Point.h:129:18:virtual const char* geometry_msgs::Point::getMD5()	0	static
Pose.h:44:18:virtual const char* geometry_msgs::Pose::getType()	0	static
Pose.h:45:18:virtual const char* geometry_msgs::Pose::getMD5()	0	static
PoseWithCovariance.h:73:18:virtual const char* geometry_msgs::PoseWithCovariance::getType()	0	static
PoseWithCovariance.h:74:18:virtual const char* geometry_msgs::PoseWithCovariance::getMD5()	0	static
Twist.h:43:18:virtual const char* geometry_msgs::Twist::getType()	0	static
Twist.h:44:18:virtual const char* geometry_msgs::Twist::getMD5()	0	static
TwistWithCovariance.h:73:18:virtual const char* geometry_msgs::TwistWithCovariance::getType()	0	static
TwistWithCovariance.h:74:18:virtual const char* geometry_msgs::TwistWithCovariance::getMD5()	0	static
Odometry.h:67:18:virtual const char* nav_msgs::Odometry::getType()	0	static
Odometry.h:68:18:virtual const char* nav_msgs::Odometry::getMD5()	0	static
node_handle.h:363:16:bool ros::NodeHandle_<Hardware, MAX_SUBSCRIBERS, MAX_PUBLISHERS, INPUT_SIZE, OUTPUT_SIZE>::connected() [with Hardware = STM32Hardware; int MAX_SUBSCRIBERS = 25; int MAX_PUBLISHERS = 25; int INPUT_SIZE = 2048; int OUTPUT_SIZE = 2048]	0	static
subscriber.h:128:15:int ros::Subscriber<MsgT, void>::getEndpointType() [with MsgT = geometry_msgs::Twist]	0	static
subscriber.h:120:24:const char* ros::Subscriber<MsgT, void>::getMsgType() [with MsgT = geometry_msgs::Twist]	0	static
subscriber.h:124:24:const char* ros::Subscriber<MsgT, void>::getMsgMD5() [with MsgT = geometry_msgs::Twist]	0	static
main.cpp:105:6:void cmd_vel_callback(const geometry_msgs::Twist&)	32	static
main.cpp:454:13:void MX_GPIO_Init()	48	static
main.cpp:433:13:void MX_DMA_Init()	16	static
main.cpp:336:13:void MX_USART1_UART_Init()	8	static
main.cpp:369:13:void MX_USART2_UART_Init()	8	static
main.cpp:402:13:void MX_USART3_UART_Init()	8	static
Header.h:30:17:virtual int std_msgs::Header::serialize(unsigned char*) const	16	static
TopicInfo.h:43:17:virtual int rosserial_msgs::TopicInfo::serialize(unsigned char*) const	24	static
Log.h:31:17:virtual int rosserial_msgs::Log::serialize(unsigned char*) const	16	static
RequestParam.h:78:17:virtual int rosserial_msgs::RequestParamResponse::serialize(unsigned char*) const	32	static
RequestParam.h:130:17:virtual int rosserial_msgs::RequestParamResponse::deserialize(unsigned char*)	24	static
node_handle.h:511:15:int ros::NodeHandle_<Hardware, MAX_SUBSCRIBERS, MAX_PUBLISHERS, INPUT_SIZE, OUTPUT_SIZE>::publish(int, const ros::Msg*) [with Hardware = STM32Hardware; int MAX_SUBSCRIBERS = 25; int MAX_PUBLISHERS = 25; int INPUT_SIZE = 2048; int OUTPUT_SIZE = 2048]	32	static
Twist.h:27:17:virtual int geometry_msgs::Twist::serialize(unsigned char*) const	8	static
tfMessage.h:40:17:virtual int tf::tfMessage::deserialize(unsigned char*)	432	static
Pose.h:28:17:virtual int geometry_msgs::Pose::serialize(unsigned char*) const	8	static
Transform.h:28:17:virtual int geometry_msgs::Transform::serialize(unsigned char*) const	8	static
TwistWithCovariance.h:26:17:virtual int geometry_msgs::TwistWithCovariance::serialize(unsigned char*) const	16	static
TransformStamped.h:31:17:virtual int geometry_msgs::TransformStamped::serialize(unsigned char*) const	24	static
Odometry.h:35:17:virtual int nav_msgs::Odometry::serialize(unsigned char*) const	24	static
PoseWithCovariance.h:26:17:virtual int geometry_msgs::PoseWithCovariance::serialize(unsigned char*) const	16	static
subscriber.h:114:16:void ros::Subscriber<MsgT, void>::callback(unsigned char*) [with MsgT = geometry_msgs::Twist]	40	static
Twist.h:35:17:virtual int geometry_msgs::Twist::deserialize(unsigned char*)	28	static
Transform.h:36:17:virtual int geometry_msgs::Transform::deserialize(unsigned char*)	28	static
Pose.h:36:17:virtual int geometry_msgs::Pose::deserialize(unsigned char*)	28	static
TwistWithCovariance.h:49:17:virtual int geometry_msgs::TwistWithCovariance::deserialize(unsigned char*)	96	static
TransformStamped.h:44:17:virtual int geometry_msgs::TransformStamped::deserialize(unsigned char*)	32	static
Odometry.h:49:17:virtual int nav_msgs::Odometry::deserialize(unsigned char*)	152	static
PoseWithCovariance.h:49:17:virtual int geometry_msgs::PoseWithCovariance::deserialize(unsigned char*)	96	static
node_handle.h:212:15:int ros::NodeHandle_<Hardware, MAX_SUBSCRIBERS, MAX_PUBLISHERS, INPUT_SIZE, OUTPUT_SIZE>::spinOnce() [with Hardware = STM32Hardware; int MAX_SUBSCRIBERS = 25; int MAX_PUBLISHERS = 25; int INPUT_SIZE = 2048; int OUTPUT_SIZE = 2048]	56	static
SerialClass.h:104:17:void HAL_UART_TxCpltCallback(UART_HandleTypeDef*)	0	static
SerialClass.h:117:17:void HAL_UART_RxCpltCallback(UART_HandleTypeDef*)	8	static
Odometry.h:27:5:nav_msgs::Odometry::Odometry()	8	static
main.cpp:298:6:void SystemClock_Config()	80	static
main.cpp:131:5:int main()	1000	static
main.cpp:484:6:void Error_Handler()	0	static
node_handle.h:392:8:ros::Time ros::NodeHandle_<Hardware, MAX_SUBSCRIBERS, MAX_PUBLISHERS, INPUT_SIZE, OUTPUT_SIZE>::now() [with Hardware = STM32Hardware; int MAX_SUBSCRIBERS = 25; int MAX_PUBLISHERS = 25; int INPUT_SIZE = 2048; int OUTPUT_SIZE = 2048]	16	static
main.cpp:490:1:void __static_initialization_and_destruction_0(int, int)	32	static
main.cpp:490:1:cpp)	8	static
